../drivers/fsl_clock.c:75:17:CLOCK_GetLircClkFreq	0	static
../drivers/fsl_clock.c:118:10:CLOCK_GetOsc0ErClkFreq	0	static
../drivers/fsl_clock.c:141:10:CLOCK_GetEr32kClkFreq	8	static
../drivers/fsl_clock.c:271:6:CLOCK_SetSimConfig	0	static
../drivers/fsl_clock.c:284:6:CLOCK_EnableUsbfs0Clock	12	static
../drivers/fsl_clock.c:318:10:CLOCK_GetInternalRefClkFreq	16	static
../drivers/fsl_clock.c:334:10:CLOCK_GetPeriphClkFreq	0	static
../drivers/fsl_clock.c:359:10:CLOCK_GetOutClkFreq	8	static
../drivers/fsl_clock.c:195:10:CLOCK_GetBusClkFreq	16	static
../drivers/fsl_clock.c:180:10:CLOCK_GetFlashClkFreq	8	static
../drivers/fsl_clock.c:210:10:CLOCK_GetCoreSysClkFreq	8	static
../drivers/fsl_clock.c:170:10:CLOCK_GetPlatClkFreq	8	static
../drivers/fsl_clock.c:225:10:CLOCK_GetFreq	16	static
../drivers/fsl_clock.c:391:16:CLOCK_GetMode	0	static
../drivers/fsl_clock.c:430:10:CLOCK_SetMcgliteConfig	16	static
../drivers/fsl_clock.c:479:6:CLOCK_InitOsc0	12	static
../drivers/fsl_clock.c:502:6:CLOCK_DeinitOsc0	0	static
