../startup/startup_mkl43z4.c:243:6:data_init	8	static
../startup/startup_mkl43z4.c:252:6:bss_init	0	static
../startup/startup_mkl43z4.c:277:6:ResetISR	8	static
../startup/startup_mkl43z4.c:361:14:NMI_Handler	0	static
../startup/startup_mkl43z4.c:365:14:HardFault_Handler	0	static
../startup/startup_mkl43z4.c:369:14:SVC_Handler	0	static
../startup/startup_mkl43z4.c:373:14:PendSV_Handler	0	static
../startup/startup_mkl43z4.c:377:14:SysTick_Handler	0	static
../startup/startup_mkl43z4.c:385:14:IntDefaultHandler	0	static
../startup/startup_mkl43z4.c:395:14:DMA0_IRQHandler	8	static
../startup/startup_mkl43z4.c:399:14:DMA1_IRQHandler	8	static
../startup/startup_mkl43z4.c:403:14:DMA2_IRQHandler	8	static
../startup/startup_mkl43z4.c:407:14:DMA3_IRQHandler	8	static
../startup/startup_mkl43z4.c:411:14:Reserved20_IRQHandler	8	static
../startup/startup_mkl43z4.c:415:14:FTFA_IRQHandler	8	static
../startup/startup_mkl43z4.c:419:14:PMC_IRQHandler	8	static
../startup/startup_mkl43z4.c:423:14:LLWU_IRQHandler	8	static
../startup/startup_mkl43z4.c:427:14:I2C0_IRQHandler	8	static
../startup/startup_mkl43z4.c:431:14:I2C1_IRQHandler	8	static
../startup/startup_mkl43z4.c:435:14:SPI0_IRQHandler	8	static
../startup/startup_mkl43z4.c:439:14:SPI1_IRQHandler	8	static
../startup/startup_mkl43z4.c:443:14:LPUART0_IRQHandler	8	static
../startup/startup_mkl43z4.c:447:14:LPUART1_IRQHandler	8	static
../startup/startup_mkl43z4.c:451:14:UART2_FLEXIO_IRQHandler	8	static
../startup/startup_mkl43z4.c:455:14:ADC0_IRQHandler	8	static
../startup/startup_mkl43z4.c:459:14:CMP0_IRQHandler	8	static
../startup/startup_mkl43z4.c:463:14:TPM0_IRQHandler	8	static
../startup/startup_mkl43z4.c:467:14:TPM1_IRQHandler	8	static
../startup/startup_mkl43z4.c:471:14:TPM2_IRQHandler	8	static
../startup/startup_mkl43z4.c:475:14:RTC_IRQHandler	8	static
../startup/startup_mkl43z4.c:479:14:RTC_Seconds_IRQHandler	8	static
../startup/startup_mkl43z4.c:483:14:PIT_IRQHandler	8	static
../startup/startup_mkl43z4.c:487:14:I2S0_IRQHandler	8	static
../startup/startup_mkl43z4.c:491:14:USB0_IRQHandler	8	static
../startup/startup_mkl43z4.c:495:14:DAC0_IRQHandler	8	static
../startup/startup_mkl43z4.c:499:14:Reserved42_IRQHandler	8	static
../startup/startup_mkl43z4.c:503:14:Reserved43_IRQHandler	8	static
../startup/startup_mkl43z4.c:507:14:LPTMR0_IRQHandler	8	static
../startup/startup_mkl43z4.c:511:14:LCD_IRQHandler	8	static
../startup/startup_mkl43z4.c:515:14:PORTA_IRQHandler	8	static
../startup/startup_mkl43z4.c:519:14:PORTC_PORTD_IRQHandler	8	static
