C:\Users\lraff\Documents\MCUXpressoIDE_11.5.1_7266\workspace\TP3_SD2_Raffagnini_Rodriguez\CMSIS/core_cm0plus.h:741:22:__NVIC_EnableIRQ	16	static
C:\Users\lraff\Documents\MCUXpressoIDE_11.5.1_7266\workspace\TP3_SD2_Raffagnini_Rodriguez\CMSIS/core_cm0plus.h:850:22:__NVIC_SetPriority	24	static
C:\Users\lraff\Documents\MCUXpressoIDE_11.5.1_7266\workspace\TP3_SD2_Raffagnini_Rodriguez\drivers/fsl_port.h:243:20:PORT_SetPinConfig	32	static
C:\Users\lraff\Documents\MCUXpressoIDE_11.5.1_7266\workspace\TP3_SD2_Raffagnini_Rodriguez\drivers/fsl_port.h:416:20:PORT_SetPinInterruptConfig	24	static
C:\Users\lraff\Documents\MCUXpressoIDE_11.5.1_7266\workspace\TP3_SD2_Raffagnini_Rodriguez\drivers/fsl_port.h:463:20:PORT_ClearPinsInterruptFlags	16	static
../source/mma8451.c:202:16:mma8451_read_reg	56	static
../source/mma8451.c:221:13:mma8451_read_multi_reg	56	static
../source/mma8451.c:240:13:mma8451_write_reg	48	static
../source/mma8451.c:265:13:config_port_int1	16	static
../source/mma8451.c:295:6:mma8451_init	40	static
../source/mma8451.c:363:6:mma8451_setDataRate	32	static
../source/mma8451.c:384:6:mma8451_enable_DR_IRQ	32	static
../source/mma8451.c:409:6:mma8451_disable_DR_IRQ	32	static
../source/mma8451.c:435:9:mma8451_getAcX	8	static
../source/mma8451.c:440:9:mma8451_getAcY	8	static
../source/mma8451.c:445:9:mma8451_getAcZ	8	static
../source/mma8451.c:450:6:mma8451_getIsFalling	16	static
../source/mma8451.c:458:6:PORTC_PORTD_IRQHandler	40	static
