C:\Users\lraff\git\TPs_SEA\TP2\TP2_SEA\CMSIS/core_cm0plus.h:741:22:__NVIC_EnableIRQ	16	static
C:\Users\lraff\git\TPs_SEA\TP2\TP2_SEA\CMSIS/core_cm0plus.h:779:22:__NVIC_DisableIRQ	16	static
C:\Users\lraff\git\TPs_SEA\TP2\TP2_SEA\drivers/fsl_lpuart.h:606:23:LPUART_ReadByte	16	static
C:\Users\lraff\git\TPs_SEA\TP2\TP2_SEA\drivers/fsl_port.h:243:20:PORT_SetPinConfig	32	static
C:\Users\lraff\git\TPs_SEA\TP2\TP2_SEA\drivers/fsl_port.h:346:20:PORT_SetPinMux	24	static
C:\Users\lraff\git\TPs_SEA\TP2\TP2_SEA\drivers/fsl_dmamux.h:75:20:DMAMUX_EnableChannel	16	static
C:\Users\lraff\git\TPs_SEA\TP2\TP2_SEA\drivers/fsl_dmamux.h:105:20:DMAMUX_SetSource	24	static
C:\Users\lraff\git\TPs_SEA\TP2\TP2_SEA\drivers/fsl_gpio.h:182:20:GPIO_PortSet	16	static
C:\Users\lraff\git\TPs_SEA\TP2\TP2_SEA\drivers/fsl_gpio.h:193:20:GPIO_PortClear	16	static
../source/rs485_drv.c:81:13:LPUART_UserCallback	24	static
../source/rs485_drv.c:89:13:rs485_RE	16	static
../source/rs485_drv.c:97:13:rs485_DE	16	static
../source/rs485_drv.c:107:6:rs485_drv_init	40	static
../source/rs485_drv.c:193:9:rs485_drv_available_bytes_to_read	8	static
../source/rs485_drv.c:204:9:rs485_drv_recDatos	32	static
../source/rs485_drv.c:231:9:rs485_drv_envDatos	24	static
../source/rs485_drv.c:264:6:LPUART1_IRQHandler	24	static
