C:\Users\lraff\Documents\MCUXpressoIDE_11.5.1_7266\workspace\TP3_SD2_Raffagnini_Rodriguez\drivers/fsl_clock.h:438:20:CLOCK_EnableClock	24	static
C:\Users\lraff\Documents\MCUXpressoIDE_11.5.1_7266\workspace\TP3_SD2_Raffagnini_Rodriguez\drivers/fsl_port.h:243:20:PORT_SetPinConfig	32	static
C:\Users\lraff\Documents\MCUXpressoIDE_11.5.1_7266\workspace\TP3_SD2_Raffagnini_Rodriguez\drivers/fsl_gpio.h:162:20:GPIO_PinWrite	32	static
C:\Users\lraff\Documents\MCUXpressoIDE_11.5.1_7266\workspace\TP3_SD2_Raffagnini_Rodriguez\drivers/fsl_gpio.h:182:20:GPIO_PortSet	16	static
C:\Users\lraff\Documents\MCUXpressoIDE_11.5.1_7266\workspace\TP3_SD2_Raffagnini_Rodriguez\drivers/fsl_gpio.h:193:20:GPIO_PortClear	16	static
C:\Users\lraff\Documents\MCUXpressoIDE_11.5.1_7266\workspace\TP3_SD2_Raffagnini_Rodriguez\drivers/fsl_gpio.h:204:20:GPIO_PortToggle	16	static
C:\Users\lraff\Documents\MCUXpressoIDE_11.5.1_7266\workspace\TP3_SD2_Raffagnini_Rodriguez\drivers/fsl_gpio.h:223:24:GPIO_PinRead	16	static
../source/SD2_board.c:85:6:board_init	40	static
../source/SD2_board.c:171:6:board_setLed	16	static
../source/SD2_board.c:192:6:board_setOledPin	16	static
../source/SD2_board.c:197:6:board_getSw	16	static
../source/SD2_board.c:202:6:board_configSPI1	40	static
../source/SD2_board.c:246:6:board_SPISend	32	static
