Archive member included to satisfy reference by file (symbol)

c:/nxp/mcuxpressoide_11.5.1_7266/ide/plugins/com.nxp.mcuxpresso.tools.win32_11.5.1.202201181444/tools/bin/../lib/gcc/arm-none-eabi/10.3.1/../../../../arm-none-eabi/lib/thumb/v6-m/nofp\libcr_nohost_nf.a(_cr__main.o)
                              ./startup/startup_mkl43z4.o (__main)
c:/nxp/mcuxpressoide_11.5.1_7266/ide/plugins/com.nxp.mcuxpresso.tools.win32_11.5.1.202201181444/tools/bin/../lib/gcc/arm-none-eabi/10.3.1/../../../../arm-none-eabi/lib/thumb/v6-m/nofp\libcr_nohost_nf.a(_cr_assert.o)
                              ./utilities/fsl_debug_console.o (__assertion_failed)
c:/nxp/mcuxpressoide_11.5.1_7266/ide/plugins/com.nxp.mcuxpresso.tools.win32_11.5.1.202201181444/tools/bin/../lib/gcc/arm-none-eabi/10.3.1/../../../../arm-none-eabi/lib/thumb/v6-m/nofp\libcr_nohost_nf.a(__ciob.o)
                              c:/nxp/mcuxpressoide_11.5.1_7266/ide/plugins/com.nxp.mcuxpresso.tools.win32_11.5.1.202201181444/tools/bin/../lib/gcc/arm-none-eabi/10.3.1/../../../../arm-none-eabi/lib/thumb/v6-m/nofp\libcr_nohost_nf.a(_cr_assert.o) (__Ciob)
c:/nxp/mcuxpressoide_11.5.1_7266/ide/plugins/com.nxp.mcuxpresso.tools.win32_11.5.1.202201181444/tools/bin/../lib/gcc/arm-none-eabi/10.3.1/../../../../arm-none-eabi/lib/thumb/v6-m/nofp\libcr_nohost_nf.a(__sys_appexit.o)
                              c:/nxp/mcuxpressoide_11.5.1_7266/ide/plugins/com.nxp.mcuxpresso.tools.win32_11.5.1.202201181444/tools/bin/../lib/gcc/arm-none-eabi/10.3.1/../../../../arm-none-eabi/lib/thumb/v6-m/nofp\libcr_nohost_nf.a(_cr_assert.o) (__sys_appexit)
c:/nxp/mcuxpressoide_11.5.1_7266/ide/plugins/com.nxp.mcuxpresso.tools.win32_11.5.1.202201181444/tools/bin/../lib/gcc/arm-none-eabi/10.3.1/../../../../arm-none-eabi/lib/thumb/v6-m/nofp\libcr_c.a(memcpy.o)
                              ./utilities/fsl_str.o (memcpy)
c:/nxp/mcuxpressoide_11.5.1_7266/ide/plugins/com.nxp.mcuxpresso.tools.win32_11.5.1.202201181444/tools/bin/../lib/gcc/arm-none-eabi/10.3.1/../../../../arm-none-eabi/lib/thumb/v6-m/nofp\libcr_c.a(memset.o)
                              ./utilities/fsl_debug_console.o (memset)
c:/nxp/mcuxpressoide_11.5.1_7266/ide/plugins/com.nxp.mcuxpresso.tools.win32_11.5.1.202201181444/tools/bin/../lib/gcc/arm-none-eabi/10.3.1/../../../../arm-none-eabi/lib/thumb/v6-m/nofp\libcr_c.a(_deferredlazyseek.o)
                              c:/nxp/mcuxpressoide_11.5.1_7266/ide/plugins/com.nxp.mcuxpresso.tools.win32_11.5.1.202201181444/tools/bin/../lib/gcc/arm-none-eabi/10.3.1/../../../../arm-none-eabi/lib/thumb/v6-m/nofp\libcr_nohost_nf.a(_cr_assert.o) (__flsbuf)
c:/nxp/mcuxpressoide_11.5.1_7266/ide/plugins/com.nxp.mcuxpresso.tools.win32_11.5.1.202201181444/tools/bin/../lib/gcc/arm-none-eabi/10.3.1/../../../../arm-none-eabi/lib/thumb/v6-m/nofp\libcr_c.a(_fflush.o)
                              c:/nxp/mcuxpressoide_11.5.1_7266/ide/plugins/com.nxp.mcuxpresso.tools.win32_11.5.1.202201181444/tools/bin/../lib/gcc/arm-none-eabi/10.3.1/../../../../arm-none-eabi/lib/thumb/v6-m/nofp\libcr_c.a(_deferredlazyseek.o) (_fflush)
c:/nxp/mcuxpressoide_11.5.1_7266/ide/plugins/com.nxp.mcuxpresso.tools.win32_11.5.1.202201181444/tools/bin/../lib/gcc/arm-none-eabi/10.3.1/../../../../arm-none-eabi/lib/thumb/v6-m/nofp\libcr_c.a(_writebuf.o)
                              c:/nxp/mcuxpressoide_11.5.1_7266/ide/plugins/com.nxp.mcuxpresso.tools.win32_11.5.1.202201181444/tools/bin/../lib/gcc/arm-none-eabi/10.3.1/../../../../arm-none-eabi/lib/thumb/v6-m/nofp\libcr_c.a(_deferredlazyseek.o) (_Cwritebuf)
c:/nxp/mcuxpressoide_11.5.1_7266/ide/plugins/com.nxp.mcuxpresso.tools.win32_11.5.1.202201181444/tools/bin/../lib/gcc/arm-none-eabi/10.3.1/../../../../arm-none-eabi/lib/thumb/v6-m/nofp\libcr_c.a(alloc.o)
                              ./source/ringBuffer.o (malloc)
c:/nxp/mcuxpressoide_11.5.1_7266/ide/plugins/com.nxp.mcuxpresso.tools.win32_11.5.1.202201181444/tools/bin/../lib/gcc/arm-none-eabi/10.3.1/../../../../arm-none-eabi/lib/thumb/v6-m/nofp\libcr_c.a(fputs.o)
                              c:/nxp/mcuxpressoide_11.5.1_7266/ide/plugins/com.nxp.mcuxpresso.tools.win32_11.5.1.202201181444/tools/bin/../lib/gcc/arm-none-eabi/10.3.1/../../../../arm-none-eabi/lib/thumb/v6-m/nofp\libcr_nohost_nf.a(_cr_assert.o) (fputs)
c:/nxp/mcuxpressoide_11.5.1_7266/ide/plugins/com.nxp.mcuxpresso.tools.win32_11.5.1.202201181444/tools/bin/../lib/gcc/arm-none-eabi/10.3.1/../../../../arm-none-eabi/lib/thumb/v6-m/nofp\libcr_c.a(fseek.o)
                              c:/nxp/mcuxpressoide_11.5.1_7266/ide/plugins/com.nxp.mcuxpresso.tools.win32_11.5.1.202201181444/tools/bin/../lib/gcc/arm-none-eabi/10.3.1/../../../../arm-none-eabi/lib/thumb/v6-m/nofp\libcr_c.a(_deferredlazyseek.o) (fseek)
c:/nxp/mcuxpressoide_11.5.1_7266/ide/plugins/com.nxp.mcuxpresso.tools.win32_11.5.1.202201181444/tools/bin/../lib/gcc/arm-none-eabi/10.3.1/../../../../arm-none-eabi/lib/thumb/v6-m/nofp\libcr_c.a(ftell.o)
[...]
Memory Configuration

Name             Origin             Length             Attributes
PROGRAM_FLASH    0x00000000         0x00040000         xr
SRAM             0x1fffe000         0x00008000         xrw
*default*        0x00000000         0xffffffff

Linker script and memory map

LOAD ./utilities/fsl_debug_console.o
LOAD ./utilities/fsl_str.o
LOAD ./startup/startup_mkl43z4.o
LOAD ./source/SD2_I2C.o
LOAD ./source/SD2_board.o
LOAD ./source/TP3.o
LOAD ./source/animacion3D.o
LOAD ./source/display_utils.o
LOAD ./source/font5x7.o
LOAD ./source/mma8451.o
LOAD ./source/mtb.o
LOAD ./source/oled.o
LOAD ./source/pato_lucas.o
LOAD ./source/request_manager.o
LOAD ./source/ringBuffer.o
LOAD ./source/rs485_drv.o
LOAD ./source/semihost_hardfault.o
LOAD ./source/uart0_drv.o
LOAD ./drivers/fsl_clock.o
LOAD ./drivers/fsl_common.o
LOAD ./drivers/fsl_dma.o
LOAD ./drivers/fsl_dmamux.o
LOAD ./drivers/fsl_gpio.o
LOAD ./drivers/fsl_i2c.o
LOAD ./drivers/fsl_lpuart.o
LOAD ./drivers/fsl_lpuart_dma.o
LOAD ./drivers/fsl_smc.o
LOAD ./drivers/fsl_spi.o
LOAD ./drivers/fsl_spi_dma.o
LOAD ./device/system_MKL43Z4.o
LOAD ./component/uart/lpuart_adapter.o
LOAD ./component/serial_manager/serial_manager.o
LOAD ./component/serial_manager/serial_port_uart.o
LOAD ./component/lists/generic_list.o
LOAD ./board/board.o
LOAD ./board/clock_config.o
LOAD ./board/peripherals.o
LOAD ./board/pin_mux.o
START GROUP
LOAD c:/nxp/mcuxpressoide_11.5.1_7266/ide/plugins/com.nxp.mcuxpresso.tools.win32_11.5.1.202201181444/tools/bin/../lib/gcc/arm-none-eabi/10.3.1/../../../../arm-none-eabi/lib/thumb/v6-m/nofp\libcr_nohost_nf.a
LOAD c:/nxp/mcuxpressoide_11.5.1_7266/ide/plugins/com.nxp.mcuxpresso.tools.win32_11.5.1.202201181444/tools/bin/../lib/gcc/arm-none-eabi/10.3.1/../../../../arm-none-eabi/lib/thumb/v6-m/nofp\libcr_c.a
LOAD c:/nxp/mcuxpressoide_11.5.1_7266/ide/plugins/com.nxp.mcuxpresso.tools.win32_11.5.1.202201181444/tools/bin/../lib/gcc/arm-none-eabi/10.3.1/thumb/v6-m/nofp\libcr_eabihelpers.a
LOAD c:/nxp/mcuxpressoide_11.5.1_7266/ide/plugins/com.nxp.mcuxpresso.tools.win32_11.5.1.202201181444/tools/bin/../lib/gcc/arm-none-eabi/10.3.1/thumb/v6-m/nofp\libgcc.a
END GROUP
                0x00000000                __base_PROGRAM_FLASH = 0x0
                0x00000000                __base_Flash = 0x0
                0x00040000                __top_PROGRAM_FLASH = 0x40000
                0x00040000                __top_Flash = 0x40000
                0x1fffe000                __base_SRAM = 0x1fffe000
                0x1fffe000                __base_RAM = 0x1fffe000
                0x20006000                __top_SRAM = 0x20006000
                0x20006000                __top_RAM = 0x20006000

.text           0x00000000     0x7c58
 FILL mask 0xff
                0x00000000                __vectors_start__ = ABSOLUTE (.)
 *(SORT_BY_ALIGNMENT(.isr_vector))
 .isr_vector    0x00000000       0xc0 ./startup/startup_mkl43z4.o
                0x00000000                g_pfnVectors
                0x00000000                __Vectors
                0x000000c0                . = ALIGN (0x4)
                0x000000c0                __section_table_start = .
                0x000000c0                __data_section_table = .
                0x000000c0        0x4 LONG 0x7c58 LOADADDR (.data)
                0x000000c4        0x4 LONG 0x1fffe080 ADDR (.data)
                0x000000c8        0x4 LONG 0x378 SIZEOF (.data)
                0x000000cc                __data_section_table_end = .
                0x000000cc                __bss_section_table = .
                0x000000cc        0x4 LONG 0x1fffe3f8 ADDR (.bss)
                0x000000d0        0x4 LONG 0x5d8 SIZEOF (.bss)
                0x000000d4                __bss_section_table_end = .
                0x000000d4                __section_table_end = .
 *(SORT_BY_ALIGNMENT(.after_vectors*))
 .after_vectors.reset
                0x000000d4       0x4c ./startup/startup_mkl43z4.o
                0x000000d4                ResetISR
 .after_vectors.init_data
                0x00000120       0x12 ./startup/startup_mkl43z4.o
                0x00000120                data_init
 .after_vectors.init_bss
                0x00000132       0x10 ./startup/startup_mkl43z4.o
                0x00000132                bss_init
 .after_vectors
                0x00000142      0x10c ./startup/startup_mkl43z4.o
                0x00000142                NMI_Handler
                0x00000146                SVC_Handler
                0x00000148                PendSV_Handler
                0x0000014c                LPTMR0_DriverIRQHandler
                0x0000014c                PORTC_PORTD_DriverIRQHandler
                0x0000014c                Reserved42_DriverIRQHandler
                0x0000014c                Reserved43_DriverIRQHandler
                0x0000014c                PIT_DriverIRQHandler
                0x0000014c                CMP0_DriverIRQHandler
                0x0000014c                I2S0_DriverIRQHandler
                0x0000014c                ADC0_DriverIRQHandler
                0x0000014c                TPM2_DriverIRQHandler
                0x0000014c                UART2_FLEXIO_DriverIRQHandler
                0x0000014c                PMC_DriverIRQHandler
                0x0000014c                LCD_DriverIRQHandler
                0x0000014c                RTC_Seconds_DriverIRQHandler
                0x0000014c                LLWU_DriverIRQHandler
                0x0000014c                RTC_DriverIRQHandler
                0x0000014c                TPM1_DriverIRQHandler
                0x0000014c                PORTA_DriverIRQHandler
                0x0000014c                FTFA_DriverIRQHandler
                0x0000014c                IntDefaultHandler
                0x0000014c                USB0_DriverIRQHandler
                0x0000014c                DAC0_DriverIRQHandler
                0x0000014c                TPM0_DriverIRQHandler
                0x0000014c                Reserved20_DriverIRQHandler
                0x0000014e                DMA0_IRQHandler
                0x00000156                DMA1_IRQHandler
                0x0000015e                DMA2_IRQHandler
                0x00000166                DMA3_IRQHandler
                0x0000016e                Reserved20_IRQHandler
                0x00000176                FTFA_IRQHandler
                0x0000017e                PMC_IRQHandler
                0x00000186                LLWU_IRQHandler
                0x0000018e                I2C0_IRQHandler
                0x00000196                I2C1_IRQHandler
                0x0000019e                SPI0_IRQHandler
                0x000001a6                SPI1_IRQHandler
                0x000001be                UART2_FLEXIO_IRQHandler
                0x000001c6                ADC0_IRQHandler
                0x000001ce                CMP0_IRQHandler
                0x000001d6                TPM0_IRQHandler
                0x000001de                TPM1_IRQHandler
                0x000001e6                TPM2_IRQHandler
                0x000001ee                RTC_IRQHandler
                0x000001f6                RTC_Seconds_IRQHandler
                0x000001fe                PIT_IRQHandler
                0x00000206                I2S0_IRQHandler
                0x0000020e                USB0_IRQHandler
                0x00000216                DAC0_IRQHandler
                0x0000021e                Reserved42_IRQHandler
                0x00000226                Reserved43_IRQHandler
                0x0000022e                LPTMR0_IRQHandler
                0x00000236                LCD_IRQHandler
                0x0000023e                PORTA_IRQHandler
                0x00000400                . = 0x400
 *fill*         0x0000024e      0x1b2 ff
                0x00000400                PROVIDE (__FLASH_CONFIG_START__ = .)
 *(SORT_BY_ALIGNMENT(.FlashConfig))
 .FlashConfig   0x00000400       0x10 ./startup/startup_mkl43z4.o
                0x00000400                Flash_Config
                0x00000410                PROVIDE (__FLASH_CONFIG_END__ = .)
                0x00000001                ASSERT (! ((__FLASH_CONFIG_START__ == __FLASH_CONFIG_END__)), Linker Flash Config Support Enabled, but no .FlashConfig section provided within application)
 *(SORT_BY_ALIGNMENT(.text*))
 .text.CLOCK_EnableClock
                0x00000410       0x34 ./source/SD2_I2C.o
 .text.PORT_SetPinConfig
                0x00000444       0x38 ./source/SD2_I2C.o
 .text.I2C_releaseBus
                0x0000047c      0x124 ./source/SD2_I2C.o
 .text.I2C_configPins
                0x000005a0       0x80 ./source/SD2_I2C.o
 .text.SD2_I2C_init
                0x00000620       0x44 ./source/SD2_I2C.o
                0x00000620                SD2_I2C_init
 .text.CLOCK_EnableClock
                0x00000664       0x34 ./source/SD2_board.o
 .text.PORT_SetPinConfig
                0x00000698       0x38 ./source/SD2_board.o
 .text.board_init
                0x000006d0      0x22c ./source/SD2_board.o
                0x000006d0                board_init
 .text.board_setLed
                0x000008fc       0xd8 ./source/SD2_board.o
                0x000008fc                board_setLed
 .text.board_setOledPin
                0x000009d4       0x50 ./source/SD2_board.o
                0x000009d4                board_setOledPin
 .text.board_getSw
                0x00000a24       0x50 ./source/SD2_board.o
                0x00000a24                board_getSw
 .text.board_configSPI1
                0x00000a74       0x90 ./source/SD2_board.o
                0x00000a74                board_configSPI1
 .text.board_SPISend
                0x00000b04       0x38 ./source/SD2_board.o
                0x00000b04                board_SPISend
 .text.__NVIC_SetPriority
                0x00000b3c       0xdc ./source/TP3.o
 .text.SysTick_Config
                0x00000c18       0x48 ./source/TP3.o
 .text.main     0x00000c60       0x5c ./source/TP3.o
                0x00000c60                main
 .text.animacion3D_init
                0x00000cbc       0x28 ./source/animacion3D.o
                0x00000cbc                animacion3D_init
 .text.animacion3D_periodicTask1ms
                0x00000ce4       0x74 ./source/animacion3D.o
                0x00000ce4                animacion3D_periodicTask1ms
 .text.displayUtils_print_accel
                0x00000d58       0xfc ./source/display_utils.o
                0x00000d58                displayUtils_print_accel
 .text.displayUtils_show_base_image
                0x00000e54       0x20 ./source/display_utils.o
                0x00000e54                displayUtils_show_base_image
 .text.displayUtils_periodicTask1ms
                0x00000e74       0x64 ./source/display_utils.o
                0x00000e74                displayUtils_periodicTask1ms
 .text.__NVIC_EnableIRQ
                0x00000ed8       0x34 ./source/mma8451.o
 .text.__NVIC_SetPriority
                0x00000f0c       0xdc ./source/mma8451.o
 .text.PORT_SetPinConfig
                0x00000fe8       0x38 ./source/mma8451.o
 .text.PORT_SetPinInterruptConfig
                0x00001020       0x40 ./source/mma8451.o
 .text.mma8451_read_reg
                0x00001060       0x68 ./source/mma8451.o
 .text.mma8451_read_multi_reg
                0x000010c8       0x68 ./source/mma8451.o
 .text.mma8451_write_reg
                0x00001130       0x68 ./source/mma8451.o
 .text.config_port_int1
                0x00001198       0x74 ./source/mma8451.o
 .text.mma8451_init
                0x0000120c      0x1bc ./source/mma8451.o
                0x0000120c                mma8451_init
 .text.mma8451_getAcX
                0x000013c8       0x2c ./source/mma8451.o
                0x000013c8                mma8451_getAcX
 .text.mma8451_getAcY
                0x000013f4       0x2c ./source/mma8451.o
                0x000013f4                mma8451_getAcY
 .text.mma8451_getAcZ
                0x00001420       0x2c ./source/mma8451.o
                0x00001420                mma8451_getAcZ
 .text.PORTC_PORTD_IRQHandler
                0x0000144c      0x130 ./source/mma8451.o
                0x0000144c                PORTC_PORTD_IRQHandler
 .text.oled_init
                0x0000157c       0x50 ./source/oled.o
                0x0000157c                oled_init
 .text.oled_putPixel
                0x000015cc      0x1bc ./source/oled.o
                0x000015cc                oled_putPixel
 .text.oled_clearScreen
                0x00001788       0x84 ./source/oled.o
                0x00001788                oled_clearScreen
 .text.oled_putChar
                0x0000180c      0x148 ./source/oled.o
                0x0000180c                oled_putChar
 .text.requestManager_process_acceleration_request
                0x00001954       0x54 ./source/request_manager.o
                0x00001954                requestManager_process_acceleration_request
 .text.requestManager_detect_request
                0x000019a8       0x90 ./source/request_manager.o
                0x000019a8                requestManager_detect_request
 .text.__NVIC_EnableIRQ
                0x00001a38       0x34 ./source/rs485_drv.o
 .text.__NVIC_DisableIRQ
                0x00001a6c       0x44 ./source/rs485_drv.o
 .text.PORT_SetPinConfig
                0x00001ab0       0x38 ./source/rs485_drv.o
 .text.PORT_SetPinMux
                0x00001ae8       0x40 ./source/rs485_drv.o
 .text.DMAMUX_EnableChannel
                0x00001b28       0x40 ./source/rs485_drv.o
 .text.DMAMUX_SetSource
                0x00001b68       0x50 ./source/rs485_drv.o
 .text.LPUART_UserCallback
                0x00001bb8       0x2c ./source/rs485_drv.o
 .text.rs485_RE
                0x00001be4       0x44 ./source/rs485_drv.o
 .text.rs485_DE
                0x00001c28       0x44 ./source/rs485_drv.o
 .text.rs485_drv_init
                0x00001c6c      0x1a4 ./source/rs485_drv.o
                0x00001c6c                rs485_drv_init
 .text.rs485_drv_available_bytes_to_read
                0x00001e10       0x1c ./source/rs485_drv.o
                0x00001e10                rs485_drv_available_bytes_to_read
 .text.rs485_drv_recDatos
                0x00001e2c       0x68 ./source/rs485_drv.o
                0x00001e2c                rs485_drv_recDatos
 .text.rs485_drv_envDatos
                0x00001e94       0x84 ./source/rs485_drv.o
                0x00001e94                rs485_drv_envDatos
 .text.LPUART1_IRQHandler
                0x00001f18       0xc4 ./source/rs485_drv.o
                0x00001f18                LPUART1_IRQHandler
 .text.HardFault_Handler
                0x00001fdc       0x30 ./source/semihost_hardfault.o
                0x00001fdc                HardFault_Handler
 .text.__NVIC_EnableIRQ
                0x0000200c       0x34 ./source/uart0_drv.o
 .text.CLOCK_SetLpuart0Clock
                0x00002040       0x38 ./source/uart0_drv.o
 .text.PORT_SetPinMux
                0x00002078       0x40 ./source/uart0_drv.o
 .text.DMAMUX_EnableChannel
                0x000020b8       0x40 ./source/uart0_drv.o
 .text.DMAMUX_SetSource
                0x000020f8       0x50 ./source/uart0_drv.o
 .text.LPUART_UserCallback
                0x00002148       0x2c ./source/uart0_drv.o
 .text.uart0_drv_init
                0x00002174       0xfc ./source/uart0_drv.o
                0x00002174                uart0_drv_init
 .text.uart0_drv_envDatos
                0x00002270       0x78 ./source/uart0_drv.o
                0x00002270                uart0_drv_envDatos
 .text.LPUART0_IRQHandler
                0x000022e8       0x98 ./source/uart0_drv.o
                0x000022e8                LPUART0_IRQHandler
 .text.CLOCK_EnableClock
                0x00002380       0x34 ./drivers/fsl_clock.o
 .text.CLOCK_DisableClock
                0x000023b4       0x38 ./drivers/fsl_clock.o
 .text.CLOCK_SetEr32kClock
                0x000023ec       0x34 ./drivers/fsl_clock.o
 .text.CLOCK_GetLircClkFreq
                0x00002420       0x50 ./drivers/fsl_clock.o
 .text.CLOCK_GetOscRangeFromFreq
                0x00002470       0x4c ./drivers/fsl_clock.o
 .text.CLOCK_GetOsc0ErClkFreq
                0x000024bc       0x44 ./drivers/fsl_clock.o
                0x000024bc                CLOCK_GetOsc0ErClkFreq
 .text.CLOCK_GetEr32kClkFreq
                0x00002500       0x78 ./drivers/fsl_clock.o
                0x00002500                CLOCK_GetEr32kClkFreq
 .text.CLOCK_GetFreq
                0x00002578       0xc0 ./drivers/fsl_clock.o
                0x00002578                CLOCK_GetFreq
 .text.CLOCK_SetSimConfig
                0x00002638       0x2c ./drivers/fsl_clock.o
                0x00002638                CLOCK_SetSimConfig
 .text.CLOCK_EnableUsbfs0Clock
                0x00002664       0x9c ./drivers/fsl_clock.o
                0x00002664                CLOCK_EnableUsbfs0Clock
 .text.CLOCK_GetInternalRefClkFreq
                0x00002700       0x48 ./drivers/fsl_clock.o
                0x00002700                CLOCK_GetInternalRefClkFreq
 .text.CLOCK_GetPeriphClkFreq
                0x00002748       0x3c ./drivers/fsl_clock.o
                0x00002748                CLOCK_GetPeriphClkFreq
 .text.CLOCK_GetOutClkFreq
                0x00002784       0x7c ./drivers/fsl_clock.o
                0x00002784                CLOCK_GetOutClkFreq
 .text.CLOCK_SetMcgliteConfig
                0x00002800      0x110 ./drivers/fsl_clock.o
                0x00002800                CLOCK_SetMcgliteConfig
 .text.CLOCK_InitOsc0
                0x00002910       0x94 ./drivers/fsl_clock.o
                0x00002910                CLOCK_InitOsc0
 .text.__NVIC_EnableIRQ
                0x000029a4       0x34 ./drivers/fsl_dma.o
 .text.CLOCK_EnableClock
                0x000029d8       0x34 ./drivers/fsl_dma.o
 .text.DMA_EnableInterrupts
                0x00002a0c       0x4c ./drivers/fsl_dma.o
 .text.DMA_ClearChannelStatusFlags
                0x00002a58       0x54 ./drivers/fsl_dma.o
 .text.DMA_GetInstance
                0x00002aac       0x48 ./drivers/fsl_dma.o
 .text.DMA_Init
                0x00002af4       0x24 ./drivers/fsl_dma.o
                0x00002af4                DMA_Init
 .text.DMA_ResetChannel
                0x00002b18       0x90 ./drivers/fsl_dma.o
                0x00002b18                DMA_ResetChannel
 .text.DMA_SetTransferConfig
                0x00002ba8       0xdc ./drivers/fsl_dma.o
                0x00002ba8                DMA_SetTransferConfig
 .text.DMA_CreateHandle
                0x00002c84       0x90 ./drivers/fsl_dma.o
                0x00002c84                DMA_CreateHandle
 .text.DMA_PrepareTransfer
                0x00002d14      0x128 ./drivers/fsl_dma.o
                0x00002d14                DMA_PrepareTransfer
 .text.DMA_SetCallback
                0x00002e3c       0x34 ./drivers/fsl_dma.o
                0x00002e3c                DMA_SetCallback
 .text.DMA_SubmitTransfer
                0x00002e70       0x9c ./drivers/fsl_dma.o
                0x00002e70                DMA_SubmitTransfer
 .text.DMA_HandleIRQ
                0x00002f0c       0x4c ./drivers/fsl_dma.o
                0x00002f0c                DMA_HandleIRQ
 .text.DMA0_DriverIRQHandler
                0x00002f58       0x18 ./drivers/fsl_dma.o
                0x00002f58                DMA0_DriverIRQHandler
 .text.DMA1_DriverIRQHandler
                0x00002f70       0x18 ./drivers/fsl_dma.o
                0x00002f70                DMA1_DriverIRQHandler
 .text.DMA2_DriverIRQHandler
                0x00002f88       0x18 ./drivers/fsl_dma.o
                0x00002f88                DMA2_DriverIRQHandler
 .text.DMA3_DriverIRQHandler
                0x00002fa0       0x18 ./drivers/fsl_dma.o
                0x00002fa0                DMA3_DriverIRQHandler
 .text.CLOCK_EnableClock
                0x00002fb8       0x34 ./drivers/fsl_dmamux.o
 .text.DMAMUX_GetInstance
                0x00002fec       0x48 ./drivers/fsl_dmamux.o
 .text.DMAMUX_Init
                0x00003034       0x24 ./drivers/fsl_dmamux.o
                0x00003034                DMAMUX_Init
 .text.GPIO_PinInit
                0x00003058       0x68 ./drivers/fsl_gpio.o
                0x00003058                GPIO_PinInit
 .text.CLOCK_EnableClock
                0x000030c0       0x34 ./drivers/fsl_i2c.o
 .text.I2C_GetInstance
                0x000030f4       0x4c ./drivers/fsl_i2c.o
                0x000030f4                I2C_GetInstance
 .text.I2C_CheckAndClearError
                0x00003140       0x40 ./drivers/fsl_i2c.o
 .text.I2C_TransferCommonIRQHandler
                0x00003180       0x64 ./drivers/fsl_i2c.o
 .text.I2C_MasterInit
                0x000031e4      0x108 ./drivers/fsl_i2c.o
                0x000031e4                I2C_MasterInit
 .text.I2C_MasterGetDefaultConfig
                0x000032ec       0x4c ./drivers/fsl_i2c.o
                0x000032ec                I2C_MasterGetDefaultConfig
 .text.I2C_MasterSetBaudRate
                0x00003338       0xf8 ./drivers/fsl_i2c.o
                0x00003338                I2C_MasterSetBaudRate
 .text.I2C_MasterStart
                0x00003430       0x84 ./drivers/fsl_i2c.o
                0x00003430                I2C_MasterStart
 .text.I2C_MasterRepeatedStart
                0x000034b4       0xcc ./drivers/fsl_i2c.o
                0x000034b4                I2C_MasterRepeatedStart
 .text.I2C_MasterWriteBlocking
                0x00003580       0xec ./drivers/fsl_i2c.o
                0x00003580                I2C_MasterWriteBlocking
 .text.I2C_MasterTransferBlocking
                0x0000366c      0x27c ./drivers/fsl_i2c.o
                0x0000366c                I2C_MasterTransferBlocking
 .text.I2C0_DriverIRQHandler
                0x000038e8       0x20 ./drivers/fsl_i2c.o
                0x000038e8                I2C0_DriverIRQHandler
 .text.I2C1_DriverIRQHandler
                0x00003908       0x20 ./drivers/fsl_i2c.o
                0x00003908                I2C1_DriverIRQHandler
 .text.CLOCK_EnableClock
                0x00003928       0x34 ./drivers/fsl_lpuart.o
 .text.LPUART_GetInstance
                0x0000395c       0x4c ./drivers/fsl_lpuart.o
                0x0000395c                LPUART_GetInstance
 .text.LPUART_Init
                0x000039a8      0x2bc ./drivers/fsl_lpuart.o
                0x000039a8                LPUART_Init
 .text.LPUART_GetDefaultConfig
                0x00003c64       0x68 ./drivers/fsl_lpuart.o
                0x00003c64                LPUART_GetDefaultConfig
 .text.LPUART_GetEnabledInterrupts
                0x00003ccc       0x30 ./drivers/fsl_lpuart.o
                0x00003ccc                LPUART_GetEnabledInterrupts
 .text.LPUART_ClearStatusFlags
                0x00003cfc       0x88 ./drivers/fsl_lpuart.o
                0x00003cfc                LPUART_ClearStatusFlags
 .text.LPUART0_DriverIRQHandler
                0x00003d84       0x24 ./drivers/fsl_lpuart.o
                0x00003d84                LPUART0_DriverIRQHandler
 .text.LPUART1_DriverIRQHandler
                0x00003da8       0x24 ./drivers/fsl_lpuart.o
                0x00003da8                LPUART1_DriverIRQHandler
 .text.LPUART_EnableTxDMA
                0x00003dcc       0x40 ./drivers/fsl_lpuart_dma.o
 .text.LPUART_EnableRxDMA
                0x00003e0c       0x40 ./drivers/fsl_lpuart_dma.o
 .text.DMA_DisableInterrupts
                0x00003e4c       0x48 ./drivers/fsl_lpuart_dma.o
 .text.DMA_StartTransfer
                0x00003e94       0x54 ./drivers/fsl_lpuart_dma.o
 .text.LPUART_TransferSendDMACallback
                0x00003ee8       0x9c ./drivers/fsl_lpuart_dma.o
 .text.LPUART_TransferReceiveDMACallback
                0x00003f84       0x8c ./drivers/fsl_lpuart_dma.o
 .text.LPUART_TransferCreateHandleDMA
                0x00004010       0xb8 ./drivers/fsl_lpuart_dma.o
                0x00004010                LPUART_TransferCreateHandleDMA
 .text.LPUART_TransferSendDMA
                0x000040c8       0xec ./drivers/fsl_lpuart_dma.o
                0x000040c8                LPUART_TransferSendDMA
 .text.CLOCK_EnableClock
                0x000041b4       0x34 ./drivers/fsl_spi.o
 .text.SPI_GetInstance
                0x000041e8       0x4c ./drivers/fsl_spi.o
                0x000041e8                SPI_GetInstance
 .text.SPI_SetDummyData
                0x00004234       0x34 ./drivers/fsl_spi.o
                0x00004234                SPI_SetDummyData
 .text.SPI_WriteNonBlocking
                0x00004268       0xa8 ./drivers/fsl_spi.o
 .text.SPI_MasterGetDefaultConfig
                0x00004310       0x64 ./drivers/fsl_spi.o
                0x00004310                SPI_MasterGetDefaultConfig
 .text.SPI_MasterInit
                0x00004374      0x164 ./drivers/fsl_spi.o
                0x00004374                SPI_MasterInit
 .text.SPI_MasterTransferBlocking
                0x000044d8      0x100 ./drivers/fsl_spi.o
                0x000044d8                SPI_MasterTransferBlocking
 .text.SPI_CommonIRQHandler
                0x000045d8       0x54 ./drivers/fsl_spi.o
 .text.SPI0_DriverIRQHandler
                0x0000462c       0x30 ./drivers/fsl_spi.o
                0x0000462c                SPI0_DriverIRQHandler
 .text.SPI1_DriverIRQHandler
                0x0000465c       0x30 ./drivers/fsl_spi.o
                0x0000465c                SPI1_DriverIRQHandler
 .text.SystemInit
                0x0000468c       0x40 ./device/system_MKL43Z4.o
                0x0000468c                SystemInit
 .text.CLOCK_SetLpuart0Clock
                0x000046cc       0x38 ./board/clock_config.o
 .text.CLOCK_SetLpuart1Clock
                0x00004704       0x38 ./board/clock_config.o
 .text.CLOCK_SetTpmClock
                0x0000473c       0x38 ./board/clock_config.o
 .text.CLOCK_SetFlexio0Clock
                0x00004774       0x38 ./board/clock_config.o
 .text.CLOCK_SetClkOutClock
                0x000047ac       0x34 ./board/clock_config.o
 .text.CLOCK_SetRtcClkOutClock
                0x000047e0       0x34 ./board/clock_config.o
 .text.CLOCK_SetSimSafeDivs
                0x00004814       0x20 ./board/clock_config.o
 .text.CLOCK_SetXtal0Freq
                0x00004834       0x1c ./board/clock_config.o
 .text.BOARD_BootClockRUN
                0x00004850       0x7c ./board/clock_config.o
                0x00004850                BOARD_BootClockRUN
 .text.__assertion_failed
                0x000048cc       0x4c c:/nxp/mcuxpressoide_11.5.1_7266/ide/plugins/com.nxp.mcuxpresso.tools.win32_11.5.1.202201181444/tools/bin/../lib/gcc/arm-none-eabi/10.3.1/../../../../arm-none-eabi/lib/thumb/v6-m/nofp\libcr_nohost_nf.a(_cr_assert.o)
                0x000048cc                __assertion_failed
 .text._deferredlazyseek
                0x00004918       0x40 c:/nxp/mcuxpressoide_11.5.1_7266/ide/plugins/com.nxp.mcuxpresso.tools.win32_11.5.1.202201181444/tools/bin/../lib/gcc/arm-none-eabi/10.3.1/../../../../arm-none-eabi/lib/thumb/v6-m/nofp\libcr_c.a(_deferredlazyseek.o)
                0x00004918                _deferredlazyseek
 .text.__flsbuf
                0x00004958      0x150 c:/nxp/mcuxpressoide_11.5.1_7266/ide/plugins/com.nxp.mcuxpresso.tools.win32_11.5.1.202201181444/tools/bin/../lib/gcc/arm-none-eabi/10.3.1/../../../../arm-none-eabi/lib/thumb/v6-m/nofp\libcr_c.a(_deferredlazyseek.o)
                0x00004958                __flsbuf
 .text._fflush  0x00004aa8       0x60 c:/nxp/mcuxpressoide_11.5.1_7266/ide/plugins/com.nxp.mcuxpresso.tools.win32_11.5.1.202201181444/tools/bin/../lib/gcc/arm-none-eabi/10.3.1/../../../../arm-none-eabi/lib/thumb/v6-m/nofp\libcr_c.a(_fflush.o)
                0x00004aa8                _fflush
 .text._Cwritebuf
                0x00004b08       0x68 c:/nxp/mcuxpressoide_11.5.1_7266/ide/plugins/com.nxp.mcuxpresso.tools.win32_11.5.1.202201181444/tools/bin/../lib/gcc/arm-none-eabi/10.3.1/../../../../arm-none-eabi/lib/thumb/v6-m/nofp\libcr_c.a(_writebuf.o)
                0x00004b08                _Cwritebuf
 .text.malloc   0x00004b70       0xcc c:/nxp/mcuxpressoide_11.5.1_7266/ide/plugins/com.nxp.mcuxpresso.tools.win32_11.5.1.202201181444/tools/bin/../lib/gcc/arm-none-eabi/10.3.1/../../../../arm-none-eabi/lib/thumb/v6-m/nofp\libcr_c.a(alloc.o)
                0x00004b70                malloc
 .text._Csys_alloc
                0x00004c3c       0x20 c:/nxp/mcuxpressoide_11.5.1_7266/ide/plugins/com.nxp.mcuxpresso.tools.win32_11.5.1.202201181444/tools/bin/../lib/gcc/arm-none-eabi/10.3.1/../../../../arm-none-eabi/lib/thumb/v6-m/nofp\libcr_c.a(alloc.o)
                0x00004c3c                _Csys_alloc
 .text.fseek    0x00004c5c       0xf0 c:/nxp/mcuxpressoide_11.5.1_7266/ide/plugins/com.nxp.mcuxpresso.tools.win32_11.5.1.202201181444/tools/bin/../lib/gcc/arm-none-eabi/10.3.1/../../../../arm-none-eabi/lib/thumb/v6-m/nofp\libcr_c.a(fseek.o)
                0x00004c5c                fseek
 .text.ftell    0x00004d4c       0x48 c:/nxp/mcuxpressoide_11.5.1_7266/ide/plugins/com.nxp.mcuxpresso.tools.win32_11.5.1.202201181444/tools/bin/../lib/gcc/arm-none-eabi/10.3.1/../../../../arm-none-eabi/lib/thumb/v6-m/nofp\libcr_c.a(ftell.o)
                0x00004d4c                ftell
 .text._initio  0x00004d94       0x7c c:/nxp/mcuxpressoide_11.5.1_7266/ide/plugins/com.nxp.mcuxpresso.tools.win32_11.5.1.202201181444/tools/bin/../lib/gcc/arm-none-eabi/10.3.1/../../../../arm-none-eabi/lib/thumb/v6-m/nofp\libcr_c.a(initio.o)
                0x00004d94                _initio
 .text.__vfprintf
                0x00004e10      0xd40 c:/nxp/mcuxpressoide_11.5.1_7266/ide/plugins/com.nxp.mcuxpresso.tools.win32_11.5.1.202201181444/tools/bin/../lib/gcc/arm-none-eabi/10.3.1/../../../../arm-none-eabi/lib/thumb/v6-m/nofp\libcr_c.a(printf.o)
                0x00004e10                __vfprintf
 .text._sprintf
                0x00005b50       0x6c c:/nxp/mcuxpressoide_11.5.1_7266/ide/plugins/com.nxp.mcuxpresso.tools.win32_11.5.1.202201181444/tools/bin/../lib/gcc/arm-none-eabi/10.3.1/../../../../arm-none-eabi/lib/thumb/v6-m/nofp\libcr_c.a(printf.o)
                0x00005b50                _sprintf
 .text.setvbuf  0x00005bbc       0x4c c:/nxp/mcuxpressoide_11.5.1_7266/ide/plugins/com.nxp.mcuxpresso.tools.win32_11.5.1.202201181444/tools/bin/../lib/gcc/arm-none-eabi/10.3.1/../../../../arm-none-eabi/lib/thumb/v6-m/nofp\libcr_c.a(setvbuf.o)
                0x00005bbc                setvbuf
 .text.strlen   0x00005c08       0x58 c:/nxp/mcuxpressoide_11.5.1_7266/ide/plugins/com.nxp.mcuxpresso.tools.win32_11.5.1.202201181444/tools/bin/../lib/gcc/arm-none-eabi/10.3.1/../../../../arm-none-eabi/lib/thumb/v6-m/nofp\libcr_c.a(strlen.o)
                0x00005c08                strlen
 .text._sbrk    0x00005c60       0x44 c:/nxp/mcuxpressoide_11.5.1_7266/ide/plugins/com.nxp.mcuxpresso.tools.win32_11.5.1.202201181444/tools/bin/../lib/gcc/arm-none-eabi/10.3.1/../../../../arm-none-eabi/lib/thumb/v6-m/nofp\libcr_c.a(_cr_sbrk.o)
                0x00005c60                _sbrk
 .text._fdopen  0x00005ca4       0x74 c:/nxp/mcuxpressoide_11.5.1_7266/ide/plugins/com.nxp.mcuxpresso.tools.win32_11.5.1.202201181444/tools/bin/../lib/gcc/arm-none-eabi/10.3.1/../../../../arm-none-eabi/lib/thumb/v6-m/nofp\libcr_c.a(_fdopen.o)
                0x00005ca4                _fdopen
 .text.fclose   0x00005d18       0x5c c:/nxp/mcuxpressoide_11.5.1_7266/ide/plugins/com.nxp.mcuxpresso.tools.win32_11.5.1.202201181444/tools/bin/../lib/gcc/arm-none-eabi/10.3.1/../../../../arm-none-eabi/lib/thumb/v6-m/nofp\libcr_c.a(fclose.o)
                0x00005d18                fclose
 .text.fflush   0x00005d74       0x44 c:/nxp/mcuxpressoide_11.5.1_7266/ide/plugins/com.nxp.mcuxpresso.tools.win32_11.5.1.202201181444/tools/bin/../lib/gcc/arm-none-eabi/10.3.1/../../../../arm-none-eabi/lib/thumb/v6-m/nofp\libcr_c.a(fflush.o)
                0x00005d74                fflush
 .text.__check_heap_overflow
                0x00005db8       0x18 c:/nxp/mcuxpressoide_11.5.1_7266/ide/plugins/com.nxp.mcuxpresso.tools.win32_11.5.1.202201181444/tools/bin/../lib/gcc/arm-none-eabi/10.3.1/../../../../arm-none-eabi/lib/thumb/v6-m/nofp\libcr_c.a(_cr_check_heap.o)
                0x00005db8                __check_heap_overflow
 .text._do_fflush
                0x00005dd0       0x48 c:/nxp/mcuxpressoide_11.5.1_7266/ide/plugins/com.nxp.mcuxpresso.tools.win32_11.5.1.202201181444/tools/bin/../lib/gcc/arm-none-eabi/10.3.1/../../../../arm-none-eabi/lib/thumb/v6-m/nofp\libcr_c.a(_do_fflush.o)
                0x00005dd0                _do_fflush
 .text.GPIO_PinWrite
                0x00005e18       0x38 ./source/SD2_I2C.o
 .text.i2c_release_bus_delay
                0x00005e50       0x28 ./source/SD2_I2C.o
 .text.GPIO_PinWrite
                0x00005e78       0x38 ./source/SD2_board.o
 .text.GPIO_PortSet
                0x00005eb0       0x18 ./source/SD2_board.o
 .text.GPIO_PortClear
                0x00005ec8       0x18 ./source/SD2_board.o
 .text.GPIO_PortToggle
                0x00005ee0       0x18 ./source/SD2_board.o
 .text.GPIO_PinRead
                0x00005ef8       0x20 ./source/SD2_board.o
 .text.SysTick_Handler
                0x00005f18       0x12 ./source/TP3.o
                0x00005f18                SysTick_Handler
 .text.displayUtils_print_image
                0x00005f2a      0x118 ./source/display_utils.o
                0x00005f2a                displayUtils_print_image
 .text.PORT_ClearPinsInterruptFlags
                0x00006042       0x1a ./source/mma8451.o
 .text.mma8451_setDataRate
                0x0000605c       0x96 ./source/mma8451.o
                0x0000605c                mma8451_setDataRate
 .text.writeCommand
                0x000060f2       0x26 ./source/oled.o
 .text.writeData
                0x00006118       0x26 ./source/oled.o
 .text.writeDataLen
                0x0000613e       0x5e ./source/oled.o
 .text.runInitSequence
                0x0000619c       0xa6 ./source/oled.o
 .text.oled_setContrast
                0x00006242       0x24 ./source/oled.o
                0x00006242                oled_setContrast
 .text.oled_putString
                0x00006266       0x68 ./source/oled.o
                0x00006266                oled_putString
 .text.requestManager_init
                0x000062ce       0x12 ./source/request_manager.o
                0x000062ce                requestManager_init
 .text.requestManager_process_led_action_request
                0x000062e0       0x80 ./source/request_manager.o
                0x000062e0                requestManager_process_led_action_request
 .text.requestManager_process_switch_state_request
                0x00006360       0x76 ./source/request_manager.o
                0x00006360                requestManager_process_switch_state_request
 .text.requestManager_process_request
                0x000063d6       0xac ./source/request_manager.o
                0x000063d6                requestManager_process_request
 .text.ringBuffer_init
                0x00006482       0x42 ./source/ringBuffer.o
                0x00006482                ringBuffer_init
 .text.ringBuffer_putData
                0x000064c4       0x90 ./source/ringBuffer.o
                0x000064c4                ringBuffer_putData
 .text.ringBuffer_getData
                0x00006554       0x6c ./source/ringBuffer.o
                0x00006554                ringBuffer_getData
 .text.ringBuffer_isEmpty
                0x000065c0       0x1e ./source/ringBuffer.o
                0x000065c0                ringBuffer_isEmpty
 .text.ringBuffer_getCount
                0x000065de       0x18 ./source/ringBuffer.o
                0x000065de                ringBuffer_getCount
 .text.LPUART_ReadByte
                0x000065f6       0x16 ./source/rs485_drv.o
 .text.GPIO_PortSet
                0x0000660c       0x18 ./source/rs485_drv.o
 .text.GPIO_PortClear
                0x00006624       0x18 ./source/rs485_drv.o
 .text.EnableIRQ
                0x0000663c       0x30 ./source/uart0_drv.o
 .text.LPUART_ReadByte
                0x0000666c       0x16 ./source/uart0_drv.o
 .text.OSC_SetExtRefClkConfig
                0x00006682       0x3e ./drivers/fsl_clock.o
 .text.OSC_SetCapLoad
                0x000066c0       0x42 ./drivers/fsl_clock.o
 .text.EnableIRQ
                0x00006702       0x30 ./drivers/fsl_dma.o
 .text.GPIO_PinWrite
                0x00006732       0x38 ./drivers/fsl_gpio.o
 .text.I2C_MasterClearStatusFlags
                0x0000676a       0x56 ./drivers/fsl_i2c.o
 .text.I2C_MasterStop
                0x000067c0       0x36 ./drivers/fsl_i2c.o
                0x000067c0                I2C_MasterStop
 .text.I2C_MasterGetStatusFlags
                0x000067f6       0x4a ./drivers/fsl_i2c.o
                0x000067f6                I2C_MasterGetStatusFlags
 .text.I2C_MasterReadBlocking
                0x00006840       0xea ./drivers/fsl_i2c.o
                0x00006840                I2C_MasterReadBlocking
 .text.LPUART_EnableInterrupts
                0x0000692a       0x3a ./drivers/fsl_lpuart.o
                0x0000692a                LPUART_EnableInterrupts
 .text.LPUART_DisableInterrupts
                0x00006964       0x3e ./drivers/fsl_lpuart.o
                0x00006964                LPUART_DisableInterrupts
 .text.LPUART_GetStatusFlags
                0x000069a2       0x18 ./drivers/fsl_lpuart.o
                0x000069a2                LPUART_GetStatusFlags
 .text.LPUART_GetDataRegisterAddress
                0x000069ba       0x14 ./drivers/fsl_lpuart_dma.o
 .text.SPI_ReadNonBlocking
                0x000069ce       0x88 ./drivers/fsl_spi.o
 .text.SPI_MasterSetBaudRate
                0x00006a56       0xc0 ./drivers/fsl_spi.o
                0x00006a56                SPI_MasterSetBaudRate
 .text.SPI_ReadData
                0x00006b16       0x3c ./drivers/fsl_spi.o
                0x00006b16                SPI_ReadData
 .text.SystemInitHook
                0x00006b52        0xa ./device/system_MKL43Z4.o
                0x00006b52                SystemInitHook
 .text.__main   0x00006b5c        0xc c:/nxp/mcuxpressoide_11.5.1_7266/ide/plugins/com.nxp.mcuxpresso.tools.win32_11.5.1.202201181444/tools/bin/../lib/gcc/arm-none-eabi/10.3.1/../../../../arm-none-eabi/lib/thumb/v6-m/nofp\libcr_nohost_nf.a(_cr__main.o)
                0x00006b5c                __main
 .text.__sys_appexit
                0x00006b68        0x2 c:/nxp/mcuxpressoide_11.5.1_7266/ide/plugins/com.nxp.mcuxpresso.tools.win32_11.5.1.202201181444/tools/bin/../lib/gcc/arm-none-eabi/10.3.1/../../../../arm-none-eabi/lib/thumb/v6-m/nofp\libcr_nohost_nf.a(__sys_appexit.o)
                0x00006b68                __sys_appexit
                0x00006b68                __exit
 .text.memcpy   0x00006b6a        0x8 c:/nxp/mcuxpressoide_11.5.1_7266/ide/plugins/com.nxp.mcuxpresso.tools.win32_11.5.1.202201181444/tools/bin/../lib/gcc/arm-none-eabi/10.3.1/../../../../arm-none-eabi/lib/thumb/v6-m/nofp\libcr_c.a(memcpy.o)
                0x00006b6a                memcpy
 .text.memset   0x00006b72        0x8 c:/nxp/mcuxpressoide_11.5.1_7266/ide/plugins/com.nxp.mcuxpresso.tools.win32_11.5.1.202201181444/tools/bin/../lib/gcc/arm-none-eabi/10.3.1/../../../../arm-none-eabi/lib/thumb/v6-m/nofp\libcr_c.a(memset.o)
                0x00006b72                memset
 .text.free     0x00006b7a       0x2c c:/nxp/mcuxpressoide_11.5.1_7266/ide/plugins/com.nxp.mcuxpresso.tools.win32_11.5.1.202201181444/tools/bin/../lib/gcc/arm-none-eabi/10.3.1/../../../../arm-none-eabi/lib/thumb/v6-m/nofp\libcr_c.a(alloc.o)
                0x00006b7a                free
 .text.fputs    0x00006ba6       0x2e c:/nxp/mcuxpressoide_11.5.1_7266/ide/plugins/com.nxp.mcuxpresso.tools.win32_11.5.1.202201181444/tools/bin/../lib/gcc/arm-none-eabi/10.3.1/../../../../arm-none-eabi/lib/thumb/v6-m/nofp\libcr_c.a(fputs.o)
                0x00006ba6                fputs
 .text.no_fp_display
                0x00006bd4        0x4 c:/nxp/mcuxpressoide_11.5.1_7266/ide/plugins/com.nxp.mcuxpresso.tools.win32_11.5.1.202201181444/tools/bin/../lib/gcc/arm-none-eabi/10.3.1/../../../../arm-none-eabi/lib/thumb/v6-m/nofp\libcr_c.a(printf.o)
 .text.remove   0x00006bd8       0x12 c:/nxp/mcuxpressoide_11.5.1_7266/ide/plugins/com.nxp.mcuxpresso.tools.win32_11.5.1.202201181444/tools/bin/../lib/gcc/arm-none-eabi/10.3.1/../../../../arm-none-eabi/lib/thumb/v6-m/nofp\libcr_c.a(remove.o)
                0x00006bd8                remove
 .text.__aeabi_division_idivmod
                0x00006bea       0x78 c:/nxp/mcuxpressoide_11.5.1_7266/ide/plugins/com.nxp.mcuxpresso.tools.win32_11.5.1.202201181444/tools/bin/../lib/gcc/arm-none-eabi/10.3.1/thumb/v6-m/nofp\libcr_eabihelpers.a(division_32.o)
                0x00006bea                __aeabi_idivmod
                0x00006bea                __aeabi_idiv
                0x00006bf0                __aeabi_uidivmod
                0x00006bf0                __aeabi_uidiv
 .text.__aeabi_division_idiv0
                0x00006c62        0x2 c:/nxp/mcuxpressoide_11.5.1_7266/ide/plugins/com.nxp.mcuxpresso.tools.win32_11.5.1.202201181444/tools/bin/../lib/gcc/arm-none-eabi/10.3.1/thumb/v6-m/nofp\libcr_eabihelpers.a(division_idiv0.o)
                0x00006c62                __aeabi_idiv0
 .text.__aeabi_llong_lmul
                0x00006c64       0x2e c:/nxp/mcuxpressoide_11.5.1_7266/ide/plugins/com.nxp.mcuxpresso.tools.win32_11.5.1.202201181444/tools/bin/../lib/gcc/arm-none-eabi/10.3.1/thumb/v6-m/nofp\libcr_eabihelpers.a(llong.o)
                0x00006c64                __aeabi_lmul
 .text.__aeabi_memcpy
                0x00006c92       0x2c c:/nxp/mcuxpressoide_11.5.1_7266/ide/plugins/com.nxp.mcuxpresso.tools.win32_11.5.1.202201181444/tools/bin/../lib/gcc/arm-none-eabi/10.3.1/thumb/v6-m/nofp\libcr_eabihelpers.a(memcpy.o)
                0x00006c92                __aeabi_memcpy4
                0x00006c92                __aeabi_memcpy8
                0x00006c92                __aeabi_memcpy
 .text.__aeabi_memset_lowlevel
                0x00006cbe       0x2a c:/nxp/mcuxpressoide_11.5.1_7266/ide/plugins/com.nxp.mcuxpresso.tools.win32_11.5.1.202201181444/tools/bin/../lib/gcc/arm-none-eabi/10.3.1/thumb/v6-m/nofp\libcr_eabihelpers.a(memcpy.o)
                0x00006cbe                __aeabi_lowlevel_memset
 .text.__gnu_thumb1_case_shi
                0x00006ce8       0x10 c:/nxp/mcuxpressoide_11.5.1_7266/ide/plugins/com.nxp.mcuxpresso.tools.win32_11.5.1.202201181444/tools/bin/../lib/gcc/arm-none-eabi/10.3.1/thumb/v6-m/nofp\libcr_eabihelpers.a(thumb1_switch_helpers.o)
                0x00006ce8                __gnu_thumb1_case_shi
 .text.__sys_close
                0x00006cf8        0x6 c:/nxp/mcuxpressoide_11.5.1_7266/ide/plugins/com.nxp.mcuxpresso.tools.win32_11.5.1.202201181444/tools/bin/../lib/gcc/arm-none-eabi/10.3.1/../../../../arm-none-eabi/lib/thumb/v6-m/nofp\libcr_nohost_nf.a(__sys_close.o)
                0x00006cf8                __sys_close
 .text.__sys_flen
                0x00006cfe        0x6 c:/nxp/mcuxpressoide_11.5.1_7266/ide/plugins/com.nxp.mcuxpresso.tools.win32_11.5.1.202201181444/tools/bin/../lib/gcc/arm-none-eabi/10.3.1/../../../../arm-none-eabi/lib/thumb/v6-m/nofp\libcr_nohost_nf.a(__sys_flen.o)
                0x00006cfe                __sys_flen
 .text.__sys_istty
                0x00006d04        0x6 c:/nxp/mcuxpressoide_11.5.1_7266/ide/plugins/com.nxp.mcuxpresso.tools.win32_11.5.1.202201181444/tools/bin/../lib/gcc/arm-none-eabi/10.3.1/../../../../arm-none-eabi/lib/thumb/v6-m/nofp\libcr_nohost_nf.a(__sys_istty.o)
                0x00006d04                __sys_istty
 .text.__sys_remove
                0x00006d0a        0x6 c:/nxp/mcuxpressoide_11.5.1_7266/ide/plugins/com.nxp.mcuxpresso.tools.win32_11.5.1.202201181444/tools/bin/../lib/gcc/arm-none-eabi/10.3.1/../../../../arm-none-eabi/lib/thumb/v6-m/nofp\libcr_nohost_nf.a(__sys_remove.o)
                0x00006d0a                __sys_remove
 .text.__sys_seek
                0x00006d10        0x6 c:/nxp/mcuxpressoide_11.5.1_7266/ide/plugins/com.nxp.mcuxpresso.tools.win32_11.5.1.202201181444/tools/bin/../lib/gcc/arm-none-eabi/10.3.1/../../../../arm-none-eabi/lib/thumb/v6-m/nofp\libcr_nohost_nf.a(__sys_seek.o)
                0x00006d10                __sys_seek
 .text.__sys_tmpnam
                0x00006d16        0x6 c:/nxp/mcuxpressoide_11.5.1_7266/ide/plugins/com.nxp.mcuxpresso.tools.win32_11.5.1.202201181444/tools/bin/../lib/gcc/arm-none-eabi/10.3.1/../../../../arm-none-eabi/lib/thumb/v6-m/nofp\libcr_nohost_nf.a(__sys_tmpnam.o)
                0x00006d16                __sys_tmpnam
 .text.__sys_write
                0x00006d1c        0x4 c:/nxp/mcuxpressoide_11.5.1_7266/ide/plugins/com.nxp.mcuxpresso.tools.win32_11.5.1.202201181444/tools/bin/../lib/gcc/arm-none-eabi/10.3.1/../../../../arm-none-eabi/lib/thumb/v6-m/nofp\libcr_nohost_nf.a(__sys_write.o)
                0x00006d1c                __sys_write
 *(SORT_BY_ALIGNMENT(.rodata) SORT_BY_ALIGNMENT(.rodata.*) SORT_BY_ALIGNMENT(.constdata) SORT_BY_ALIGNMENT(.constdata.*))
 .rodata.PORT_SetPinConfig.str1.4
                0x00006d20       0x7a ./source/SD2_I2C.o
 .rodata.PORT_SetPinConfig.str1.4
                0x00006d9a       0x7a ./source/SD2_board.o
 *fill*         0x00006d9a        0x2 ff
 .rodata.board_gpioLeds
                0x00006d9c       0x18 ./source/SD2_board.o
 .rodata.board_gpioSw
                0x00006db4       0x18 ./source/SD2_board.o
 .rodata.board_gpioOled
                0x00006dcc       0x18 ./source/SD2_board.o
 .rodata        0x00006de4        0x2 ./source/SD2_board.o
 *fill*         0x00006de6        0x2 ff
 .rodata.animacion3D_periodicTask1ms.str1.4
                0x00006de8        0xa ./source/animacion3D.o
 *fill*         0x00006df2        0x2 ff
 .rodata.displayUtils_print_accel.str1.4
                0x00006df4       0x18 ./source/display_utils.o
 .rodata.font5x7
                0x00006e0c      0x300 ./source/font5x7.o
                0x00006e0c                font5x7
 .rodata.PORT_SetPinConfig.str1.4
                0x0000710c       0x7a ./source/mma8451.o
 .rodata.font_mask
                0x0000710c        0x8 ./source/oled.o
 .rodata.requestManager_process_acceleration_request.str1.4
                0x00007114       0x16 ./source/request_manager.o
 .rodata.PORT_SetPinConfig.str1.4
                0x0000712a       0x7a ./source/rs485_drv.o
 *fill*         0x0000712a        0x2 ff
 .rodata.DMAMUX_EnableChannel.str1.4
                0x0000712c       0xaa ./source/rs485_drv.o
 *fill*         0x000071d6        0x2 ff
 .rodata.DMAMUX_SetSource.str1.4
                0x000071d8       0xab ./source/rs485_drv.o
 *fill*         0x00007283        0x1 ff
 .rodata.board_gpioContLine
                0x00007284       0x18 ./source/rs485_drv.o
 .rodata        0x0000729c        0x2 ./source/rs485_drv.o
 .rodata.DMAMUX_EnableChannel.str1.4
                0x0000729e       0xaa ./source/uart0_drv.o
 .rodata.DMAMUX_SetSource.str1.4
                0x0000729e       0xab ./source/uart0_drv.o
 *fill*         0x0000729e        0x2 ff
 .rodata.CLOCK_GetOsc0ErClkFreq.str1.4
                0x000072a0       0x1e ./drivers/fsl_clock.o
 *fill*         0x000072be        0x2 ff
 .rodata.CLOCK_GetEr32kClkFreq.str1.4
                0x000072c0       0x1f ./drivers/fsl_clock.o
 *fill*         0x000072df        0x1 ff
 .rodata.CLOCK_GetFreq
                0x000072e0       0x50 ./drivers/fsl_clock.o
 .rodata.CLOCK_GetOutClkFreq.str1.4
                0x00007330       0x1e ./drivers/fsl_clock.o
 *fill*         0x0000734e        0x2 ff
 .rodata.CLOCK_SetMcgliteConfig.str1.4
                0x00007350       0x1f ./drivers/fsl_clock.o
 *fill*         0x0000736f        0x1 ff
 .rodata.lircFreqs.0
                0x00007370        0x8 ./drivers/fsl_clock.o
 .rodata.DMA_EnableInterrupts.str1.4
                0x00007378       0x46 ./drivers/fsl_dma.o
 *fill*         0x000073be        0x2 ff
 .rodata.DMA_ClearChannelStatusFlags.str1.4
                0x000073c0       0x46 ./drivers/fsl_dma.o
 *fill*         0x00007406        0x2 ff
 .rodata.s_dmaIRQNumber
                0x00007408        0x4 ./drivers/fsl_dma.o
 .rodata.DMA_GetInstance.str1.4
                0x0000740c       0x31 ./drivers/fsl_dma.o
 *fill*         0x0000743d        0x3 ff
 .rodata.DMA_ResetChannel.str1.4
                0x00007440       0x43 ./drivers/fsl_dma.o
 *fill*         0x00007483        0x1 ff
 .rodata.DMA_SetTransferConfig.str1.4
                0x00007484       0x63 ./drivers/fsl_dma.o
 *fill*         0x000074e7        0x1 ff
 .rodata.DMA_CreateHandle.str1.4
                0x000074e8       0x63 ./drivers/fsl_dma.o
 *fill*         0x0000754b        0x1 ff
 .rodata.DMA_PrepareTransfer.str1.4
                0x0000754c       0xff ./drivers/fsl_dma.o
 *fill*         0x0000764b        0x1 ff
 .rodata.DMA_SetCallback.str1.4
                0x0000764c       0x1f ./drivers/fsl_dma.o
 *fill*         0x0000766b        0x1 ff
 .rodata.DMA_SubmitTransfer.str1.4
                0x0000766c       0x3f ./drivers/fsl_dma.o
 *fill*         0x000076ab        0x1 ff
 .rodata.DMA_HandleIRQ.str1.4
                0x000076ac       0x1f ./drivers/fsl_dma.o
 *fill*         0x000076cb        0x1 ff
 .rodata.DMAMUX_GetInstance.str1.4
                0x000076cc       0x37 ./drivers/fsl_dmamux.o
 *fill*         0x00007703        0x1 ff
 .rodata.GPIO_PinInit.str1.4
                0x00007704       0x20 ./drivers/fsl_gpio.o
 .rodata.s_i2cDividerTable
                0x00007724       0x80 ./drivers/fsl_i2c.o
 .rodata.s_i2cClocks
                0x000077a4        0x8 ./drivers/fsl_i2c.o
 .rodata.s_i2cBases
                0x000077ac        0x8 ./drivers/fsl_i2c.o
 .rodata.I2C_GetInstance.str1.4
                0x000077b4       0x32 ./drivers/fsl_i2c.o
 *fill*         0x000077e6        0x2 ff
 .rodata.I2C_MasterInit.str1.4
                0x000077e8       0x4a ./drivers/fsl_i2c.o
 *fill*         0x00007832        0x2 ff
 .rodata.I2C_MasterGetDefaultConfig.str1.4
                0x00007834       0x25 ./drivers/fsl_i2c.o
 *fill*         0x00007859        0x3 ff
 .rodata.I2C_MasterTransferBlocking.str1.4
                0x0000785c       0x1e ./drivers/fsl_i2c.o
 *fill*         0x0000787a        0x2 ff
 .rodata.s_lpuartBases
                0x0000787c        0x8 ./drivers/fsl_lpuart.o
 .rodata.s_lpuartClock
                0x00007884        0x8 ./drivers/fsl_lpuart.o
 .rodata.LPUART_GetInstance.str1.4
                0x0000788c       0x38 ./drivers/fsl_lpuart.o
 .rodata.LPUART_Init.str1.4
                0x000078c4       0x51 ./drivers/fsl_lpuart.o
 *fill*         0x00007915        0x3 ff
 .rodata.LPUART_GetDefaultConfig.str1.4
                0x00007918       0x22 ./drivers/fsl_lpuart.o
 *fill*         0x0000793a        0x2 ff
 .rodata.DMA_DisableInterrupts.str1.4
                0x0000793c       0x46 ./drivers/fsl_lpuart_dma.o
 *fill*         0x00007982        0x2 ff
 .rodata.DMA_StartTransfer.str1.4
                0x00007984       0x1f ./drivers/fsl_lpuart_dma.o
 *fill*         0x000079a3        0x1 ff
 .rodata.LPUART_TransferSendDMACallback.str1.4
                0x000079a4       0x3d ./drivers/fsl_lpuart_dma.o
 *fill*         0x000079e1        0x3 ff
 .rodata.LPUART_TransferReceiveDMACallback.str1.4
                0x000079e4       0x3d ./drivers/fsl_lpuart_dma.o
 *fill*         0x00007a21        0x3 ff
 .rodata.LPUART_TransferCreateHandleDMA.str1.4
                0x00007a24       0x1e ./drivers/fsl_lpuart_dma.o
 *fill*         0x00007a42        0x2 ff
 .rodata.LPUART_TransferSendDMA.str1.4
                0x00007a44       0xb2 ./drivers/fsl_lpuart_dma.o
 *fill*         0x00007af6        0x2 ff
 .rodata.s_spiBases
                0x00007af8        0x8 ./drivers/fsl_spi.o
 .rodata.s_spiClock
                0x00007b00        0x8 ./drivers/fsl_spi.o
 .rodata.SPI_GetInstance.str1.4
                0x00007b08       0x32 ./drivers/fsl_spi.o
 *fill*         0x00007b3a        0x2 ff
 .rodata.SPI_MasterInit.str1.4
                0x00007b3c       0x38 ./drivers/fsl_spi.o
 .rodata.SPI_MasterTransferBlocking.str1.4
                0x00007b74       0x1d ./drivers/fsl_spi.o
 *fill*         0x00007b91        0x3 ff
 .rodata.SPI0_DriverIRQHandler.str1.4
                0x00007b94       0x20 ./drivers/fsl_spi.o
 .rodata.SPI1_DriverIRQHandler.str1.4
                0x00007bb4       0x20 ./drivers/fsl_spi.o
 .rodata.mcgliteConfig_BOARD_BootClockRUN
                0x00007bd4        0x6 ./board/clock_config.o
                0x00007bd4                mcgliteConfig_BOARD_BootClockRUN
 *fill*         0x00007bda        0x2 ff
 .rodata.simConfig_BOARD_BootClockRUN
                0x00007bdc        0x8 ./board/clock_config.o
                0x00007bdc                simConfig_BOARD_BootClockRUN
 .rodata.oscConfig_BOARD_BootClockRUN
                0x00007be4        0x8 ./board/clock_config.o
                0x00007be4                oscConfig_BOARD_BootClockRUN
 .rodata.__num_Ciob_streams
                0x00007bec        0x4 c:/nxp/mcuxpressoide_11.5.1_7266/ide/plugins/com.nxp.mcuxpresso.tools.win32_11.5.1.202201181444/tools/bin/../lib/gcc/arm-none-eabi/10.3.1/../../../../arm-none-eabi/lib/thumb/v6-m/nofp\libcr_nohost_nf.a(__ciob.o)
                0x00007bec                __num_Ciob_streams
 .rodata.__assertion_failed.str1.1
                0x00007bf0       0x15 c:/nxp/mcuxpressoide_11.5.1_7266/ide/plugins/com.nxp.mcuxpresso.tools.win32_11.5.1.202201181444/tools/bin/../lib/gcc/arm-none-eabi/10.3.1/../../../../arm-none-eabi/lib/thumb/v6-m/nofp\libcr_nohost_nf.a(_cr_assert.o)
 .rodata._Csys_alloc.str1.1
                0x00007c05       0x18 c:/nxp/mcuxpressoide_11.5.1_7266/ide/plugins/com.nxp.mcuxpresso.tools.win32_11.5.1.202201181444/tools/bin/../lib/gcc/arm-none-eabi/10.3.1/../../../../arm-none-eabi/lib/thumb/v6-m/nofp\libcr_c.a(alloc.o)
 .rodata._initio.str1.1
                0x00007c1d        0x4 c:/nxp/mcuxpressoide_11.5.1_7266/ide/plugins/com.nxp.mcuxpresso.tools.win32_11.5.1.202201181444/tools/bin/../lib/gcc/arm-none-eabi/10.3.1/../../../../arm-none-eabi/lib/thumb/v6-m/nofp\libcr_c.a(initio.o)
 .rodata.__vfprintf.str1.1
                0x00007c21       0x35 c:/nxp/mcuxpressoide_11.5.1_7266/ide/plugins/com.nxp.mcuxpresso.tools.win32_11.5.1.202201181444/tools/bin/../lib/gcc/arm-none-eabi/10.3.1/../../../../arm-none-eabi/lib/thumb/v6-m/nofp\libcr_c.a(printf.o)
                                 0x38 (size before relaxing)
                0x00007c58                . = ALIGN (0x4)
 *fill*         0x00007c56        0x2 ff
                0x00007c58                _etext = .

.glue_7         0x00007c58        0x0
 .glue_7        0x00007c58        0x0 linker stubs

.glue_7t        0x00007c58        0x0
 .glue_7t       0x00007c58        0x0 linker stubs

.vfp11_veneer   0x00007c58        0x0
 .vfp11_veneer  0x00007c58        0x0 linker stubs

.v4_bx          0x00007c58        0x0
 .v4_bx         0x00007c58        0x0 linker stubs

.iplt           0x00007c58        0x0
 .iplt          0x00007c58        0x0 ./startup/startup_mkl43z4.o

.rel.dyn        0x00007c58        0x0
 .rel.iplt      0x00007c58        0x0 ./startup/startup_mkl43z4.o

.m_usb_data
 *(SORT_BY_ALIGNMENT(m_usb_bdt))

.mtb_buffer_default
                0x1fffe000       0x80
 *(SORT_BY_ALIGNMENT(.mtb*))
 .mtb.$RAM1     0x1fffe000       0x80 ./source/mtb.o
                0x1fffe000                __mtb_buffer__

.uninit_RESERVED
                0x1fffe080        0x0
                0x1fffe080                _start_uninit_RESERVED = .
 *(SORT_BY_ALIGNMENT(.bss.$RESERVED*))
                0x1fffe080                . = ALIGN (0x4)
                0x1fffe080                _end_uninit_RESERVED = .

.data           0x1fffe080      0x378 load address 0x00007c58
 FILL mask 0xff
                0x1fffe080                _data = .
                [!provide]                PROVIDE (__start_data_RAM = .)
                [!provide]                PROVIDE (__start_data_SRAM = .)
 *(SORT_BY_ALIGNMENT(vtable))
 *(SORT_BY_ALIGNMENT(.ramfunc*))
 *(SORT_BY_ALIGNMENT(CodeQuickAccess))
 *(SORT_BY_ALIGNMENT(DataQuickAccess))
 *(SORT_BY_ALIGNMENT(RamFunction))
 *(SORT_BY_ALIGNMENT(.data*))
 .data.tim_imgUpdate
                0x1fffe080        0x4 ./source/animacion3D.o
 .data.tim_animacion3D
                0x1fffe084        0x4 ./source/animacion3D.o
 .data.tim_imgUpdate
                0x1fffe088        0x4 ./source/display_utils.o
 .data.pato_lucas
                0x1fffe08c      0x200 ./source/pato_lucas.o
                0x1fffe08c                pato_lucas
 .data.ojos_centro
                0x1fffe28c       0x45 ./source/pato_lucas.o
                0x1fffe28c                ojos_centro
 *fill*         0x1fffe2d1        0x3 ff
 .data.ojos_izquierda
                0x1fffe2d4       0x45 ./source/pato_lucas.o
                0x1fffe2d4                ojos_izquierda
 *fill*         0x1fffe319        0x3 ff
 .data.ojos_derecha
                0x1fffe31c       0x45 ./source/pato_lucas.o
                0x1fffe31c                ojos_derecha
 *fill*         0x1fffe361        0x3 ff
 .data.ojos_arriba
                0x1fffe364       0x45 ./source/pato_lucas.o
                0x1fffe364                ojos_arriba
 *fill*         0x1fffe3a9        0x3 ff
 .data.ojos_abajo
                0x1fffe3ac       0x45 ./source/pato_lucas.o
                0x1fffe3ac                ojos_abajo
 *fill*         0x1fffe3f1        0x3 ff
 .data.SystemCoreClock
                0x1fffe3f4        0x4 ./device/system_MKL43Z4.o
                0x1fffe3f4                SystemCoreClock
                0x1fffe3f8                . = ALIGN (0x4)
                0x1fffe3f8                _edata = .
                [!provide]                PROVIDE (__end_data_RAM = .)
                [!provide]                PROVIDE (__end_data_SRAM = .)

.igot.plt       0x1fffe3f8        0x0 load address 0x00007fd0
 .igot.plt      0x1fffe3f8        0x0 ./startup/startup_mkl43z4.o

.bss            0x1fffe3f8      0x5d8
                0x1fffe3f8                _bss = .
                [!provide]                PROVIDE (__start_bss_RAM = .)
                [!provide]                PROVIDE (__start_bss_SRAM = .)
 *(SORT_BY_ALIGNMENT(.bss*))
 .bss.shadowFB  0x1fffe3f8      0x400 ./source/oled.o
 .bss.buffer.0  0x1fffe7f8       0x12 ./source/request_manager.o
 *fill*         0x1fffe80a        0x2 
 .bss.txBuffer_dma
                0x1fffe80c       0x20 ./source/rs485_drv.o
 .bss.LPUARTDmaHandle
                0x1fffe82c       0x1c ./source/rs485_drv.o
 .bss.LPUARTTxDmaHandle
                0x1fffe848       0x10 ./source/rs485_drv.o
 .bss.pRingBufferRx
                0x1fffe858        0x4 ./source/rs485_drv.o
 .bss.txBuffer_dma
                0x1fffe85c       0x20 ./source/uart0_drv.o
 .bss.LPUARTDmaHandle
                0x1fffe87c       0x1c ./source/uart0_drv.o
 .bss.LPUARTTxDmaHandle
                0x1fffe898       0x10 ./source/uart0_drv.o
 .bss.pRingBufferRx
                0x1fffe8a8        0x4 ./source/uart0_drv.o
 .bss.g_xtal0Freq
                0x1fffe8ac        0x4 ./drivers/fsl_clock.o
                0x1fffe8ac                g_xtal0Freq
 .bss.g_xtal32Freq
                0x1fffe8b0        0x4 ./drivers/fsl_clock.o
                0x1fffe8b0                g_xtal32Freq
 .bss.s_DMAHandle
                0x1fffe8b4       0x10 ./drivers/fsl_dma.o
 .bss.s_i2cHandle
                0x1fffe8c4        0x8 ./drivers/fsl_i2c.o
 .bss.s_i2cMasterIsr
                0x1fffe8cc        0x4 ./drivers/fsl_i2c.o
 .bss.s_i2cSlaveIsr
                0x1fffe8d0        0x4 ./drivers/fsl_i2c.o
 .bss.s_lpuartHandle
                0x1fffe8d4        0x8 ./drivers/fsl_lpuart.o
 .bss.s_lpuartIsr
                0x1fffe8dc        0x4 ./drivers/fsl_lpuart.o
 .bss.s_dmaPrivateHandle
                0x1fffe8e0       0x10 ./drivers/fsl_lpuart_dma.o
 .bss.s_spiHandle
                0x1fffe8f0        0x8 ./drivers/fsl_spi.o
 .bss.s_spiMasterIsr
                0x1fffe8f8        0x4 ./drivers/fsl_spi.o
 .bss.s_spiSlaveIsr
                0x1fffe8fc        0x4 ./drivers/fsl_spi.o
 .bss.g_spiDummyData
                0x1fffe900        0x2 ./drivers/fsl_spi.o
                0x1fffe900                g_spiDummyData
 *fill*         0x1fffe902        0x2 
 .bss.__Ciob    0x1fffe904       0xb4 c:/nxp/mcuxpressoide_11.5.1_7266/ide/plugins/com.nxp.mcuxpresso.tools.win32_11.5.1.202201181444/tools/bin/../lib/gcc/arm-none-eabi/10.3.1/../../../../arm-none-eabi/lib/thumb/v6-m/nofp\libcr_nohost_nf.a(__ciob.o)
                0x1fffe904                __Ciob
 .bss.__end_of_heap
                0x1fffe9b8        0x4 c:/nxp/mcuxpressoide_11.5.1_7266/ide/plugins/com.nxp.mcuxpresso.tools.win32_11.5.1.202201181444/tools/bin/../lib/gcc/arm-none-eabi/10.3.1/../../../../arm-none-eabi/lib/thumb/v6-m/nofp\libcr_c.a(__init_alloc.o)
                0x1fffe9b8                __end_of_heap
 .bss.__heaps   0x1fffe9bc        0x4 c:/nxp/mcuxpressoide_11.5.1_7266/ide/plugins/com.nxp.mcuxpresso.tools.win32_11.5.1.202201181444/tools/bin/../lib/gcc/arm-none-eabi/10.3.1/../../../../arm-none-eabi/lib/thumb/v6-m/nofp\libcr_c.a(__init_alloc.o)
                0x1fffe9bc                __heaps
 .bss.errno     0x1fffe9c0        0x4 c:/nxp/mcuxpressoide_11.5.1_7266/ide/plugins/com.nxp.mcuxpresso.tools.win32_11.5.1.202201181444/tools/bin/../lib/gcc/arm-none-eabi/10.3.1/../../../../arm-none-eabi/lib/thumb/v6-m/nofp\libcr_c.a(errno.o)
                0x1fffe9c0                errno
 .bss.readX     0x1fffe9c4        0x2 ./source/mma8451.o
 .bss.readY     0x1fffe9c6        0x2 ./source/mma8451.o
 .bss.readZ     0x1fffe9c8        0x2 ./source/mma8451.o
 .bss.inited    0x1fffe9ca        0x1 ./source/mma8451.o
 .bss.is_falling
                0x1fffe9cb        0x1 ./source/mma8451.o
 .bss.buffer_index.1
                0x1fffe9cc        0x1 ./source/request_manager.o
 .bss.tx485OnGoing
                0x1fffe9cd        0x1 ./source/rs485_drv.o
                0x1fffe9cd                tx485OnGoing
 .bss.txOnGoing
                0x1fffe9ce        0x1 ./source/uart0_drv.o
                0x1fffe9ce                txOnGoing
 *(SORT_BY_ALIGNMENT(COMMON))
                0x1fffe9d0                . = ALIGN (0x4)
 *fill*         0x1fffe9cf        0x1 
                0x1fffe9d0                _ebss = .
                [!provide]                PROVIDE (__end_bss_RAM = .)
                [!provide]                PROVIDE (__end_bss_SRAM = .)
                [!provide]                PROVIDE (end = .)

.noinit         0x1fffe9d0        0x0
                0x1fffe9d0                _noinit = .
                [!provide]                PROVIDE (__start_noinit_RAM = .)
                [!provide]                PROVIDE (__start_noinit_SRAM = .)
 *(SORT_BY_ALIGNMENT(.noinit*))
                0x1fffe9d0                . = ALIGN (0x4)
                0x1fffe9d0                _end_noinit = .
                [!provide]                PROVIDE (__end_noinit_RAM = .)
                [!provide]                PROVIDE (__end_noinit_SRAM = .)

.ARM.extab
 *(SORT_BY_ALIGNMENT(.ARM.extab*) SORT_BY_ALIGNMENT(.gnu.linkonce.armextab.*))

.ARM.exidx      0x00007fd0        0x0
                0x00007fd0                __exidx_start = .
 *(SORT_BY_ALIGNMENT(.ARM.exidx*) SORT_BY_ALIGNMENT(.gnu.linkonce.armexidx.*))
                0x00007fd0                __exidx_end = .
                0x00000800                _HeapSize = 0x800

.heap           0x1fffe9d0      0x800
                0x1fffe9d0                _pvHeapStart = .
                0x1ffff1d0                . = (. + _HeapSize)
 *fill*         0x1fffe9d0      0x800 
                0x1ffff1d0                . = ALIGN (0x4)
                0x1ffff1d0                _pvHeapLimit = .
                0x00000800                _StackSize = 0x800

.heap2stackfill
                0x1ffff1d0      0x800
                0x1ffff9d0                . = (. + _StackSize)
 *fill*         0x1ffff1d0      0x800 

.stack          0x20005800        0x0
                0x20005800                _vStackBase = .
                0x20005800                . = ALIGN (0x4)
                0x20006000                _vStackTop = (. + _StackSize)
                0x00000000                _image_start = LOADADDR (.text)
                0x00007fd0                _image_end = (LOADADDR (.data) + SIZEOF (.data))
                0x00007fd0                _image_size = (_image_end - _image_start)
OUTPUT(TP3_SD2_Raffagnini_Rodriguez.axf elf32-littlearm)
LOAD linker stubs

.debug_info     0x00000000    0x10c27
 .debug_info    0x00000000      0x4df ./startup/startup_mkl43z4.o
 .debug_info    0x000004df      0x7df ./source/SD2_I2C.o
 .debug_info    0x00000cbe      0xf42 ./source/SD2_board.o
 .debug_info    0x00001c00      0x481 ./source/TP3.o
 .debug_info    0x00002081      0x16f ./source/animacion3D.o
 .debug_info    0x000021f0      0x325 ./source/display_utils.o
 .debug_info    0x00002515       0x62 ./source/font5x7.o
 .debug_info    0x00002577     0x1474 ./source/mma8451.o
 .debug_info    0x000039eb       0x53 ./source/mtb.o
 .debug_info    0x00003a3e      0x84d ./source/oled.o
 .debug_info    0x0000428b      0x110 ./source/pato_lucas.o
 .debug_info    0x0000439b      0x2bb ./source/request_manager.o
 .debug_info    0x00004656      0x2b0 ./source/ringBuffer.o
 .debug_info    0x00004906     0x1546 ./source/rs485_drv.o
 .debug_info    0x00005e4c       0x3c ./source/semihost_hardfault.o
 .debug_info    0x00005e88     0x1437 ./source/uart0_drv.o
 .debug_info    0x000072bf     0x1308 ./drivers/fsl_clock.o
 .debug_info    0x000085c7     0x1020 ./drivers/fsl_dma.o
 .debug_info    0x000095e7      0x5bb ./drivers/fsl_dmamux.o
 .debug_info    0x00009ba2      0x868 ./drivers/fsl_gpio.o
 .debug_info    0x0000a40a     0x1c4f ./drivers/fsl_i2c.o
 .debug_info    0x0000c059     0x1780 ./drivers/fsl_lpuart.o
 .debug_info    0x0000d7d9      0xd02 ./drivers/fsl_lpuart_dma.o
 .debug_info    0x0000e4db     0x17f3 ./drivers/fsl_spi.o
 .debug_info    0x0000fcce      0x45d ./device/system_MKL43Z4.o
 .debug_info    0x0001012b      0xafc ./board/clock_config.o

.debug_abbrev   0x00000000     0x3059
 .debug_abbrev  0x00000000      0x1b8 ./startup/startup_mkl43z4.o
 .debug_abbrev  0x000001b8      0x1ff ./source/SD2_I2C.o
 .debug_abbrev  0x000003b7      0x286 ./source/SD2_board.o
 .debug_abbrev  0x0000063d      0x195 ./source/TP3.o
 .debug_abbrev  0x000007d2       0xe1 ./source/animacion3D.o
 .debug_abbrev  0x000008b3      0x12f ./source/display_utils.o
 .debug_abbrev  0x000009e2       0x4a ./source/font5x7.o
 .debug_abbrev  0x00000a2c      0x30d ./source/mma8451.o
 .debug_abbrev  0x00000d39       0x46 ./source/mtb.o
 .debug_abbrev  0x00000d7f      0x1a5 ./source/oled.o
 .debug_abbrev  0x00000f24       0x62 ./source/pato_lucas.o
 .debug_abbrev  0x00000f86       0xf4 ./source/request_manager.o
 .debug_abbrev  0x0000107a       0xf5 ./source/ringBuffer.o
 .debug_abbrev  0x0000116f      0x358 ./source/rs485_drv.o
 .debug_abbrev  0x000014c7       0x31 ./source/semihost_hardfault.o
 .debug_abbrev  0x000014f8      0x2d5 ./source/uart0_drv.o
 .debug_abbrev  0x000017cd      0x2b0 ./drivers/fsl_clock.o
 .debug_abbrev  0x00001a7d      0x2cf ./drivers/fsl_dma.o
 .debug_abbrev  0x00001d4c      0x17e ./drivers/fsl_dmamux.o
 .debug_abbrev  0x00001eca      0x20d ./drivers/fsl_gpio.o
 .debug_abbrev  0x000020d7      0x35a ./drivers/fsl_i2c.o
 .debug_abbrev  0x00002431      0x2fe ./drivers/fsl_lpuart.o
 .debug_abbrev  0x0000272f      0x2a6 ./drivers/fsl_lpuart_dma.o
 .debug_abbrev  0x000029d5      0x36e ./drivers/fsl_spi.o
 .debug_abbrev  0x00002d43      0x148 ./device/system_MKL43Z4.o
 .debug_abbrev  0x00002e8b      0x1ce ./board/clock_config.o

.debug_aranges  0x00000000      0xda0
 .debug_aranges
                0x00000000      0x160 ./startup/startup_mkl43z4.o
 .debug_aranges
                0x00000160       0x50 ./source/SD2_I2C.o
 .debug_aranges
                0x000001b0       0x80 ./source/SD2_board.o
 .debug_aranges
                0x00000230       0x38 ./source/TP3.o
 .debug_aranges
                0x00000268       0x30 ./source/animacion3D.o
 .debug_aranges
                0x00000298       0x38 ./source/display_utils.o
 .debug_aranges
                0x000002d0       0x18 ./source/font5x7.o
 .debug_aranges
                0x000002e8       0xa8 ./source/mma8451.o
 .debug_aranges
                0x00000390       0x18 ./source/mtb.o
 .debug_aranges
                0x000003a8       0x98 ./source/oled.o
 .debug_aranges
                0x00000440       0x18 ./source/pato_lucas.o
 .debug_aranges
                0x00000458       0x48 ./source/request_manager.o
 .debug_aranges
                0x000004a0       0x50 ./source/ringBuffer.o
 .debug_aranges
                0x000004f0       0xa0 ./source/rs485_drv.o
 .debug_aranges
                0x00000590       0x20 ./source/semihost_hardfault.o
 .debug_aranges
                0x000005b0       0x80 ./source/uart0_drv.o
 .debug_aranges
                0x00000630       0xd0 ./drivers/fsl_clock.o
 .debug_aranges
                0x00000700       0xd0 ./drivers/fsl_dma.o
 .debug_aranges
                0x000007d0       0x40 ./drivers/fsl_dmamux.o
 .debug_aranges
                0x00000810       0x68 ./drivers/fsl_gpio.o
 .debug_aranges
                0x00000878      0x178 ./drivers/fsl_i2c.o
 .debug_aranges
                0x000009f0      0x120 ./drivers/fsl_lpuart.o
 .debug_aranges
                0x00000b10       0x98 ./drivers/fsl_lpuart_dma.o
 .debug_aranges
                0x00000ba8      0x148 ./drivers/fsl_spi.o
 .debug_aranges
                0x00000cf0       0x30 ./device/system_MKL43Z4.o
 .debug_aranges
                0x00000d20       0x80 ./board/clock_config.o

.debug_ranges   0x00000000      0xbe8
 .debug_ranges  0x00000000      0x150 ./startup/startup_mkl43z4.o
 .debug_ranges  0x00000150       0x40 ./source/SD2_I2C.o
 .debug_ranges  0x00000190       0x70 ./source/SD2_board.o
 .debug_ranges  0x00000200       0x28 ./source/TP3.o
 .debug_ranges  0x00000228       0x20 ./source/animacion3D.o
 .debug_ranges  0x00000248       0x28 ./source/display_utils.o
 .debug_ranges  0x00000270       0x98 ./source/mma8451.o
 .debug_ranges  0x00000308       0x88 ./source/oled.o
 .debug_ranges  0x00000390       0x38 ./source/request_manager.o
 .debug_ranges  0x000003c8       0x40 ./source/ringBuffer.o
 .debug_ranges  0x00000408       0x90 ./source/rs485_drv.o
 .debug_ranges  0x00000498       0x10 ./source/semihost_hardfault.o
 .debug_ranges  0x000004a8       0x70 ./source/uart0_drv.o
 .debug_ranges  0x00000518       0xc0 ./drivers/fsl_clock.o
 .debug_ranges  0x000005d8       0xc0 ./drivers/fsl_dma.o
 .debug_ranges  0x00000698       0x30 ./drivers/fsl_dmamux.o
 .debug_ranges  0x000006c8       0x58 ./drivers/fsl_gpio.o
 .debug_ranges  0x00000720      0x168 ./drivers/fsl_i2c.o
 .debug_ranges  0x00000888      0x110 ./drivers/fsl_lpuart.o
 .debug_ranges  0x00000998       0x88 ./drivers/fsl_lpuart_dma.o
 .debug_ranges  0x00000a20      0x138 ./drivers/fsl_spi.o
 .debug_ranges  0x00000b58       0x20 ./device/system_MKL43Z4.o
 .debug_ranges  0x00000b78       0x70 ./board/clock_config.o

.debug_macro    0x00000000     0x25ea
 .debug_macro   0x00000000       0x29 ./startup/startup_mkl43z4.o
 .debug_macro   0x00000029      0x168 ./source/SD2_I2C.o
 .debug_macro   0x00000191       0x10 ./source/SD2_I2C.o
 .debug_macro   0x000001a1       0x22 ./source/SD2_I2C.o
 .debug_macro   0x000001c3       0x10 ./source/SD2_I2C.o
 .debug_macro   0x000001d3       0x22 ./source/SD2_I2C.o
 .debug_macro   0x000001f5       0x16 ./source/SD2_I2C.o
 .debug_macro   0x0000020b      0x193 ./source/SD2_I2C.o
 .debug_macro   0x0000039e      0x153 ./source/SD2_board.o
 .debug_macro   0x000004f1       0x1c ./source/SD2_board.o
 .debug_macro   0x0000050d      0x1aa ./source/TP3.o
 .debug_macro   0x000006b7       0xd2 ./source/TP3.o
 .debug_macro   0x00000789       0x10 ./source/TP3.o
 .debug_macro   0x00000799       0x16 ./source/TP3.o
 .debug_macro   0x000007af       0x1c ./source/TP3.o
 .debug_macro   0x000007cb      0x1b5 ./source/TP3.o
 .debug_macro   0x00000980       0x16 ./source/TP3.o
 .debug_macro   0x00000996       0x72 ./source/animacion3D.o
 .debug_macro   0x00000a08       0xd8 ./source/animacion3D.o
 .debug_macro   0x00000ae0       0x8b ./source/display_utils.o
 .debug_macro   0x00000b6b       0x1a ./source/font5x7.o
 .debug_macro   0x00000b85      0x696 ./source/font5x7.o
 .debug_macro   0x0000121b      0x1be ./source/mma8451.o
 .debug_macro   0x000013d9       0x1c ./source/mma8451.o
 .debug_macro   0x000013f5       0x2e ./source/mma8451.o
 .debug_macro   0x00001423       0x2f ./source/mtb.o
 .debug_macro   0x00001452       0x82 ./source/mtb.o
 .debug_macro   0x000014d4       0x10 ./source/mtb.o
 .debug_macro   0x000014e4       0xef ./source/oled.o
 .debug_macro   0x000015d3       0x10 ./source/oled.o
 .debug_macro   0x000015e3       0x24 ./source/pato_lucas.o
 .debug_macro   0x00001607      0x175 ./source/request_manager.o
 .debug_macro   0x0000177c       0x62 ./source/ringBuffer.o
 .debug_macro   0x000017de      0x1b8 ./source/rs485_drv.o
 .debug_macro   0x00001996       0x10 ./source/rs485_drv.o
 .debug_macro   0x000019a6       0x10 ./source/rs485_drv.o
 .debug_macro   0x000019b6       0x11 ./source/semihost_hardfault.o
 .debug_macro   0x000019c7      0x1ac ./source/uart0_drv.o
 .debug_macro   0x00001b73      0x12f ./drivers/fsl_clock.o
 .debug_macro   0x00001ca2       0x1c ./drivers/fsl_clock.o
 .debug_macro   0x00001cbe      0x103 ./drivers/fsl_dma.o
 .debug_macro   0x00001dc1      0x103 ./drivers/fsl_dmamux.o
 .debug_macro   0x00001ec4      0x102 ./drivers/fsl_gpio.o
 .debug_macro   0x00001fc6       0x10 ./drivers/fsl_gpio.o
 .debug_macro   0x00001fd6      0x102 ./drivers/fsl_i2c.o
 .debug_macro   0x000020d8      0x102 ./drivers/fsl_lpuart.o
 .debug_macro   0x000021da      0x121 ./drivers/fsl_lpuart_dma.o
 .debug_macro   0x000022fb      0x102 ./drivers/fsl_spi.o
 .debug_macro   0x000023fd       0x16 ./drivers/fsl_spi.o
 .debug_macro   0x00002413       0x97 ./device/system_MKL43Z4.o
 .debug_macro   0x000024aa      0x140 ./board/clock_config.o

.debug_line     0x00000000     0x9eff
 .debug_line    0x00000000      0x1eb ./startup/startup_mkl43z4.o
 .debug_line    0x000001eb      0x600 ./source/SD2_I2C.o
 .debug_line    0x000007eb      0x6da ./source/SD2_board.o
 .debug_line    0x00000ec5      0x599 ./source/TP3.o
 .debug_line    0x0000145e      0x20c ./source/animacion3D.o
 .debug_line    0x0000166a      0x315 ./source/display_utils.o
 .debug_line    0x0000197f       0x44 ./source/font5x7.o
 .debug_line    0x000019c3      0x92f ./source/mma8451.o
 .debug_line    0x000022f2       0xd1 ./source/mtb.o
 .debug_line    0x000023c3      0x812 ./source/oled.o
 .debug_line    0x00002bd5       0x57 ./source/pato_lucas.o
 .debug_line    0x00002c2c      0x574 ./source/request_manager.o
 .debug_line    0x000031a0      0x2e0 ./source/ringBuffer.o
 .debug_line    0x00003480      0x7e3 ./source/rs485_drv.o
 .debug_line    0x00003c63       0x59 ./source/semihost_hardfault.o
 .debug_line    0x00003cbc      0x708 ./source/uart0_drv.o
 .debug_line    0x000043c4      0x884 ./drivers/fsl_clock.o
 .debug_line    0x00004c48      0x7c1 ./drivers/fsl_dma.o
 .debug_line    0x00005409      0x3ed ./drivers/fsl_dmamux.o
 .debug_line    0x000057f6      0x50e ./drivers/fsl_gpio.o
 .debug_line    0x00005d04     0x142b ./drivers/fsl_i2c.o
 .debug_line    0x0000712f      0xe87 ./drivers/fsl_lpuart.o
 .debug_line    0x00007fb6      0x769 ./drivers/fsl_lpuart_dma.o
 .debug_line    0x0000871f      0xf8a ./drivers/fsl_spi.o
 .debug_line    0x000096a9      0x2fd ./device/system_MKL43Z4.o
 .debug_line    0x000099a6      0x559 ./board/clock_config.o

.debug_str      0x00000000    0x586be
 .debug_str     0x00000000     0x309a ./startup/startup_mkl43z4.o
                               0x310a (size before relaxing)
 .debug_str     0x0000309a    0x4c7d3 ./source/SD2_I2C.o
                              0x4f6fd (size before relaxing)
 .debug_str     0x0004f86d      0xf03 ./source/SD2_board.o
                              0x503c9 (size before relaxing)
 .debug_str     0x00050770     0x110c ./source/TP3.o
                              0x4ff83 (size before relaxing)
 .debug_str     0x0005187c       0xa5 ./source/animacion3D.o
                               0x4788 (size before relaxing)
 .debug_str     0x00051921      0x183 ./source/display_utils.o
                               0x48ce (size before relaxing)
 .debug_str     0x00051aa4      0xe2c ./source/font5x7.o
                               0x3b20 (size before relaxing)
 .debug_str     0x000528d0      0xeda ./source/mma8451.o
                              0x50606 (size before relaxing)
 .debug_str     0x000537aa      0x532 ./source/mtb.o
                               0x321d (size before relaxing)
 .debug_str     0x00053cdc      0x326 ./source/oled.o
                              0x47419 (size before relaxing)
 .debug_str     0x00054002       0x17 ./source/pato_lucas.o
                               0x3b75 (size before relaxing)
 .debug_str     0x00054019      0x236 ./source/request_manager.o
                              0x4edc2 (size before relaxing)
 .debug_str     0x0005424f       0xd7 ./source/ringBuffer.o
                               0x456e (size before relaxing)
 .debug_str     0x00054326     0x11c7 ./source/rs485_drv.o
                              0x51d7c (size before relaxing)
 .debug_str     0x000554ed       0x1f ./source/semihost_hardfault.o
                               0x2d0a (size before relaxing)
 .debug_str     0x0005550c      0x17d ./source/uart0_drv.o
                              0x51be5 (size before relaxing)
 .debug_str     0x00055689      0xa7a ./drivers/fsl_clock.o
                              0x4fe6d (size before relaxing)
 .debug_str     0x00056103      0x6df ./drivers/fsl_dma.o
                              0x4fb8e (size before relaxing)
 .debug_str     0x000567e2       0x90 ./drivers/fsl_dmamux.o
                              0x4f1f3 (size before relaxing)
 .debug_str     0x00056872       0xe1 ./drivers/fsl_gpio.o
                              0x4f1cd (size before relaxing)
 .debug_str     0x00056953      0x950 ./drivers/fsl_i2c.o
                              0x50130 (size before relaxing)
 .debug_str     0x000572a3      0x56b ./drivers/fsl_lpuart.o
                              0x5025a (size before relaxing)
 .debug_str     0x0005780e      0x264 ./drivers/fsl_lpuart_dma.o
                              0x4f8f3 (size before relaxing)
 .debug_str     0x00057a72      0x6e3 ./drivers/fsl_spi.o
                              0x4ffad (size before relaxing)
 .debug_str     0x00058155       0x7c ./device/system_MKL43Z4.o
                              0x4da52 (size before relaxing)
 .debug_str     0x000581d1      0x4ed ./board/clock_config.o
                              0x4f906 (size before relaxing)

.comment        0x00000000       0x49
 .comment       0x00000000       0x49 ./startup/startup_mkl43z4.o
                                 0x4a (size before relaxing)
 .comment       0x00000049       0x4a ./source/SD2_I2C.o
 .comment       0x00000049       0x4a ./source/SD2_board.o
 .comment       0x00000049       0x4a ./source/TP3.o
 .comment       0x00000049       0x4a ./source/animacion3D.o
 .comment       0x00000049       0x4a ./source/display_utils.o
 .comment       0x00000049       0x4a ./source/font5x7.o
 .comment       0x00000049       0x4a ./source/mma8451.o
 .comment       0x00000049       0x4a ./source/mtb.o
 .comment       0x00000049       0x4a ./source/oled.o
 .comment       0x00000049       0x4a ./source/pato_lucas.o
 .comment       0x00000049       0x4a ./source/request_manager.o
 .comment       0x00000049       0x4a ./source/ringBuffer.o
 .comment       0x00000049       0x4a ./source/rs485_drv.o
 .comment       0x00000049       0x4a ./source/semihost_hardfault.o
 .comment       0x00000049       0x4a ./source/uart0_drv.o
 .comment       0x00000049       0x4a ./drivers/fsl_clock.o
 .comment       0x00000049       0x4a ./drivers/fsl_dma.o
 .comment       0x00000049       0x4a ./drivers/fsl_dmamux.o
 .comment       0x00000049       0x4a ./drivers/fsl_gpio.o
 .comment       0x00000049       0x4a ./drivers/fsl_i2c.o
 .comment       0x00000049       0x4a ./drivers/fsl_lpuart.o
 .comment       0x00000049       0x4a ./drivers/fsl_lpuart_dma.o
 .comment       0x00000049       0x4a ./drivers/fsl_spi.o
 .comment       0x00000049       0x4a ./device/system_MKL43Z4.o
 .comment       0x00000049       0x4a ./board/clock_config.o
 .comment       0x00000049       0x4a c:/nxp/mcuxpressoide_11.5.1_7266/ide/plugins/com.nxp.mcuxpresso.tools.win32_11.5.1.202201181444/tools/bin/../lib/gcc/arm-none-eabi/10.3.1/../../../../arm-none-eabi/lib/thumb/v6-m/nofp\libcr_nohost_nf.a(_cr__main.o)
 .comment       0x00000049       0x4a c:/nxp/mcuxpressoide_11.5.1_7266/ide/plugins/com.nxp.mcuxpresso.tools.win32_11.5.1.202201181444/tools/bin/../lib/gcc/arm-none-eabi/10.3.1/../../../../arm-none-eabi/lib/thumb/v6-m/nofp\libcr_nohost_nf.a(_cr_assert.o)
 .comment       0x00000049       0x4a c:/nxp/mcuxpressoide_11.5.1_7266/ide/plugins/com.nxp.mcuxpresso.tools.win32_11.5.1.202201181444/tools/bin/../lib/gcc/arm-none-eabi/10.3.1/../../../../arm-none-eabi/lib/thumb/v6-m/nofp\libcr_nohost_nf.a(__ciob.o)
 .comment       0x00000049       0x4a c:/nxp/mcuxpressoide_11.5.1_7266/ide/plugins/com.nxp.mcuxpresso.tools.win32_11.5.1.202201181444/tools/bin/../lib/gcc/arm-none-eabi/10.3.1/../../../../arm-none-eabi/lib/thumb/v6-m/nofp\libcr_nohost_nf.a(__sys_appexit.o)
 .comment       0x00000049       0x4a c:/nxp/mcuxpressoide_11.5.1_7266/ide/plugins/com.nxp.mcuxpresso.tools.win32_11.5.1.202201181444/tools/bin/../lib/gcc/arm-none-eabi/10.3.1/../../../../arm-none-eabi/lib/thumb/v6-m/nofp\libcr_c.a(memcpy.o)
 .comment       0x00000049       0x4a c:/nxp/mcuxpressoide_11.5.1_7266/ide/plugins/com.nxp.mcuxpresso.tools.win32_11.5.1.202201181444/tools/bin/../lib/gcc/arm-none-eabi/10.3.1/../../../../arm-none-eabi/lib/thumb/v6-m/nofp\libcr_c.a(memset.o)
 .comment       0x00000049       0x4a c:/nxp/mcuxpressoide_11.5.1_7266/ide/plugins/com.nxp.mcuxpresso.tools.win32_11.5.1.202201181444/tools/bin/../lib/gcc/arm-none-eabi/10.3.1/../../../../arm-none-eabi/lib/thumb/v6-m/nofp\libcr_c.a(_deferredlazyseek.o)
 .comment       0x00000049       0x4a c:/nxp/mcuxpressoide_11.5.1_7266/ide/plugins/com.nxp.mcuxpresso.tools.win32_11.5.1.202201181444/tools/bin/../lib/gcc/arm-none-eabi/10.3.1/../../../../arm-none-eabi/lib/thumb/v6-m/nofp\libcr_c.a(_fflush.o)
 .comment       0x00000049       0x4a c:/nxp/mcuxpressoide_11.5.1_7266/ide/plugins/com.nxp.mcuxpresso.tools.win32_11.5.1.202201181444/tools/bin/../lib/gcc/arm-none-eabi/10.3.1/../../../../arm-none-eabi/lib/thumb/v6-m/nofp\libcr_c.a(_writebuf.o)
 .comment       0x00000049       0x4a c:/nxp/mcuxpressoide_11.5.1_7266/ide/plugins/com.nxp.mcuxpresso.tools.win32_11.5.1.202201181444/tools/bin/../lib/gcc/arm-none-eabi/10.3.1/../../../../arm-none-eabi/lib/thumb/v6-m/nofp\libcr_c.a(alloc.o)
 .comment       0x00000049       0x4a c:/nxp/mcuxpressoide_11.5.1_7266/ide/plugins/com.nxp.mcuxpresso.tools.win32_11.5.1.202201181444/tools/bin/../lib/gcc/arm-none-eabi/10.3.1/../../../../arm-none-eabi/lib/thumb/v6-m/nofp\libcr_c.a(fputs.o)
 .comment       0x00000049       0x4a c:/nxp/mcuxpressoide_11.5.1_7266/ide/plugins/com.nxp.mcuxpresso.tools.win32_11.5.1.202201181444/tools/bin/../lib/gcc/arm-none-eabi/10.3.1/../../../../arm-none-eabi/lib/thumb/v6-m/nofp\libcr_c.a(fseek.o)
 .comment       0x00000049       0x4a c:/nxp/mcuxpressoide_11.5.1_7266/ide/plugins/com.nxp.mcuxpresso.tools.win32_11.5.1.202201181444/tools/bin/../lib/gcc/arm-none-eabi/10.3.1/../../../../arm-none-eabi/lib/thumb/v6-m/nofp\libcr_c.a(ftell.o)
 .comment       0x00000049       0x4a c:/nxp/mcuxpressoide_11.5.1_7266/ide/plugins/com.nxp.mcuxpresso.tools.win32_11.5.1.202201181444/tools/bin/../lib/gcc/arm-none-eabi/10.3.1/../../../../arm-none-eabi/lib/thumb/v6-m/nofp\libcr_c.a(initio.o)
 .comment       0x00000049       0x4a c:/nxp/mcuxpressoide_11.5.1_7266/ide/plugins/com.nxp.mcuxpresso.tools.win32_11.5.1.202201181444/tools/bin/../lib/gcc/arm-none-eabi/10.3.1/../../../../arm-none-eabi/lib/thumb/v6-m/nofp\libcr_c.a(printf.o)
 .comment       0x00000049       0x4a c:/nxp/mcuxpressoide_11.5.1_7266/ide/plugins/com.nxp.mcuxpresso.tools.win32_11.5.1.202201181444/tools/bin/../lib/gcc/arm-none-eabi/10.3.1/../../../../arm-none-eabi/lib/thumb/v6-m/nofp\libcr_c.a(setvbuf.o)
 .comment       0x00000049       0x4a c:/nxp/mcuxpressoide_11.5.1_7266/ide/plugins/com.nxp.mcuxpresso.tools.win32_11.5.1.202201181444/tools/bin/../lib/gcc/arm-none-eabi/10.3.1/../../../../arm-none-eabi/lib/thumb/v6-m/nofp\libcr_c.a(strlen.o)
 .comment       0x00000049       0x4a c:/nxp/mcuxpressoide_11.5.1_7266/ide/plugins/com.nxp.mcuxpresso.tools.win32_11.5.1.202201181444/tools/bin/../lib/gcc/arm-none-eabi/10.3.1/../../../../arm-none-eabi/lib/thumb/v6-m/nofp\libcr_c.a(__init_alloc.o)
 .comment       0x00000049       0x4a c:/nxp/mcuxpressoide_11.5.1_7266/ide/plugins/com.nxp.mcuxpresso.tools.win32_11.5.1.202201181444/tools/bin/../lib/gcc/arm-none-eabi/10.3.1/../../../../arm-none-eabi/lib/thumb/v6-m/nofp\libcr_c.a(_cr_sbrk.o)
 .comment       0x00000049       0x4a c:/nxp/mcuxpressoide_11.5.1_7266/ide/plugins/com.nxp.mcuxpresso.tools.win32_11.5.1.202201181444/tools/bin/../lib/gcc/arm-none-eabi/10.3.1/../../../../arm-none-eabi/lib/thumb/v6-m/nofp\libcr_c.a(_fdopen.o)
 .comment       0x00000049       0x4a c:/nxp/mcuxpressoide_11.5.1_7266/ide/plugins/com.nxp.mcuxpresso.tools.win32_11.5.1.202201181444/tools/bin/../lib/gcc/arm-none-eabi/10.3.1/../../../../arm-none-eabi/lib/thumb/v6-m/nofp\libcr_c.a(errno.o)
 .comment       0x00000049       0x4a c:/nxp/mcuxpressoide_11.5.1_7266/ide/plugins/com.nxp.mcuxpresso.tools.win32_11.5.1.202201181444/tools/bin/../lib/gcc/arm-none-eabi/10.3.1/../../../../arm-none-eabi/lib/thumb/v6-m/nofp\libcr_c.a(fclose.o)
 .comment       0x00000049       0x4a c:/nxp/mcuxpressoide_11.5.1_7266/ide/plugins/com.nxp.mcuxpresso.tools.win32_11.5.1.202201181444/tools/bin/../lib/gcc/arm-none-eabi/10.3.1/../../../../arm-none-eabi/lib/thumb/v6-m/nofp\libcr_c.a(fflush.o)
 .comment       0x00000049       0x4a c:/nxp/mcuxpressoide_11.5.1_7266/ide/plugins/com.nxp.mcuxpresso.tools.win32_11.5.1.202201181444/tools/bin/../lib/gcc/arm-none-eabi/10.3.1/../../../../arm-none-eabi/lib/thumb/v6-m/nofp\libcr_c.a(remove.o)
 .comment       0x00000049       0x4a c:/nxp/mcuxpressoide_11.5.1_7266/ide/plugins/com.nxp.mcuxpresso.tools.win32_11.5.1.202201181444/tools/bin/../lib/gcc/arm-none-eabi/10.3.1/../../../../arm-none-eabi/lib/thumb/v6-m/nofp\libcr_c.a(_cr_check_heap.o)
 .comment       0x00000049       0x4a c:/nxp/mcuxpressoide_11.5.1_7266/ide/plugins/com.nxp.mcuxpresso.tools.win32_11.5.1.202201181444/tools/bin/../lib/gcc/arm-none-eabi/10.3.1/../../../../arm-none-eabi/lib/thumb/v6-m/nofp\libcr_c.a(_do_fflush.o)
 .comment       0x00000049       0x4a c:/nxp/mcuxpressoide_11.5.1_7266/ide/plugins/com.nxp.mcuxpresso.tools.win32_11.5.1.202201181444/tools/bin/../lib/gcc/arm-none-eabi/10.3.1/../../../../arm-none-eabi/lib/thumb/v6-m/nofp\libcr_nohost_nf.a(__sys_close.o)
 .comment       0x00000049       0x4a c:/nxp/mcuxpressoide_11.5.1_7266/ide/plugins/com.nxp.mcuxpresso.tools.win32_11.5.1.202201181444/tools/bin/../lib/gcc/arm-none-eabi/10.3.1/../../../../arm-none-eabi/lib/thumb/v6-m/nofp\libcr_nohost_nf.a(__sys_flen.o)
 .comment       0x00000049       0x4a c:/nxp/mcuxpressoide_11.5.1_7266/ide/plugins/com.nxp.mcuxpresso.tools.win32_11.5.1.202201181444/tools/bin/../lib/gcc/arm-none-eabi/10.3.1/../../../../arm-none-eabi/lib/thumb/v6-m/nofp\libcr_nohost_nf.a(__sys_istty.o)
 .comment       0x00000049       0x4a c:/nxp/mcuxpressoide_11.5.1_7266/ide/plugins/com.nxp.mcuxpresso.tools.win32_11.5.1.202201181444/tools/bin/../lib/gcc/arm-none-eabi/10.3.1/../../../../arm-none-eabi/lib/thumb/v6-m/nofp\libcr_nohost_nf.a(__sys_remove.o)
 .comment       0x00000049       0x4a c:/nxp/mcuxpressoide_11.5.1_7266/ide/plugins/com.nxp.mcuxpresso.tools.win32_11.5.1.202201181444/tools/bin/../lib/gcc/arm-none-eabi/10.3.1/../../../../arm-none-eabi/lib/thumb/v6-m/nofp\libcr_nohost_nf.a(__sys_seek.o)
 .comment       0x00000049       0x4a c:/nxp/mcuxpressoide_11.5.1_7266/ide/plugins/com.nxp.mcuxpresso.tools.win32_11.5.1.202201181444/tools/bin/../lib/gcc/arm-none-eabi/10.3.1/../../../../arm-none-eabi/lib/thumb/v6-m/nofp\libcr_nohost_nf.a(__sys_tmpnam.o)
 .comment       0x00000049       0x4a c:/nxp/mcuxpressoide_11.5.1_7266/ide/plugins/com.nxp.mcuxpresso.tools.win32_11.5.1.202201181444/tools/bin/../lib/gcc/arm-none-eabi/10.3.1/../../../../arm-none-eabi/lib/thumb/v6-m/nofp\libcr_nohost_nf.a(__sys_write.o)

.ARM.attributes
                0x00000000       0x2a
 .ARM.attributes
                0x00000000       0x2c ./startup/startup_mkl43z4.o
 .ARM.attributes
                0x0000002c       0x2c ./source/SD2_I2C.o
 .ARM.attributes
                0x00000058       0x2c ./source/SD2_board.o
 .ARM.attributes
                0x00000084       0x2c ./source/TP3.o
 .ARM.attributes
                0x000000b0       0x2c ./source/animacion3D.o
 .ARM.attributes
                0x000000dc       0x2c ./source/display_utils.o
 .ARM.attributes
                0x00000108       0x32 ./source/font5x7.o
 .ARM.attributes
                0x0000013a       0x2c ./source/mma8451.o
 .ARM.attributes
                0x00000166       0x32 ./source/mtb.o
 .ARM.attributes
                0x00000198       0x2c ./source/oled.o
 .ARM.attributes
                0x000001c4       0x32 ./source/pato_lucas.o
 .ARM.attributes
                0x000001f6       0x2c ./source/request_manager.o
 .ARM.attributes
                0x00000222       0x2c ./source/ringBuffer.o
 .ARM.attributes
                0x0000024e       0x2c ./source/rs485_drv.o
 .ARM.attributes
                0x0000027a       0x2c ./source/semihost_hardfault.o
 .ARM.attributes
                0x000002a6       0x2c ./source/uart0_drv.o
 .ARM.attributes
                0x000002d2       0x2c ./drivers/fsl_clock.o
 .ARM.attributes
                0x000002fe       0x2c ./drivers/fsl_dma.o
 .ARM.attributes
                0x0000032a       0x2c ./drivers/fsl_dmamux.o
 .ARM.attributes
                0x00000356       0x2c ./drivers/fsl_gpio.o
 .ARM.attributes
                0x00000382       0x2c ./drivers/fsl_i2c.o
 .ARM.attributes
                0x000003ae       0x2c ./drivers/fsl_lpuart.o
 .ARM.attributes
                0x000003da       0x2c ./drivers/fsl_lpuart_dma.o
 .ARM.attributes
                0x00000406       0x2c ./drivers/fsl_spi.o
 .ARM.attributes
                0x00000432       0x2c ./device/system_MKL43Z4.o
 .ARM.attributes
                0x0000045e       0x2c ./board/clock_config.o
 .ARM.attributes
                0x0000048a       0x2c c:/nxp/mcuxpressoide_11.5.1_7266/ide/plugins/com.nxp.mcuxpresso.tools.win32_11.5.1.202201181444/tools/bin/../lib/gcc/arm-none-eabi/10.3.1/../../../../arm-none-eabi/lib/thumb/v6-m/nofp\libcr_nohost_nf.a(_cr__main.o)
 .ARM.attributes
                0x000004b6       0x2c c:/nxp/mcuxpressoide_11.5.1_7266/ide/plugins/com.nxp.mcuxpresso.tools.win32_11.5.1.202201181444/tools/bin/../lib/gcc/arm-none-eabi/10.3.1/../../../../arm-none-eabi/lib/thumb/v6-m/nofp\libcr_nohost_nf.a(_cr_assert.o)
 .ARM.attributes
                0x000004e2       0x31 c:/nxp/mcuxpressoide_11.5.1_7266/ide/plugins/com.nxp.mcuxpresso.tools.win32_11.5.1.202201181444/tools/bin/../lib/gcc/arm-none-eabi/10.3.1/../../../../arm-none-eabi/lib/thumb/v6-m/nofp\libcr_nohost_nf.a(__ciob.o)
 .ARM.attributes
                0x00000513       0x2c c:/nxp/mcuxpressoide_11.5.1_7266/ide/plugins/com.nxp.mcuxpresso.tools.win32_11.5.1.202201181444/tools/bin/../lib/gcc/arm-none-eabi/10.3.1/../../../../arm-none-eabi/lib/thumb/v6-m/nofp\libcr_nohost_nf.a(__sys_appexit.o)
 .ARM.attributes
                0x0000053f       0x2c c:/nxp/mcuxpressoide_11.5.1_7266/ide/plugins/com.nxp.mcuxpresso.tools.win32_11.5.1.202201181444/tools/bin/../lib/gcc/arm-none-eabi/10.3.1/../../../../arm-none-eabi/lib/thumb/v6-m/nofp\libcr_c.a(memcpy.o)
 .ARM.attributes
                0x0000056b       0x2c c:/nxp/mcuxpressoide_11.5.1_7266/ide/plugins/com.nxp.mcuxpresso.tools.win32_11.5.1.202201181444/tools/bin/../lib/gcc/arm-none-eabi/10.3.1/../../../../arm-none-eabi/lib/thumb/v6-m/nofp\libcr_c.a(memset.o)
 .ARM.attributes
                0x00000597       0x2c c:/nxp/mcuxpressoide_11.5.1_7266/ide/plugins/com.nxp.mcuxpresso.tools.win32_11.5.1.202201181444/tools/bin/../lib/gcc/arm-none-eabi/10.3.1/../../../../arm-none-eabi/lib/thumb/v6-m/nofp\libcr_c.a(_deferredlazyseek.o)
 .ARM.attributes
                0x000005c3       0x2c c:/nxp/mcuxpressoide_11.5.1_7266/ide/plugins/com.nxp.mcuxpresso.tools.win32_11.5.1.202201181444/tools/bin/../lib/gcc/arm-none-eabi/10.3.1/../../../../arm-none-eabi/lib/thumb/v6-m/nofp\libcr_c.a(_fflush.o)
 .ARM.attributes
                0x000005ef       0x2c c:/nxp/mcuxpressoide_11.5.1_7266/ide/plugins/com.nxp.mcuxpresso.tools.win32_11.5.1.202201181444/tools/bin/../lib/gcc/arm-none-eabi/10.3.1/../../../../arm-none-eabi/lib/thumb/v6-m/nofp\libcr_c.a(_writebuf.o)
 .ARM.attributes
                0x0000061b       0x2c c:/nxp/mcuxpressoide_11.5.1_7266/ide/plugins/com.nxp.mcuxpresso.tools.win32_11.5.1.202201181444/tools/bin/../lib/gcc/arm-none-eabi/10.3.1/../../../../arm-none-eabi/lib/thumb/v6-m/nofp\libcr_c.a(alloc.o)
 .ARM.attributes
                0x00000647       0x2c c:/nxp/mcuxpressoide_11.5.1_7266/ide/plugins/com.nxp.mcuxpresso.tools.win32_11.5.1.202201181444/tools/bin/../lib/gcc/arm-none-eabi/10.3.1/../../../../arm-none-eabi/lib/thumb/v6-m/nofp\libcr_c.a(fputs.o)
 .ARM.attributes
                0x00000673       0x2c c:/nxp/mcuxpressoide_11.5.1_7266/ide/plugins/com.nxp.mcuxpresso.tools.win32_11.5.1.202201181444/tools/bin/../lib/gcc/arm-none-eabi/10.3.1/../../../../arm-none-eabi/lib/thumb/v6-m/nofp\libcr_c.a(fseek.o)
 .ARM.attributes
                0x0000069f       0x2c c:/nxp/mcuxpressoide_11.5.1_7266/ide/plugins/com.nxp.mcuxpresso.tools.win32_11.5.1.202201181444/tools/bin/../lib/gcc/arm-none-eabi/10.3.1/../../../../arm-none-eabi/lib/thumb/v6-m/nofp\libcr_c.a(ftell.o)
 .ARM.attributes
                0x000006cb       0x2c c:/nxp/mcuxpressoide_11.5.1_7266/ide/plugins/com.nxp.mcuxpresso.tools.win32_11.5.1.202201181444/tools/bin/../lib/gcc/arm-none-eabi/10.3.1/../../../../arm-none-eabi/lib/thumb/v6-m/nofp\libcr_c.a(initio.o)
 .ARM.attributes
                0x000006f7       0x2c c:/nxp/mcuxpressoide_11.5.1_7266/ide/plugins/com.nxp.mcuxpresso.tools.win32_11.5.1.202201181444/tools/bin/../lib/gcc/arm-none-eabi/10.3.1/../../../../arm-none-eabi/lib/thumb/v6-m/nofp\libcr_c.a(printf.o)
 .ARM.attributes
                0x00000723       0x2c c:/nxp/mcuxpressoide_11.5.1_7266/ide/plugins/com.nxp.mcuxpresso.tools.win32_11.5.1.202201181444/tools/bin/../lib/gcc/arm-none-eabi/10.3.1/../../../../arm-none-eabi/lib/thumb/v6-m/nofp\libcr_c.a(setvbuf.o)
 .ARM.attributes