Archive member included to satisfy reference by file (symbol)

c:/nxp/mcuxpressoide_11.5.1_7266/ide/plugins/com.nxp.mcuxpresso.tools.win32_11.5.1.202201181444/tools/bin/../lib/gcc/arm-none-eabi/10.3.1/../../../../arm-none-eabi/lib/thumb/v6-m/nofp\libcr_nohost_nf.a(_cr__main.o)
                              ./startup/startup_mkl43z4.o (__main)
c:/nxp/mcuxpressoide_11.5.1_7266/ide/plugins/com.nxp.mcuxpresso.tools.win32_11.5.1.202201181444/tools/bin/../lib/gcc/arm-none-eabi/10.3.1/../../../../arm-none-eabi/lib/thumb/v6-m/nofp\libcr_nohost_nf.a(_cr_assert.o)
                              ./utilities/fsl_debug_console.o (__assertion_failed)
c:/nxp/mcuxpressoide_11.5.1_7266/ide/plugins/com.nxp.mcuxpresso.tools.win32_11.5.1.202201181444/tools/bin/../lib/gcc/arm-none-eabi/10.3.1/../../../../arm-none-eabi/lib/thumb/v6-m/nofp\libcr_nohost_nf.a(__ciob.o)
                              c:/nxp/mcuxpressoide_11.5.1_7266/ide/plugins/com.nxp.mcuxpresso.tools.win32_11.5.1.202201181444/tools/bin/../lib/gcc/arm-none-eabi/10.3.1/../../../../arm-none-eabi/lib/thumb/v6-m/nofp\libcr_nohost_nf.a(_cr_assert.o) (__Ciob)
c:/nxp/mcuxpressoide_11.5.1_7266/ide/plugins/com.nxp.mcuxpresso.tools.win32_11.5.1.202201181444/tools/bin/../lib/gcc/arm-none-eabi/10.3.1/../../../../arm-none-eabi/lib/thumb/v6-m/nofp\libcr_nohost_nf.a(__sys_appexit.o)
                              c:/nxp/mcuxpressoide_11.5.1_7266/ide/plugins/com.nxp.mcuxpresso.tools.win32_11.5.1.202201181444/tools/bin/../lib/gcc/arm-none-eabi/10.3.1/../../../../arm-none-eabi/lib/thumb/v6-m/nofp\libcr_nohost_nf.a(_cr_assert.o) (__sys_appexit)
c:/nxp/mcuxpressoide_11.5.1_7266/ide/plugins/com.nxp.mcuxpresso.tools.win32_11.5.1.202201181444/tools/bin/../lib/gcc/arm-none-eabi/10.3.1/../../../../arm-none-eabi/lib/thumb/v6-m/nofp\libcr_c.a(memcpy.o)
                              ./utilities/fsl_str.o (memcpy)
c:/nxp/mcuxpressoide_11.5.1_7266/ide/plugins/com.nxp.mcuxpresso.tools.win32_11.5.1.202201181444/tools/bin/../lib/gcc/arm-none-eabi/10.3.1/../../../../arm-none-eabi/lib/thumb/v6-m/nofp\libcr_c.a(memset.o)
                              ./utilities/fsl_debug_console.o (memset)
c:/nxp/mcuxpressoide_11.5.1_7266/ide/plugins/com.nxp.mcuxpresso.tools.win32_11.5.1.202201181444/tools/bin/../lib/gcc/arm-none-eabi/10.3.1/../../../../arm-none-eabi/lib/thumb/v6-m/nofp\libcr_c.a(_deferredlazyseek.o)
                              c:/nxp/mcuxpressoide_11.5.1_7266/ide/plugins/com.nxp.mcuxpresso.tools.win32_11.5.1.202201181444/tools/bin/../lib/gcc/arm-none-eabi/10.3.1/../../../../arm-none-eabi/lib/thumb/v6-m/nofp\libcr_nohost_nf.a(_cr_assert.o) (__flsbuf)
c:/nxp/mcuxpressoide_11.5.1_7266/ide/plugins/com.nxp.mcuxpresso.tools.win32_11.5.1.202201181444/tools/bin/../lib/gcc/arm-none-eabi/10.3.1/../../../../arm-none-eabi/lib/thumb/v6-m/nofp\libcr_c.a(_fflush.o)
                              c:/nxp/mcuxpressoide_11.5.1_7266/ide/plugins/com.nxp.mcuxpresso.tools.win32_11.5.1.202201181444/tools/bin/../lib/gcc/arm-none-eabi/10.3.1/../../../../arm-none-eabi/lib/thumb/v6-m/nofp\libcr_c.a(_deferredlazyseek.o) (_fflush)
c:/nxp/mcuxpressoide_11.5.1_7266/ide/plugins/com.nxp.mcuxpresso.tools.win32_11.5.1.202201181444/tools/bin/../lib/gcc/arm-none-eabi/10.3.1/../../../../arm-none-eabi/lib/thumb/v6-m/nofp\libcr_c.a(_writebuf.o)
                              c:/nxp/mcuxpressoide_11.5.1_7266/ide/plugins/com.nxp.mcuxpresso.tools.win32_11.5.1.202201181444/tools/bin/../lib/gcc/arm-none-eabi/10.3.1/../../../../arm-none-eabi/lib/thumb/v6-m/nofp\libcr_c.a(_deferredlazyseek.o) (_Cwritebuf)
c:/nxp/mcuxpressoide_11.5.1_7266/ide/plugins/com.nxp.mcuxpresso.tools.win32_11.5.1.202201181444/tools/bin/../lib/gcc/arm-none-eabi/10.3.1/../../../../arm-none-eabi/lib/thumb/v6-m/nofp\libcr_c.a(alloc.o)
                              ./source/ringBuffer.o (malloc)
c:/nxp/mcuxpressoide_11.5.1_7266/ide/plugins/com.nxp.mcuxpresso.tools.win32_11.5.1.202201181444/tools/bin/../lib/gcc/arm-none-eabi/10.3.1/../../../../arm-none-eabi/lib/thumb/v6-m/nofp\libcr_c.a(fputs.o)
                              c:/nxp/mcuxpressoide_11.5.1_7266/ide/plugins/com.nxp.mcuxpresso.tools.win32_11.5.1.202201181444/tools/bin/../lib/gcc/arm-none-eabi/10.3.1/../../../../arm-none-eabi/lib/thumb/v6-m/nofp\libcr_nohost_nf.a(_cr_assert.o) (fputs)
c:/nxp/mcuxpressoide_11.5.1_7266/ide/plugins/com.nxp.mcuxpresso.tools.win32_11.5.1.202201181444/tools/bin/../lib/gcc/arm-none-eabi/10.3.1/../../../../arm-none-eabi/lib/thumb/v6-m/nofp\libcr_c.a(fseek.o)
                              c:/nxp/mcuxpressoide_11.5.1_7266/ide/plugins/com.nxp.mcuxpresso.tools.win32_11.5.1.202201181444/tools/bin/../lib/gcc/arm-none-eabi/10.3.1/../../../../arm-none-eabi/lib/thumb/v6-m/nofp\libcr_c.a(_deferredlazyseek.o) (fseek)
c:/nxp/mcuxpressoide_11.5.1_7266/ide/plugins/com.nxp.mcuxpresso.tools.win32_11.5.1.202201181444/tools/bin/../lib/gcc/arm-none-eabi/10.3.1/../../../../arm-none-eabi/lib/thumb/v6-m/nofp\libcr_c.a(ftell.o)
[...]
Memory Configuration

Name             Origin             Length             Attributes
PROGRAM_FLASH    0x00000000         0x00040000         xr
SRAM             0x1fffe000         0x00008000         xrw
*default*        0x00000000         0xffffffff

Linker script and memory map

LOAD ./utilities/fsl_debug_console.o
LOAD ./utilities/fsl_str.o
LOAD ./startup/startup_mkl43z4.o
LOAD ./source/ADC0.o
LOAD ./source/SD2_I2C.o
LOAD ./source/SD2_board.o
LOAD ./source/TP3.o
LOAD ./source/mma8451.o
LOAD ./source/mtb.o
LOAD ./source/request_manager.o
LOAD ./source/ringBuffer.o
LOAD ./source/rs485_drv.o
LOAD ./source/semihost_hardfault.o
LOAD ./source/uart0_drv.o
LOAD ./drivers/fsl_clock.o
LOAD ./drivers/fsl_common.o
LOAD ./drivers/fsl_dma.o
LOAD ./drivers/fsl_dmamux.o
LOAD ./drivers/fsl_gpio.o
LOAD ./drivers/fsl_i2c.o
LOAD ./drivers/fsl_lpuart.o
LOAD ./drivers/fsl_lpuart_dma.o
LOAD ./drivers/fsl_smc.o
LOAD ./drivers/fsl_spi.o
LOAD ./drivers/fsl_spi_dma.o
LOAD ./device/system_MKL43Z4.o
LOAD ./component/uart/lpuart_adapter.o
LOAD ./component/serial_manager/serial_manager.o
LOAD ./component/serial_manager/serial_port_uart.o
LOAD ./component/lists/generic_list.o
LOAD ./board/board.o
LOAD ./board/clock_config.o
LOAD ./board/peripherals.o
LOAD ./board/pin_mux.o
START GROUP
LOAD c:/nxp/mcuxpressoide_11.5.1_7266/ide/plugins/com.nxp.mcuxpresso.tools.win32_11.5.1.202201181444/tools/bin/../lib/gcc/arm-none-eabi/10.3.1/../../../../arm-none-eabi/lib/thumb/v6-m/nofp\libcr_nohost_nf.a
LOAD c:/nxp/mcuxpressoide_11.5.1_7266/ide/plugins/com.nxp.mcuxpresso.tools.win32_11.5.1.202201181444/tools/bin/../lib/gcc/arm-none-eabi/10.3.1/../../../../arm-none-eabi/lib/thumb/v6-m/nofp\libcr_c.a
LOAD c:/nxp/mcuxpressoide_11.5.1_7266/ide/plugins/com.nxp.mcuxpresso.tools.win32_11.5.1.202201181444/tools/bin/../lib/gcc/arm-none-eabi/10.3.1/thumb/v6-m/nofp\libcr_eabihelpers.a
LOAD c:/nxp/mcuxpressoide_11.5.1_7266/ide/plugins/com.nxp.mcuxpresso.tools.win32_11.5.1.202201181444/tools/bin/../lib/gcc/arm-none-eabi/10.3.1/thumb/v6-m/nofp\libgcc.a
END GROUP
                0x00000000                __base_PROGRAM_FLASH = 0x0
                0x00000000                __base_Flash = 0x0
                0x00040000                __top_PROGRAM_FLASH = 0x40000
                0x00040000                __top_Flash = 0x40000
                0x1fffe000                __base_SRAM = 0x1fffe000
                0x1fffe000                __base_RAM = 0x1fffe000
                0x20006000                __top_SRAM = 0x20006000
                0x20006000                __top_RAM = 0x20006000

.text           0x00000000     0x7b98
 FILL mask 0xff
                0x00000000                __vectors_start__ = ABSOLUTE (.)
 *(SORT_BY_ALIGNMENT(.isr_vector))
 .isr_vector    0x00000000       0xc0 ./startup/startup_mkl43z4.o
                0x00000000                g_pfnVectors
                0x00000000                __Vectors
                0x000000c0                . = ALIGN (0x4)
                0x000000c0                __section_table_start = .
                0x000000c0                __data_section_table = .
                0x000000c0        0x4 LONG 0x7b98 LOADADDR (.data)
                0x000000c4        0x4 LONG 0x1fffe080 ADDR (.data)
                0x000000c8        0x4 LONG 0x4 SIZEOF (.data)
                0x000000cc                __data_section_table_end = .
                0x000000cc                __bss_section_table = .
                0x000000cc        0x4 LONG 0x1fffe084 ADDR (.bss)
                0x000000d0        0x4 LONG 0x1ac SIZEOF (.bss)
                0x000000d4                __bss_section_table_end = .
                0x000000d4                __section_table_end = .
 *(SORT_BY_ALIGNMENT(.after_vectors*))
 .after_vectors.reset
                0x000000d4       0x4c ./startup/startup_mkl43z4.o
                0x000000d4                ResetISR
 .after_vectors.init_data
                0x00000120       0x12 ./startup/startup_mkl43z4.o
                0x00000120                data_init
 .after_vectors.init_bss
                0x00000132       0x10 ./startup/startup_mkl43z4.o
                0x00000132                bss_init
 .after_vectors
                0x00000142      0x10c ./startup/startup_mkl43z4.o
                0x00000142                NMI_Handler
                0x00000146                SVC_Handler
                0x00000148                PendSV_Handler
                0x0000014c                LPTMR0_DriverIRQHandler
                0x0000014c                PORTC_PORTD_DriverIRQHandler
                0x0000014c                Reserved42_DriverIRQHandler
                0x0000014c                Reserved43_DriverIRQHandler
                0x0000014c                PIT_DriverIRQHandler
                0x0000014c                CMP0_DriverIRQHandler
                0x0000014c                I2S0_DriverIRQHandler
                0x0000014c                ADC0_DriverIRQHandler
                0x0000014c                TPM2_DriverIRQHandler
                0x0000014c                UART2_FLEXIO_DriverIRQHandler
                0x0000014c                PMC_DriverIRQHandler
                0x0000014c                LCD_DriverIRQHandler
                0x0000014c                RTC_Seconds_DriverIRQHandler
                0x0000014c                LLWU_DriverIRQHandler
                0x0000014c                RTC_DriverIRQHandler
                0x0000014c                TPM1_DriverIRQHandler
                0x0000014c                PORTA_DriverIRQHandler
                0x0000014c                FTFA_DriverIRQHandler
                0x0000014c                IntDefaultHandler
                0x0000014c                USB0_DriverIRQHandler
                0x0000014c                DAC0_DriverIRQHandler
                0x0000014c                TPM0_DriverIRQHandler
                0x0000014c                Reserved20_DriverIRQHandler
                0x0000014e                DMA0_IRQHandler
                0x00000156                DMA1_IRQHandler
                0x0000015e                DMA2_IRQHandler
                0x00000166                DMA3_IRQHandler
                0x0000016e                Reserved20_IRQHandler
                0x00000176                FTFA_IRQHandler
                0x0000017e                PMC_IRQHandler
                0x00000186                LLWU_IRQHandler
                0x0000018e                I2C0_IRQHandler
                0x00000196                I2C1_IRQHandler
                0x0000019e                SPI0_IRQHandler
                0x000001a6                SPI1_IRQHandler
                0x000001be                UART2_FLEXIO_IRQHandler
                0x000001c6                ADC0_IRQHandler
                0x000001ce                CMP0_IRQHandler
                0x000001d6                TPM0_IRQHandler
                0x000001de                TPM1_IRQHandler
                0x000001e6                TPM2_IRQHandler
                0x000001ee                RTC_IRQHandler
                0x000001f6                RTC_Seconds_IRQHandler
                0x000001fe                PIT_IRQHandler
                0x00000206                I2S0_IRQHandler
                0x0000020e                USB0_IRQHandler
                0x00000216                DAC0_IRQHandler
                0x0000021e                Reserved42_IRQHandler
                0x00000226                Reserved43_IRQHandler
                0x0000022e                LPTMR0_IRQHandler
                0x00000236                LCD_IRQHandler
                0x0000023e                PORTA_IRQHandler
                0x00000400                . = 0x400
 *fill*         0x0000024e      0x1b2 ff
                0x00000400                PROVIDE (__FLASH_CONFIG_START__ = .)
 *(SORT_BY_ALIGNMENT(.FlashConfig))
 .FlashConfig   0x00000400       0x10 ./startup/startup_mkl43z4.o
                0x00000400                Flash_Config
                0x00000410                PROVIDE (__FLASH_CONFIG_END__ = .)
                0x00000001                ASSERT (! ((__FLASH_CONFIG_START__ == __FLASH_CONFIG_END__)), Linker Flash Config Support Enabled, but no .FlashConfig section provided within application)
 *(SORT_BY_ALIGNMENT(.text*))
 .text.DbgConsole_SendDataReliable
                0x00000410       0x70 ./utilities/fsl_debug_console.o
                0x00000410                DbgConsole_SendDataReliable
 .text.DbgConsole_Init
                0x00000480      0x178 ./utilities/fsl_debug_console.o
                0x00000480                DbgConsole_Init
 .text.DbgConsole_Printf
                0x000005f8       0x98 ./utilities/fsl_debug_console.o
                0x000005f8                DbgConsole_Printf
 .text.ADC0_begin
                0x00000690       0x78 ./source/ADC0.o
                0x00000690                ADC0_begin
 .text.ADC0_get
                0x00000708       0x30 ./source/ADC0.o
                0x00000708                ADC0_get
 .text.CLOCK_EnableClock
                0x00000738       0x34 ./source/SD2_I2C.o
 .text.PORT_SetPinConfig
                0x0000076c       0x38 ./source/SD2_I2C.o
 .text.I2C_releaseBus
                0x000007a4      0x124 ./source/SD2_I2C.o
 .text.I2C_configPins
                0x000008c8       0x80 ./source/SD2_I2C.o
 .text.SD2_I2C_init
                0x00000948       0x44 ./source/SD2_I2C.o
                0x00000948                SD2_I2C_init
 .text.CLOCK_EnableClock
                0x0000098c       0x34 ./source/SD2_board.o
 .text.PORT_SetPinConfig
                0x000009c0       0x38 ./source/SD2_board.o
 .text.board_init
                0x000009f8      0x198 ./source/SD2_board.o
                0x000009f8                board_init
 .text.board_setLed
                0x00000b90       0xd8 ./source/SD2_board.o
                0x00000b90                board_setLed
 .text.board_getSw
                0x00000c68       0x50 ./source/SD2_board.o
                0x00000c68                board_getSw
 .text.__NVIC_SetPriority
                0x00000cb8       0xdc ./source/TP3.o
 .text.SysTick_Config
                0x00000d94       0x48 ./source/TP3.o
 .text.main     0x00000ddc       0x48 ./source/TP3.o
                0x00000ddc                main
 .text.SysTick_Handler
                0x00000e24      0x154 ./source/TP3.o
                0x00000e24                SysTick_Handler
 .text.__NVIC_EnableIRQ
                0x00000f78       0x34 ./source/mma8451.o
 .text.__NVIC_SetPriority
                0x00000fac       0xdc ./source/mma8451.o
 .text.PORT_SetPinConfig
                0x00001088       0x38 ./source/mma8451.o
 .text.PORT_SetPinInterruptConfig
                0x000010c0       0x40 ./source/mma8451.o
 .text.mma8451_read_reg
                0x00001100       0x68 ./source/mma8451.o
 .text.mma8451_read_multi_reg
                0x00001168       0x68 ./source/mma8451.o
 .text.mma8451_write_reg
                0x000011d0       0x68 ./source/mma8451.o
 .text.config_port_int1
                0x00001238       0x74 ./source/mma8451.o
 .text.mma8451_init
                0x000012ac      0x1c4 ./source/mma8451.o
                0x000012ac                mma8451_init
 .text.mma8451_getAcX
                0x00001470       0x2c ./source/mma8451.o
                0x00001470                mma8451_getAcX
 .text.mma8451_getAcY
                0x0000149c       0x2c ./source/mma8451.o
                0x0000149c                mma8451_getAcY
 .text.mma8451_getAcZ
                0x000014c8       0x2c ./source/mma8451.o
                0x000014c8                mma8451_getAcZ
 .text.PORTC_PORTD_IRQHandler
                0x000014f4      0x130 ./source/mma8451.o
                0x000014f4                PORTC_PORTD_IRQHandler
 .text.requestManager_process_acceleration_request
                0x00001624       0x58 ./source/request_manager.o
                0x00001624                requestManager_process_acceleration_request
 .text.requestManager_detect_request
                0x0000167c       0x98 ./source/request_manager.o
                0x0000167c                requestManager_detect_request
 .text.__NVIC_EnableIRQ
                0x00001714       0x34 ./source/rs485_drv.o
 .text.__NVIC_DisableIRQ
                0x00001748       0x44 ./source/rs485_drv.o
 .text.PORT_SetPinConfig
                0x0000178c       0x38 ./source/rs485_drv.o
 .text.PORT_SetPinMux
                0x000017c4       0x40 ./source/rs485_drv.o
 .text.DMAMUX_EnableChannel
                0x00001804       0x40 ./source/rs485_drv.o
 .text.DMAMUX_SetSource
                0x00001844       0x50 ./source/rs485_drv.o
 .text.LPUART_UserCallback
                0x00001894       0x2c ./source/rs485_drv.o
 .text.rs485_RE
                0x000018c0       0x44 ./source/rs485_drv.o
 .text.rs485_DE
                0x00001904       0x44 ./source/rs485_drv.o
 .text.rs485_drv_init
                0x00001948      0x1a4 ./source/rs485_drv.o
                0x00001948                rs485_drv_init
 .text.rs485_drv_available_bytes_to_read
                0x00001aec       0x1c ./source/rs485_drv.o
                0x00001aec                rs485_drv_available_bytes_to_read
 .text.rs485_drv_recDatos
                0x00001b08       0x68 ./source/rs485_drv.o
                0x00001b08                rs485_drv_recDatos
 .text.rs485_drv_envDatos
                0x00001b70       0x84 ./source/rs485_drv.o
                0x00001b70                rs485_drv_envDatos
 .text.LPUART1_IRQHandler
                0x00001bf4       0xc4 ./source/rs485_drv.o
                0x00001bf4                LPUART1_IRQHandler
 .text.HardFault_Handler
                0x00001cb8       0x30 ./source/semihost_hardfault.o
                0x00001cb8                HardFault_Handler
 .text.LPUART0_IRQHandler
                0x00001ce8       0x98 ./source/uart0_drv.o
                0x00001ce8                LPUART0_IRQHandler
 .text.CLOCK_EnableClock
                0x00001d80       0x34 ./drivers/fsl_clock.o
 .text.CLOCK_DisableClock
                0x00001db4       0x38 ./drivers/fsl_clock.o
 .text.CLOCK_SetEr32kClock
                0x00001dec       0x34 ./drivers/fsl_clock.o
 .text.CLOCK_GetLircClkFreq
                0x00001e20       0x50 ./drivers/fsl_clock.o
 .text.CLOCK_GetOscRangeFromFreq
                0x00001e70       0x4c ./drivers/fsl_clock.o
 .text.CLOCK_GetOsc0ErClkFreq
                0x00001ebc       0x44 ./drivers/fsl_clock.o
                0x00001ebc                CLOCK_GetOsc0ErClkFreq
 .text.CLOCK_GetEr32kClkFreq
                0x00001f00       0x78 ./drivers/fsl_clock.o
                0x00001f00                CLOCK_GetEr32kClkFreq
 .text.CLOCK_GetFreq
                0x00001f78       0xc0 ./drivers/fsl_clock.o
                0x00001f78                CLOCK_GetFreq
 .text.CLOCK_SetSimConfig
                0x00002038       0x2c ./drivers/fsl_clock.o
                0x00002038                CLOCK_SetSimConfig
 .text.CLOCK_EnableUsbfs0Clock
                0x00002064       0x9c ./drivers/fsl_clock.o
                0x00002064                CLOCK_EnableUsbfs0Clock
 .text.CLOCK_GetInternalRefClkFreq
                0x00002100       0x48 ./drivers/fsl_clock.o
                0x00002100                CLOCK_GetInternalRefClkFreq
 .text.CLOCK_GetPeriphClkFreq
                0x00002148       0x3c ./drivers/fsl_clock.o
                0x00002148                CLOCK_GetPeriphClkFreq
 .text.CLOCK_GetOutClkFreq
                0x00002184       0x7c ./drivers/fsl_clock.o
                0x00002184                CLOCK_GetOutClkFreq
 .text.CLOCK_SetMcgliteConfig
                0x00002200      0x110 ./drivers/fsl_clock.o
                0x00002200                CLOCK_SetMcgliteConfig
 .text.CLOCK_InitOsc0
                0x00002310       0x94 ./drivers/fsl_clock.o
                0x00002310                CLOCK_InitOsc0
 .text.__NVIC_EnableIRQ
                0x000023a4       0x34 ./drivers/fsl_dma.o
 .text.CLOCK_EnableClock
                0x000023d8       0x34 ./drivers/fsl_dma.o
 .text.DMA_EnableInterrupts
                0x0000240c       0x4c ./drivers/fsl_dma.o
 .text.DMA_ClearChannelStatusFlags
                0x00002458       0x54 ./drivers/fsl_dma.o
 .text.DMA_GetInstance
                0x000024ac       0x48 ./drivers/fsl_dma.o
 .text.DMA_Init
                0x000024f4       0x24 ./drivers/fsl_dma.o
                0x000024f4                DMA_Init
 .text.DMA_ResetChannel
                0x00002518       0x90 ./drivers/fsl_dma.o
                0x00002518                DMA_ResetChannel
 .text.DMA_SetTransferConfig
                0x000025a8       0xdc ./drivers/fsl_dma.o
                0x000025a8                DMA_SetTransferConfig
 .text.DMA_CreateHandle
                0x00002684       0x90 ./drivers/fsl_dma.o
                0x00002684                DMA_CreateHandle
 .text.DMA_PrepareTransfer
                0x00002714      0x128 ./drivers/fsl_dma.o
                0x00002714                DMA_PrepareTransfer
 .text.DMA_SetCallback
                0x0000283c       0x34 ./drivers/fsl_dma.o
                0x0000283c                DMA_SetCallback
 .text.DMA_SubmitTransfer
                0x00002870       0x9c ./drivers/fsl_dma.o
                0x00002870                DMA_SubmitTransfer
 .text.DMA_HandleIRQ
                0x0000290c       0x4c ./drivers/fsl_dma.o
                0x0000290c                DMA_HandleIRQ
 .text.DMA0_DriverIRQHandler
                0x00002958       0x18 ./drivers/fsl_dma.o
                0x00002958                DMA0_DriverIRQHandler
 .text.DMA1_DriverIRQHandler
                0x00002970       0x18 ./drivers/fsl_dma.o
                0x00002970                DMA1_DriverIRQHandler
 .text.DMA2_DriverIRQHandler
                0x00002988       0x18 ./drivers/fsl_dma.o
                0x00002988                DMA2_DriverIRQHandler
 .text.DMA3_DriverIRQHandler
                0x000029a0       0x18 ./drivers/fsl_dma.o
                0x000029a0                DMA3_DriverIRQHandler
 .text.CLOCK_EnableClock
                0x000029b8       0x34 ./drivers/fsl_dmamux.o
 .text.DMAMUX_GetInstance
                0x000029ec       0x48 ./drivers/fsl_dmamux.o
 .text.DMAMUX_Init
                0x00002a34       0x24 ./drivers/fsl_dmamux.o
                0x00002a34                DMAMUX_Init
 .text.GPIO_PinInit
                0x00002a58       0x68 ./drivers/fsl_gpio.o
                0x00002a58                GPIO_PinInit
 .text.CLOCK_EnableClock
                0x00002ac0       0x34 ./drivers/fsl_i2c.o
 .text.I2C_GetInstance
                0x00002af4       0x4c ./drivers/fsl_i2c.o
                0x00002af4                I2C_GetInstance
 .text.I2C_CheckAndClearError
                0x00002b40       0x40 ./drivers/fsl_i2c.o
 .text.I2C_TransferCommonIRQHandler
                0x00002b80       0x64 ./drivers/fsl_i2c.o
 .text.I2C_MasterInit
                0x00002be4      0x108 ./drivers/fsl_i2c.o
                0x00002be4                I2C_MasterInit
 .text.I2C_MasterGetDefaultConfig
                0x00002cec       0x4c ./drivers/fsl_i2c.o
                0x00002cec                I2C_MasterGetDefaultConfig
 .text.I2C_MasterSetBaudRate
                0x00002d38       0xf8 ./drivers/fsl_i2c.o
                0x00002d38                I2C_MasterSetBaudRate
 .text.I2C_MasterStart
                0x00002e30       0x84 ./drivers/fsl_i2c.o
                0x00002e30                I2C_MasterStart
 .text.I2C_MasterRepeatedStart
                0x00002eb4       0xcc ./drivers/fsl_i2c.o
                0x00002eb4                I2C_MasterRepeatedStart
 .text.I2C_MasterWriteBlocking
                0x00002f80       0xec ./drivers/fsl_i2c.o
                0x00002f80                I2C_MasterWriteBlocking
 .text.I2C_MasterTransferBlocking
                0x0000306c      0x27c ./drivers/fsl_i2c.o
                0x0000306c                I2C_MasterTransferBlocking
 .text.I2C0_DriverIRQHandler
                0x000032e8       0x20 ./drivers/fsl_i2c.o
                0x000032e8                I2C0_DriverIRQHandler
 .text.I2C1_DriverIRQHandler
                0x00003308       0x20 ./drivers/fsl_i2c.o
                0x00003308                I2C1_DriverIRQHandler
 .text.CLOCK_EnableClock
                0x00003328       0x34 ./drivers/fsl_lpuart.o
 .text.LPUART_GetInstance
                0x0000335c       0x4c ./drivers/fsl_lpuart.o
                0x0000335c                LPUART_GetInstance
 .text.LPUART_Init
                0x000033a8      0x2bc ./drivers/fsl_lpuart.o
                0x000033a8                LPUART_Init
 .text.LPUART_GetDefaultConfig
                0x00003664       0x68 ./drivers/fsl_lpuart.o
                0x00003664                LPUART_GetDefaultConfig
 .text.LPUART_GetEnabledInterrupts
                0x000036cc       0x30 ./drivers/fsl_lpuart.o
                0x000036cc                LPUART_GetEnabledInterrupts
 .text.LPUART_ClearStatusFlags
                0x000036fc       0x88 ./drivers/fsl_lpuart.o
                0x000036fc                LPUART_ClearStatusFlags
 .text.LPUART_WriteBlocking
                0x00003784       0x6c ./drivers/fsl_lpuart.o
                0x00003784                LPUART_WriteBlocking
 .text.LPUART0_DriverIRQHandler
                0x000037f0       0x24 ./drivers/fsl_lpuart.o
                0x000037f0                LPUART0_DriverIRQHandler
 .text.LPUART1_DriverIRQHandler
                0x00003814       0x24 ./drivers/fsl_lpuart.o
                0x00003814                LPUART1_DriverIRQHandler
 .text.LPUART_EnableTxDMA
                0x00003838       0x40 ./drivers/fsl_lpuart_dma.o
 .text.LPUART_EnableRxDMA
                0x00003878       0x40 ./drivers/fsl_lpuart_dma.o
 .text.DMA_DisableInterrupts
                0x000038b8       0x48 ./drivers/fsl_lpuart_dma.o
 .text.DMA_StartTransfer
                0x00003900       0x54 ./drivers/fsl_lpuart_dma.o
 .text.LPUART_TransferSendDMACallback
                0x00003954       0x9c ./drivers/fsl_lpuart_dma.o
 .text.LPUART_TransferReceiveDMACallback
                0x000039f0       0x8c ./drivers/fsl_lpuart_dma.o
 .text.LPUART_TransferCreateHandleDMA
                0x00003a7c       0xb8 ./drivers/fsl_lpuart_dma.o
                0x00003a7c                LPUART_TransferCreateHandleDMA
 .text.LPUART_TransferSendDMA
                0x00003b34       0xec ./drivers/fsl_lpuart_dma.o
                0x00003b34                LPUART_TransferSendDMA
 .text.SPI_CommonIRQHandler
                0x00003c20       0x54 ./drivers/fsl_spi.o
 .text.SPI0_DriverIRQHandler
                0x00003c74       0x30 ./drivers/fsl_spi.o
                0x00003c74                SPI0_DriverIRQHandler
 .text.SPI1_DriverIRQHandler
                0x00003ca4       0x30 ./drivers/fsl_spi.o
                0x00003ca4                SPI1_DriverIRQHandler
 .text.SystemInit
                0x00003cd4       0x40 ./device/system_MKL43Z4.o
                0x00003cd4                SystemInit
 .text.HAL_UartGetStatus
                0x00003d14       0x20 ./component/uart/lpuart_adapter.o
 .text.HAL_UartInit
                0x00003d34      0x11c ./component/uart/lpuart_adapter.o
                0x00003d34                HAL_UartInit
 .text.HAL_UartSendBlocking
                0x00003e50       0x6c ./component/uart/lpuart_adapter.o
                0x00003e50                HAL_UartSendBlocking
 .text.SerialManager_StartWriting
                0x00003ebc       0x44 ./component/serial_manager/serial_manager.o
 .text.SerialManager_Write
                0x00003f00       0x74 ./component/serial_manager/serial_manager.o
 .text.SerialManager_Init
                0x00003f74       0x88 ./component/serial_manager/serial_manager.o
                0x00003f74                SerialManager_Init
 .text.SerialManager_OpenWriteHandle
                0x00003ffc       0x6c ./component/serial_manager/serial_manager.o
                0x00003ffc                SerialManager_OpenWriteHandle
 .text.SerialManager_OpenReadHandle
                0x00004068       0x80 ./component/serial_manager/serial_manager.o
                0x00004068                SerialManager_OpenReadHandle
 .text.Serial_UartInit
                0x000040e8       0x94 ./component/serial_manager/serial_port_uart.o
                0x000040e8                Serial_UartInit
 .text.Serial_UartWrite
                0x0000417c       0x5c ./component/serial_manager/serial_port_uart.o
                0x0000417c                Serial_UartWrite
 .text.CLOCK_SetLpuart0Clock
                0x000041d8       0x38 ./board/board.o
 .text.CLOCK_SetLpuart0Clock
                0x00004210       0x38 ./board/clock_config.o
 .text.CLOCK_SetLpuart1Clock
                0x00004248       0x38 ./board/clock_config.o
 .text.CLOCK_SetTpmClock
                0x00004280       0x38 ./board/clock_config.o
 .text.CLOCK_SetFlexio0Clock
                0x000042b8       0x38 ./board/clock_config.o
 .text.CLOCK_SetClkOutClock
                0x000042f0       0x34 ./board/clock_config.o
 .text.CLOCK_SetRtcClkOutClock
                0x00004324       0x34 ./board/clock_config.o
 .text.CLOCK_SetSimSafeDivs
                0x00004358       0x20 ./board/clock_config.o
 .text.CLOCK_SetXtal0Freq
                0x00004378       0x1c ./board/clock_config.o
 .text.BOARD_BootClockRUN
                0x00004394       0x7c ./board/clock_config.o
                0x00004394                BOARD_BootClockRUN
 .text.CLOCK_EnableClock
                0x00004410       0x34 ./board/pin_mux.o
 .text.PORT_SetPinConfig
                0x00004444       0x38 ./board/pin_mux.o
 .text.BOARD_InitDEBUG_UARTPins
                0x0000447c       0x7c ./board/pin_mux.o
                0x0000447c                BOARD_InitDEBUG_UARTPins
 .text.__assertion_failed
                0x000044f8       0x4c c:/nxp/mcuxpressoide_11.5.1_7266/ide/plugins/com.nxp.mcuxpresso.tools.win32_11.5.1.202201181444/tools/bin/../lib/gcc/arm-none-eabi/10.3.1/../../../../arm-none-eabi/lib/thumb/v6-m/nofp\libcr_nohost_nf.a(_cr_assert.o)
                0x000044f8                __assertion_failed
 .text._deferredlazyseek
                0x00004544       0x40 c:/nxp/mcuxpressoide_11.5.1_7266/ide/plugins/com.nxp.mcuxpresso.tools.win32_11.5.1.202201181444/tools/bin/../lib/gcc/arm-none-eabi/10.3.1/../../../../arm-none-eabi/lib/thumb/v6-m/nofp\libcr_c.a(_deferredlazyseek.o)
                0x00004544                _deferredlazyseek
 .text.__flsbuf
                0x00004584      0x150 c:/nxp/mcuxpressoide_11.5.1_7266/ide/plugins/com.nxp.mcuxpresso.tools.win32_11.5.1.202201181444/tools/bin/../lib/gcc/arm-none-eabi/10.3.1/../../../../arm-none-eabi/lib/thumb/v6-m/nofp\libcr_c.a(_deferredlazyseek.o)
                0x00004584                __flsbuf
 .text._fflush  0x000046d4       0x60 c:/nxp/mcuxpressoide_11.5.1_7266/ide/plugins/com.nxp.mcuxpresso.tools.win32_11.5.1.202201181444/tools/bin/../lib/gcc/arm-none-eabi/10.3.1/../../../../arm-none-eabi/lib/thumb/v6-m/nofp\libcr_c.a(_fflush.o)
                0x000046d4                _fflush
 .text._Cwritebuf
                0x00004734       0x68 c:/nxp/mcuxpressoide_11.5.1_7266/ide/plugins/com.nxp.mcuxpresso.tools.win32_11.5.1.202201181444/tools/bin/../lib/gcc/arm-none-eabi/10.3.1/../../../../arm-none-eabi/lib/thumb/v6-m/nofp\libcr_c.a(_writebuf.o)
                0x00004734                _Cwritebuf
 .text.malloc   0x0000479c       0xcc c:/nxp/mcuxpressoide_11.5.1_7266/ide/plugins/com.nxp.mcuxpresso.tools.win32_11.5.1.202201181444/tools/bin/../lib/gcc/arm-none-eabi/10.3.1/../../../../arm-none-eabi/lib/thumb/v6-m/nofp\libcr_c.a(alloc.o)
                0x0000479c                malloc
 .text._Csys_alloc
                0x00004868       0x20 c:/nxp/mcuxpressoide_11.5.1_7266/ide/plugins/com.nxp.mcuxpresso.tools.win32_11.5.1.202201181444/tools/bin/../lib/gcc/arm-none-eabi/10.3.1/../../../../arm-none-eabi/lib/thumb/v6-m/nofp\libcr_c.a(alloc.o)
                0x00004868                _Csys_alloc
 .text.fseek    0x00004888       0xf0 c:/nxp/mcuxpressoide_11.5.1_7266/ide/plugins/com.nxp.mcuxpresso.tools.win32_11.5.1.202201181444/tools/bin/../lib/gcc/arm-none-eabi/10.3.1/../../../../arm-none-eabi/lib/thumb/v6-m/nofp\libcr_c.a(fseek.o)
                0x00004888                fseek
 .text.ftell    0x00004978       0x48 c:/nxp/mcuxpressoide_11.5.1_7266/ide/plugins/com.nxp.mcuxpresso.tools.win32_11.5.1.202201181444/tools/bin/../lib/gcc/arm-none-eabi/10.3.1/../../../../arm-none-eabi/lib/thumb/v6-m/nofp\libcr_c.a(ftell.o)
                0x00004978                ftell
 .text._initio  0x000049c0       0x7c c:/nxp/mcuxpressoide_11.5.1_7266/ide/plugins/com.nxp.mcuxpresso.tools.win32_11.5.1.202201181444/tools/bin/../lib/gcc/arm-none-eabi/10.3.1/../../../../arm-none-eabi/lib/thumb/v6-m/nofp\libcr_c.a(initio.o)
                0x000049c0                _initio
 .text.__vfprintf
                0x00004a3c      0xd40 c:/nxp/mcuxpressoide_11.5.1_7266/ide/plugins/com.nxp.mcuxpresso.tools.win32_11.5.1.202201181444/tools/bin/../lib/gcc/arm-none-eabi/10.3.1/../../../../arm-none-eabi/lib/thumb/v6-m/nofp\libcr_c.a(printf.o)
                0x00004a3c                __vfprintf
 .text._sprintf
                0x0000577c       0x6c c:/nxp/mcuxpressoide_11.5.1_7266/ide/plugins/com.nxp.mcuxpresso.tools.win32_11.5.1.202201181444/tools/bin/../lib/gcc/arm-none-eabi/10.3.1/../../../../arm-none-eabi/lib/thumb/v6-m/nofp\libcr_c.a(printf.o)
                0x0000577c                _sprintf
 .text.setvbuf  0x000057e8       0x4c c:/nxp/mcuxpressoide_11.5.1_7266/ide/plugins/com.nxp.mcuxpresso.tools.win32_11.5.1.202201181444/tools/bin/../lib/gcc/arm-none-eabi/10.3.1/../../../../arm-none-eabi/lib/thumb/v6-m/nofp\libcr_c.a(setvbuf.o)
                0x000057e8                setvbuf
 .text.strlen   0x00005834       0x58 c:/nxp/mcuxpressoide_11.5.1_7266/ide/plugins/com.nxp.mcuxpresso.tools.win32_11.5.1.202201181444/tools/bin/../lib/gcc/arm-none-eabi/10.3.1/../../../../arm-none-eabi/lib/thumb/v6-m/nofp\libcr_c.a(strlen.o)
                0x00005834                strlen
 .text._sbrk    0x0000588c       0x44 c:/nxp/mcuxpressoide_11.5.1_7266/ide/plugins/com.nxp.mcuxpresso.tools.win32_11.5.1.202201181444/tools/bin/../lib/gcc/arm-none-eabi/10.3.1/../../../../arm-none-eabi/lib/thumb/v6-m/nofp\libcr_c.a(_cr_sbrk.o)
                0x0000588c                _sbrk
 .text._fdopen  0x000058d0       0x74 c:/nxp/mcuxpressoide_11.5.1_7266/ide/plugins/com.nxp.mcuxpresso.tools.win32_11.5.1.202201181444/tools/bin/../lib/gcc/arm-none-eabi/10.3.1/../../../../arm-none-eabi/lib/thumb/v6-m/nofp\libcr_c.a(_fdopen.o)
                0x000058d0                _fdopen
 .text.fclose   0x00005944       0x5c c:/nxp/mcuxpressoide_11.5.1_7266/ide/plugins/com.nxp.mcuxpresso.tools.win32_11.5.1.202201181444/tools/bin/../lib/gcc/arm-none-eabi/10.3.1/../../../../arm-none-eabi/lib/thumb/v6-m/nofp\libcr_c.a(fclose.o)
                0x00005944                fclose
 .text.fflush   0x000059a0       0x44 c:/nxp/mcuxpressoide_11.5.1_7266/ide/plugins/com.nxp.mcuxpresso.tools.win32_11.5.1.202201181444/tools/bin/../lib/gcc/arm-none-eabi/10.3.1/../../../../arm-none-eabi/lib/thumb/v6-m/nofp\libcr_c.a(fflush.o)
                0x000059a0                fflush
 .text.__check_heap_overflow
                0x000059e4       0x18 c:/nxp/mcuxpressoide_11.5.1_7266/ide/plugins/com.nxp.mcuxpresso.tools.win32_11.5.1.202201181444/tools/bin/../lib/gcc/arm-none-eabi/10.3.1/../../../../arm-none-eabi/lib/thumb/v6-m/nofp\libcr_c.a(_cr_check_heap.o)
                0x000059e4                __check_heap_overflow
 .text._do_fflush
                0x000059fc       0x48 c:/nxp/mcuxpressoide_11.5.1_7266/ide/plugins/com.nxp.mcuxpresso.tools.win32_11.5.1.202201181444/tools/bin/../lib/gcc/arm-none-eabi/10.3.1/../../../../arm-none-eabi/lib/thumb/v6-m/nofp\libcr_c.a(_do_fflush.o)
                0x000059fc                _do_fflush
 .text.DbgConsole_PrintCallback
                0x00005a44       0x6c ./utilities/fsl_debug_console.o
 .text.PrintGetWidth
                0x00005ab0       0x7c ./utilities/fsl_str.o
 .text.PrintGetPrecision
                0x00005b2c       0xa0 ./utilities/fsl_str.o
 .text.PrintIsobpu
                0x00005bcc       0x3e ./utilities/fsl_str.o
 .text.PrintIsdi
                0x00005c0a       0x2e ./utilities/fsl_str.o
 .text.PrintOutputdifFobpu
                0x00005c38       0x48 ./utilities/fsl_str.o
 .text.PrintOutputxX
                0x00005c80       0x48 ./utilities/fsl_str.o
 .text.PrintIsfF
                0x00005cc8       0x2e ./utilities/fsl_str.o
 .text.PrintIsxX
                0x00005cf6       0x2e ./utilities/fsl_str.o
 .text.PrintGetRadixFromobpu
                0x00005d24       0x58 ./utilities/fsl_str.o
 .text.ConvertRadixNumToString
                0x00005d7c      0x118 ./utilities/fsl_str.o
 .text.StrFormatPrintf
                0x00005e94      0x2a6 ./utilities/fsl_str.o
                0x00005e94                StrFormatPrintf
 .text.GPIO_PinWrite
                0x0000613a       0x38 ./source/SD2_I2C.o
 .text.i2c_release_bus_delay
                0x00006172       0x28 ./source/SD2_I2C.o
 .text.GPIO_PortSet
                0x0000619a       0x18 ./source/SD2_board.o
 .text.GPIO_PortClear
                0x000061b2       0x18 ./source/SD2_board.o
 .text.GPIO_PortToggle
                0x000061ca       0x18 ./source/SD2_board.o
 .text.GPIO_PinRead
                0x000061e2       0x20 ./source/SD2_board.o
 .text.PORT_ClearPinsInterruptFlags
                0x00006202       0x1a ./source/mma8451.o
 .text.mma8451_setDataRate
                0x0000621c       0x96 ./source/mma8451.o
                0x0000621c                mma8451_setDataRate
 .text.requestManager_init
                0x000062b2       0x12 ./source/request_manager.o
                0x000062b2                requestManager_init
 .text.requestManager_process_led_action_request
                0x000062c4       0x94 ./source/request_manager.o
                0x000062c4                requestManager_process_led_action_request
 .text.requestManager_process_switch_state_request
                0x00006358       0x76 ./source/request_manager.o
                0x00006358                requestManager_process_switch_state_request
 .text.requestManager_process_request
                0x000063ce       0xa0 ./source/request_manager.o
                0x000063ce                requestManager_process_request
 .text.ringBuffer_init
                0x0000646e       0x42 ./source/ringBuffer.o
                0x0000646e                ringBuffer_init
 .text.ringBuffer_putData
                0x000064b0       0x90 ./source/ringBuffer.o
                0x000064b0                ringBuffer_putData
 .text.ringBuffer_getData
                0x00006540       0x6c ./source/ringBuffer.o
                0x00006540                ringBuffer_getData
 .text.ringBuffer_isEmpty
                0x000065ac       0x1e ./source/ringBuffer.o
                0x000065ac                ringBuffer_isEmpty
 .text.ringBuffer_getCount
                0x000065ca       0x18 ./source/ringBuffer.o
                0x000065ca                ringBuffer_getCount
 .text.LPUART_ReadByte
                0x000065e2       0x16 ./source/rs485_drv.o
 .text.GPIO_PortSet
                0x000065f8       0x18 ./source/rs485_drv.o
 .text.GPIO_PortClear
                0x00006610       0x18 ./source/rs485_drv.o
 .text.LPUART_ReadByte
                0x00006628       0x16 ./source/uart0_drv.o
 .text.OSC_SetExtRefClkConfig
                0x0000663e       0x3e ./drivers/fsl_clock.o
 .text.OSC_SetCapLoad
                0x0000667c       0x42 ./drivers/fsl_clock.o
 .text.EnableIRQ
                0x000066be       0x30 ./drivers/fsl_dma.o
 .text.GPIO_PinWrite
                0x000066ee       0x38 ./drivers/fsl_gpio.o
 .text.I2C_MasterClearStatusFlags
                0x00006726       0x56 ./drivers/fsl_i2c.o
 .text.I2C_MasterStop
                0x0000677c       0x36 ./drivers/fsl_i2c.o
                0x0000677c                I2C_MasterStop
 .text.I2C_MasterGetStatusFlags
                0x000067b2       0x4a ./drivers/fsl_i2c.o
                0x000067b2                I2C_MasterGetStatusFlags
 .text.I2C_MasterReadBlocking
                0x000067fc       0xea ./drivers/fsl_i2c.o
                0x000067fc                I2C_MasterReadBlocking
 .text.LPUART_EnableInterrupts
                0x000068e6       0x3a ./drivers/fsl_lpuart.o
                0x000068e6                LPUART_EnableInterrupts
 .text.LPUART_DisableInterrupts
                0x00006920       0x3e ./drivers/fsl_lpuart.o
                0x00006920                LPUART_DisableInterrupts
 .text.LPUART_GetStatusFlags
                0x0000695e       0x18 ./drivers/fsl_lpuart.o
                0x0000695e                LPUART_GetStatusFlags
 .text.LPUART_GetDataRegisterAddress
                0x00006976       0x14 ./drivers/fsl_lpuart_dma.o
 .text.SystemInitHook
                0x0000698a        0xa ./device/system_MKL43Z4.o
                0x0000698a                SystemInitHook
 .text.DisableGlobalIRQ
                0x00006994       0x1e ./component/serial_manager/serial_manager.o
 .text.EnableGlobalIRQ
                0x000069b2       0x1c ./component/serial_manager/serial_manager.o
 .text.SerialManager_WriteBlocking
                0x000069ce       0x22 ./component/serial_manager/serial_manager.o
                0x000069ce                SerialManager_WriteBlocking
 .text.BOARD_InitDebugConsole
                0x000069f0       0x2c ./board/board.o
                0x000069f0                BOARD_InitDebugConsole
 .text.BOARD_InitBootClocks
                0x00006a1c        0xe ./board/clock_config.o
                0x00006a1c                BOARD_InitBootClocks
 .text.BOARD_InitBootPins
                0x00006a2a       0x12 ./board/pin_mux.o
                0x00006a2a                BOARD_InitBootPins
 .text.BOARD_InitPins
                0x00006a3c        0xa ./board/pin_mux.o
                0x00006a3c                BOARD_InitPins
 .text.__main   0x00006a46        0xc c:/nxp/mcuxpressoide_11.5.1_7266/ide/plugins/com.nxp.mcuxpresso.tools.win32_11.5.1.202201181444/tools/bin/../lib/gcc/arm-none-eabi/10.3.1/../../../../arm-none-eabi/lib/thumb/v6-m/nofp\libcr_nohost_nf.a(_cr__main.o)
                0x00006a46                __main
 .text.__sys_appexit
                0x00006a52        0x2 c:/nxp/mcuxpressoide_11.5.1_7266/ide/plugins/com.nxp.mcuxpresso.tools.win32_11.5.1.202201181444/tools/bin/../lib/gcc/arm-none-eabi/10.3.1/../../../../arm-none-eabi/lib/thumb/v6-m/nofp\libcr_nohost_nf.a(__sys_appexit.o)
                0x00006a52                __sys_appexit
                0x00006a52                __exit
 .text.memcpy   0x00006a54        0x8 c:/nxp/mcuxpressoide_11.5.1_7266/ide/plugins/com.nxp.mcuxpresso.tools.win32_11.5.1.202201181444/tools/bin/../lib/gcc/arm-none-eabi/10.3.1/../../../../arm-none-eabi/lib/thumb/v6-m/nofp\libcr_c.a(memcpy.o)
                0x00006a54                memcpy
 .text.memset   0x00006a5c        0x8 c:/nxp/mcuxpressoide_11.5.1_7266/ide/plugins/com.nxp.mcuxpresso.tools.win32_11.5.1.202201181444/tools/bin/../lib/gcc/arm-none-eabi/10.3.1/../../../../arm-none-eabi/lib/thumb/v6-m/nofp\libcr_c.a(memset.o)
                0x00006a5c                memset
 .text.free     0x00006a64       0x2c c:/nxp/mcuxpressoide_11.5.1_7266/ide/plugins/com.nxp.mcuxpresso.tools.win32_11.5.1.202201181444/tools/bin/../lib/gcc/arm-none-eabi/10.3.1/../../../../arm-none-eabi/lib/thumb/v6-m/nofp\libcr_c.a(alloc.o)
                0x00006a64                free
 .text.fputs    0x00006a90       0x2e c:/nxp/mcuxpressoide_11.5.1_7266/ide/plugins/com.nxp.mcuxpresso.tools.win32_11.5.1.202201181444/tools/bin/../lib/gcc/arm-none-eabi/10.3.1/../../../../arm-none-eabi/lib/thumb/v6-m/nofp\libcr_c.a(fputs.o)
                0x00006a90                fputs
 .text.no_fp_display
                0x00006abe        0x4 c:/nxp/mcuxpressoide_11.5.1_7266/ide/plugins/com.nxp.mcuxpresso.tools.win32_11.5.1.202201181444/tools/bin/../lib/gcc/arm-none-eabi/10.3.1/../../../../arm-none-eabi/lib/thumb/v6-m/nofp\libcr_c.a(printf.o)
 .text.remove   0x00006ac2       0x12 c:/nxp/mcuxpressoide_11.5.1_7266/ide/plugins/com.nxp.mcuxpresso.tools.win32_11.5.1.202201181444/tools/bin/../lib/gcc/arm-none-eabi/10.3.1/../../../../arm-none-eabi/lib/thumb/v6-m/nofp\libcr_c.a(remove.o)
                0x00006ac2                remove
 .text.__aeabi_division_idivmod
                0x00006ad4       0x78 c:/nxp/mcuxpressoide_11.5.1_7266/ide/plugins/com.nxp.mcuxpresso.tools.win32_11.5.1.202201181444/tools/bin/../lib/gcc/arm-none-eabi/10.3.1/thumb/v6-m/nofp\libcr_eabihelpers.a(division_32.o)
                0x00006ad4                __aeabi_idivmod
                0x00006ad4                __aeabi_idiv
                0x00006ada                __aeabi_uidivmod
                0x00006ada                __aeabi_uidiv
 .text.__aeabi_division_idiv0
                0x00006b4c        0x2 c:/nxp/mcuxpressoide_11.5.1_7266/ide/plugins/com.nxp.mcuxpresso.tools.win32_11.5.1.202201181444/tools/bin/../lib/gcc/arm-none-eabi/10.3.1/thumb/v6-m/nofp\libcr_eabihelpers.a(division_idiv0.o)
                0x00006b4c                __aeabi_idiv0
 .text.__aeabi_llong_lmul
                0x00006b4e       0x2e c:/nxp/mcuxpressoide_11.5.1_7266/ide/plugins/com.nxp.mcuxpresso.tools.win32_11.5.1.202201181444/tools/bin/../lib/gcc/arm-none-eabi/10.3.1/thumb/v6-m/nofp\libcr_eabihelpers.a(llong.o)
                0x00006b4e                __aeabi_lmul
 .text.__aeabi_memcpy
                0x00006b7c       0x2c c:/nxp/mcuxpressoide_11.5.1_7266/ide/plugins/com.nxp.mcuxpresso.tools.win32_11.5.1.202201181444/tools/bin/../lib/gcc/arm-none-eabi/10.3.1/thumb/v6-m/nofp\libcr_eabihelpers.a(memcpy.o)
                0x00006b7c                __aeabi_memcpy4
                0x00006b7c                __aeabi_memcpy8
                0x00006b7c                __aeabi_memcpy
 .text.__aeabi_memset_lowlevel
                0x00006ba8       0x2a c:/nxp/mcuxpressoide_11.5.1_7266/ide/plugins/com.nxp.mcuxpresso.tools.win32_11.5.1.202201181444/tools/bin/../lib/gcc/arm-none-eabi/10.3.1/thumb/v6-m/nofp\libcr_eabihelpers.a(memcpy.o)
                0x00006ba8                __aeabi_lowlevel_memset
 .text.__gnu_thumb1_case_shi
                0x00006bd2       0x10 c:/nxp/mcuxpressoide_11.5.1_7266/ide/plugins/com.nxp.mcuxpresso.tools.win32_11.5.1.202201181444/tools/bin/../lib/gcc/arm-none-eabi/10.3.1/thumb/v6-m/nofp\libcr_eabihelpers.a(thumb1_switch_helpers.o)
                0x00006bd2                __gnu_thumb1_case_shi
 .text.__sys_close
                0x00006be2        0x6 c:/nxp/mcuxpressoide_11.5.1_7266/ide/plugins/com.nxp.mcuxpresso.tools.win32_11.5.1.202201181444/tools/bin/../lib/gcc/arm-none-eabi/10.3.1/../../../../arm-none-eabi/lib/thumb/v6-m/nofp\libcr_nohost_nf.a(__sys_close.o)
                0x00006be2                __sys_close
 .text.__sys_flen
                0x00006be8        0x6 c:/nxp/mcuxpressoide_11.5.1_7266/ide/plugins/com.nxp.mcuxpresso.tools.win32_11.5.1.202201181444/tools/bin/../lib/gcc/arm-none-eabi/10.3.1/../../../../arm-none-eabi/lib/thumb/v6-m/nofp\libcr_nohost_nf.a(__sys_flen.o)
                0x00006be8                __sys_flen
 .text.__sys_istty
                0x00006bee        0x6 c:/nxp/mcuxpressoide_11.5.1_7266/ide/plugins/com.nxp.mcuxpresso.tools.win32_11.5.1.202201181444/tools/bin/../lib/gcc/arm-none-eabi/10.3.1/../../../../arm-none-eabi/lib/thumb/v6-m/nofp\libcr_nohost_nf.a(__sys_istty.o)
                0x00006bee                __sys_istty
 .text.__sys_remove
                0x00006bf4        0x6 c:/nxp/mcuxpressoide_11.5.1_7266/ide/plugins/com.nxp.mcuxpresso.tools.win32_11.5.1.202201181444/tools/bin/../lib/gcc/arm-none-eabi/10.3.1/../../../../arm-none-eabi/lib/thumb/v6-m/nofp\libcr_nohost_nf.a(__sys_remove.o)
                0x00006bf4                __sys_remove
 .text.__sys_seek
                0x00006bfa        0x6 c:/nxp/mcuxpressoide_11.5.1_7266/ide/plugins/com.nxp.mcuxpresso.tools.win32_11.5.1.202201181444/tools/bin/../lib/gcc/arm-none-eabi/10.3.1/../../../../arm-none-eabi/lib/thumb/v6-m/nofp\libcr_nohost_nf.a(__sys_seek.o)
                0x00006bfa                __sys_seek
 .text.__sys_tmpnam
                0x00006c00        0x6 c:/nxp/mcuxpressoide_11.5.1_7266/ide/plugins/com.nxp.mcuxpresso.tools.win32_11.5.1.202201181444/tools/bin/../lib/gcc/arm-none-eabi/10.3.1/../../../../arm-none-eabi/lib/thumb/v6-m/nofp\libcr_nohost_nf.a(__sys_tmpnam.o)
                0x00006c00                __sys_tmpnam
 .text.__sys_write
                0x00006c06        0x4 c:/nxp/mcuxpressoide_11.5.1_7266/ide/plugins/com.nxp.mcuxpresso.tools.win32_11.5.1.202201181444/tools/bin/../lib/gcc/arm-none-eabi/10.3.1/../../../../arm-none-eabi/lib/thumb/v6-m/nofp\libcr_nohost_nf.a(__sys_write.o)
                0x00006c06                __sys_write
 *(SORT_BY_ALIGNMENT(.rodata) SORT_BY_ALIGNMENT(.rodata.*) SORT_BY_ALIGNMENT(.constdata) SORT_BY_ALIGNMENT(.constdata.*))
 *fill*         0x00006c0a        0x2 ff
 .rodata.DbgConsole_SendDataReliable.str1.4
                0x00006c0c       0x4d ./utilities/fsl_debug_console.o
 *fill*         0x00006c59        0x3 ff
 .rodata.DbgConsole_Init.str1.4
                0x00006c5c       0xca ./utilities/fsl_debug_console.o
 *fill*         0x00006d26        0x2 ff
 .rodata.PORT_SetPinConfig.str1.4
                0x00006d28       0x47 ./source/SD2_I2C.o
 .rodata.PORT_SetPinConfig.str1.4
                0x00006d6f       0x47 ./source/SD2_board.o
 *fill*         0x00006d6f        0x1 ff
 .rodata.board_gpioLeds
                0x00006d70       0x18 ./source/SD2_board.o
 .rodata.board_gpioSw
                0x00006d88       0x18 ./source/SD2_board.o
 .rodata        0x00006da0        0x2 ./source/SD2_board.o
 *fill*         0x00006da2        0x2 ff
 .rodata.SysTick_Handler.str1.4
                0x00006da4       0x3c ./source/TP3.o
 .rodata.PORT_SetPinConfig.str1.4
                0x00006de0       0x47 ./source/mma8451.o
 .rodata.requestManager_process_acceleration_request.str1.4
                0x00006de0       0x12 ./source/request_manager.o
 .rodata.PORT_SetPinConfig.str1.4
                0x00006df2       0x47 ./source/rs485_drv.o
 *fill*         0x00006df2        0x2 ff
 .rodata.DMAMUX_EnableChannel.str1.4
                0x00006df4       0x77 ./source/rs485_drv.o
 *fill*         0x00006e6b        0x1 ff
 .rodata.DMAMUX_SetSource.str1.4
                0x00006e6c       0x78 ./source/rs485_drv.o
 .rodata.board_gpioContLine
                0x00006ee4       0x18 ./source/rs485_drv.o
 .rodata        0x00006efc        0x2 ./source/rs485_drv.o
 *fill*         0x00006efe        0x2 ff
 .rodata.CLOCK_GetOsc0ErClkFreq.str1.4
                0x00006f00       0x1e ./drivers/fsl_clock.o
 *fill*         0x00006f1e        0x2 ff
 .rodata.CLOCK_GetEr32kClkFreq.str1.4
                0x00006f20       0x1f ./drivers/fsl_clock.o
 *fill*         0x00006f3f        0x1 ff
 .rodata.CLOCK_GetFreq
                0x00006f40       0x50 ./drivers/fsl_clock.o
 .rodata.CLOCK_GetOutClkFreq.str1.4
                0x00006f90       0x1e ./drivers/fsl_clock.o
 *fill*         0x00006fae        0x2 ff
 .rodata.CLOCK_SetMcgliteConfig.str1.4
                0x00006fb0       0x1f ./drivers/fsl_clock.o
 *fill*         0x00006fcf        0x1 ff
 .rodata.lircFreqs.0
                0x00006fd0        0x8 ./drivers/fsl_clock.o
 .rodata.DMA_EnableInterrupts.str1.4
                0x00006fd8       0x46 ./drivers/fsl_dma.o
 *fill*         0x0000701e        0x2 ff
 .rodata.DMA_ClearChannelStatusFlags.str1.4
                0x00007020       0x46 ./drivers/fsl_dma.o
 *fill*         0x00007066        0x2 ff
 .rodata.s_dmaIRQNumber
                0x00007068        0x4 ./drivers/fsl_dma.o
 .rodata.DMA_GetInstance.str1.4
                0x0000706c       0x31 ./drivers/fsl_dma.o
 *fill*         0x0000709d        0x3 ff
 .rodata.DMA_ResetChannel.str1.4
                0x000070a0       0x43 ./drivers/fsl_dma.o
 *fill*         0x000070e3        0x1 ff
 .rodata.DMA_SetTransferConfig.str1.4
                0x000070e4       0x63 ./drivers/fsl_dma.o
 *fill*         0x00007147        0x1 ff
 .rodata.DMA_CreateHandle.str1.4
                0x00007148       0x63 ./drivers/fsl_dma.o
 *fill*         0x000071ab        0x1 ff
 .rodata.DMA_PrepareTransfer.str1.4
                0x000071ac       0xff ./drivers/fsl_dma.o
 *fill*         0x000072ab        0x1 ff
 .rodata.DMA_SetCallback.str1.4
                0x000072ac       0x1f ./drivers/fsl_dma.o
 *fill*         0x000072cb        0x1 ff
 .rodata.DMA_SubmitTransfer.str1.4
                0x000072cc       0x3f ./drivers/fsl_dma.o
 *fill*         0x0000730b        0x1 ff
 .rodata.DMA_HandleIRQ.str1.4
                0x0000730c       0x1f ./drivers/fsl_dma.o
 *fill*         0x0000732b        0x1 ff
 .rodata.DMAMUX_GetInstance.str1.4
                0x0000732c       0x37 ./drivers/fsl_dmamux.o
 *fill*         0x00007363        0x1 ff
 .rodata.GPIO_PinInit.str1.4
                0x00007364       0x20 ./drivers/fsl_gpio.o
 .rodata.s_i2cDividerTable
                0x00007384       0x80 ./drivers/fsl_i2c.o
 .rodata.s_i2cClocks
                0x00007404        0x8 ./drivers/fsl_i2c.o
 .rodata.s_i2cBases
                0x0000740c        0x8 ./drivers/fsl_i2c.o
 .rodata.I2C_GetInstance.str1.4
                0x00007414       0x32 ./drivers/fsl_i2c.o
 *fill*         0x00007446        0x2 ff
 .rodata.I2C_MasterInit.str1.4
                0x00007448       0x4a ./drivers/fsl_i2c.o
 *fill*         0x00007492        0x2 ff
 .rodata.I2C_MasterGetDefaultConfig.str1.4
                0x00007494       0x25 ./drivers/fsl_i2c.o
 *fill*         0x000074b9        0x3 ff
 .rodata.I2C_MasterTransferBlocking.str1.4
                0x000074bc       0x1e ./drivers/fsl_i2c.o
 *fill*         0x000074da        0x2 ff
 .rodata.s_lpuartBases
                0x000074dc        0x8 ./drivers/fsl_lpuart.o
 .rodata.s_lpuartClock
                0x000074e4        0x8 ./drivers/fsl_lpuart.o
 .rodata.LPUART_GetInstance.str1.4
                0x000074ec       0x38 ./drivers/fsl_lpuart.o
 .rodata.LPUART_Init.str1.4
                0x00007524       0x51 ./drivers/fsl_lpuart.o
 *fill*         0x00007575        0x3 ff
 .rodata.LPUART_GetDefaultConfig.str1.4
                0x00007578       0x22 ./drivers/fsl_lpuart.o
 *fill*         0x0000759a        0x2 ff
 .rodata.LPUART_WriteBlocking.str1.4
                0x0000759c       0x20 ./drivers/fsl_lpuart.o
 .rodata.DMA_DisableInterrupts.str1.4
                0x000075bc       0x46 ./drivers/fsl_lpuart_dma.o
 *fill*         0x00007602        0x2 ff
 .rodata.DMA_StartTransfer.str1.4
                0x00007604       0x1f ./drivers/fsl_lpuart_dma.o
 *fill*         0x00007623        0x1 ff
 .rodata.LPUART_TransferSendDMACallback.str1.4
                0x00007624       0x3d ./drivers/fsl_lpuart_dma.o
 *fill*         0x00007661        0x3 ff
 .rodata.LPUART_TransferReceiveDMACallback.str1.4
                0x00007664       0x3d ./drivers/fsl_lpuart_dma.o
 *fill*         0x000076a1        0x3 ff
 .rodata.LPUART_TransferCreateHandleDMA.str1.4
                0x000076a4       0x1e ./drivers/fsl_lpuart_dma.o
 *fill*         0x000076c2        0x2 ff
 .rodata.LPUART_TransferSendDMA.str1.4
                0x000076c4       0xb2 ./drivers/fsl_lpuart_dma.o
 *fill*         0x00007776        0x2 ff
 .rodata.SPI0_DriverIRQHandler.str1.4
                0x00007778       0x20 ./drivers/fsl_spi.o
 .rodata.SPI1_DriverIRQHandler.str1.4
                0x00007798       0x20 ./drivers/fsl_spi.o
 .rodata.s_LpuartAdapterBase
                0x000077b8        0x8 ./component/uart/lpuart_adapter.o
 .rodata.HAL_UartInit.str1.4
                0x000077c0       0xdd ./component/uart/lpuart_adapter.o
 *fill*         0x0000789d        0x3 ff
 .rodata.HAL_UartSendBlocking.str1.4
                0x000078a0       0x5a ./component/uart/lpuart_adapter.o
 *fill*         0x000078fa        0x2 ff
 .rodata.SerialManager_Write.str1.4
                0x000078fc       0x82 ./component/serial_manager/serial_manager.o
 *fill*         0x0000797e        0x2 ff
 .rodata.SerialManager_Init.str1.4
                0x00007980       0x44 ./component/serial_manager/serial_manager.o
 .rodata.SerialManager_OpenWriteHandle.str1.4
                0x000079c4       0x4c ./component/serial_manager/serial_manager.o
 .rodata.SerialManager_OpenReadHandle.str1.4
                0x00007a10       0x4b ./component/serial_manager/serial_manager.o
 *fill*         0x00007a5b        0x1 ff
 .rodata.Serial_UartInit.str1.4
                0x00007a5c       0x4e ./component/serial_manager/serial_port_uart.o
 *fill*         0x00007aaa        0x2 ff
 .rodata.Serial_UartWrite.str1.4
                0x00007aac       0x68 ./component/serial_manager/serial_port_uart.o
 .rodata.mcgliteConfig_BOARD_BootClockRUN
                0x00007b14        0x6 ./board/clock_config.o
                0x00007b14                mcgliteConfig_BOARD_BootClockRUN
 *fill*         0x00007b1a        0x2 ff
 .rodata.simConfig_BOARD_BootClockRUN
                0x00007b1c        0x8 ./board/clock_config.o
                0x00007b1c                simConfig_BOARD_BootClockRUN
 .rodata.oscConfig_BOARD_BootClockRUN
                0x00007b24        0x8 ./board/clock_config.o
                0x00007b24                oscConfig_BOARD_BootClockRUN
 .rodata.PORT_SetPinConfig.str1.4
                0x00007b2c       0x47 ./board/pin_mux.o
 .rodata.__num_Ciob_streams
                0x00007b2c        0x4 c:/nxp/mcuxpressoide_11.5.1_7266/ide/plugins/com.nxp.mcuxpresso.tools.win32_11.5.1.202201181444/tools/bin/../lib/gcc/arm-none-eabi/10.3.1/../../../../arm-none-eabi/lib/thumb/v6-m/nofp\libcr_nohost_nf.a(__ciob.o)
                0x00007b2c                __num_Ciob_streams
 .rodata.__assertion_failed.str1.1
                0x00007b30       0x15 c:/nxp/mcuxpressoide_11.5.1_7266/ide/plugins/com.nxp.mcuxpresso.tools.win32_11.5.1.202201181444/tools/bin/../lib/gcc/arm-none-eabi/10.3.1/../../../../arm-none-eabi/lib/thumb/v6-m/nofp\libcr_nohost_nf.a(_cr_assert.o)
 .rodata._Csys_alloc.str1.1
                0x00007b45       0x18 c:/nxp/mcuxpressoide_11.5.1_7266/ide/plugins/com.nxp.mcuxpresso.tools.win32_11.5.1.202201181444/tools/bin/../lib/gcc/arm-none-eabi/10.3.1/../../../../arm-none-eabi/lib/thumb/v6-m/nofp\libcr_c.a(alloc.o)
 .rodata._initio.str1.1
                0x00007b5d        0x4 c:/nxp/mcuxpressoide_11.5.1_7266/ide/plugins/com.nxp.mcuxpresso.tools.win32_11.5.1.202201181444/tools/bin/../lib/gcc/arm-none-eabi/10.3.1/../../../../arm-none-eabi/lib/thumb/v6-m/nofp\libcr_c.a(initio.o)
 .rodata.__vfprintf.str1.1
                0x00007b61       0x35 c:/nxp/mcuxpressoide_11.5.1_7266/ide/plugins/com.nxp.mcuxpresso.tools.win32_11.5.1.202201181444/tools/bin/../lib/gcc/arm-none-eabi/10.3.1/../../../../arm-none-eabi/lib/thumb/v6-m/nofp\libcr_c.a(printf.o)
                                 0x38 (size before relaxing)
                0x00007b98                . = ALIGN (0x4)
 *fill*         0x00007b96        0x2 ff
                0x00007b98                _etext = .

.glue_7         0x00007b98        0x0
 .glue_7        0x00007b98        0x0 linker stubs

.glue_7t        0x00007b98        0x0
 .glue_7t       0x00007b98        0x0 linker stubs

.vfp11_veneer   0x00007b98        0x0
 .vfp11_veneer  0x00007b98        0x0 linker stubs

.v4_bx          0x00007b98        0x0
 .v4_bx         0x00007b98        0x0 linker stubs

.iplt           0x00007b98        0x0
 .iplt          0x00007b98        0x0 ./utilities/fsl_debug_console.o

.rel.dyn        0x00007b98        0x0
 .rel.iplt      0x00007b98        0x0 ./utilities/fsl_debug_console.o

.m_usb_data
 *(SORT_BY_ALIGNMENT(m_usb_bdt))

.mtb_buffer_default
                0x1fffe000       0x80
 *(SORT_BY_ALIGNMENT(.mtb*))
 .mtb.$RAM1     0x1fffe000       0x80 ./source/mtb.o
                0x1fffe000                __mtb_buffer__

.uninit_RESERVED
                0x1fffe080        0x0
                0x1fffe080                _start_uninit_RESERVED = .
 *(SORT_BY_ALIGNMENT(.bss.$RESERVED*))
                0x1fffe080                . = ALIGN (0x4)
                0x1fffe080                _end_uninit_RESERVED = .

.data           0x1fffe080        0x4 load address 0x00007b98
 FILL mask 0xff
                0x1fffe080                _data = .
                [!provide]                PROVIDE (__start_data_RAM = .)
                [!provide]                PROVIDE (__start_data_SRAM = .)
 *(SORT_BY_ALIGNMENT(vtable))
 *(SORT_BY_ALIGNMENT(.ramfunc*))
 *(SORT_BY_ALIGNMENT(CodeQuickAccess))
 *(SORT_BY_ALIGNMENT(DataQuickAccess))
 *(SORT_BY_ALIGNMENT(RamFunction))
 *(SORT_BY_ALIGNMENT(.data*))
 .data.SystemCoreClock
                0x1fffe080        0x4 ./device/system_MKL43Z4.o
                0x1fffe080                SystemCoreClock
                0x1fffe084                . = ALIGN (0x4)
                0x1fffe084                _edata = .
                [!provide]                PROVIDE (__end_data_RAM = .)
                [!provide]                PROVIDE (__end_data_SRAM = .)

.igot.plt       0x1fffe084        0x0 load address 0x00007b9c
 .igot.plt      0x1fffe084        0x0 ./utilities/fsl_debug_console.o

.bss            0x1fffe084      0x1ac
                0x1fffe084                _bss = .
                [!provide]                PROVIDE (__start_bss_RAM = .)
                [!provide]                PROVIDE (__start_bss_SRAM = .)
 *(SORT_BY_ALIGNMENT(.bss*))
 .bss.s_debugConsoleState
                0x1fffe084       0x1c ./utilities/fsl_debug_console.o
 .bss.g_serialHandle
                0x1fffe0a0        0x4 ./utilities/fsl_debug_console.o
                0x1fffe0a0                g_serialHandle
 .bss.i.0       0x1fffe0a4        0x4 ./source/TP3.o
 .bss.buffer.0  0x1fffe0a8       0x12 ./source/request_manager.o
 *fill*         0x1fffe0ba        0x2 
 .bss.txBuffer_dma
                0x1fffe0bc       0x20 ./source/rs485_drv.o
 .bss.LPUARTDmaHandle
                0x1fffe0dc       0x1c ./source/rs485_drv.o
 .bss.LPUARTTxDmaHandle
                0x1fffe0f8       0x10 ./source/rs485_drv.o
 .bss.pRingBufferRx
                0x1fffe108        0x4 ./source/rs485_drv.o
 .bss.pRingBufferRx
                0x1fffe10c        0x4 ./source/uart0_drv.o
 .bss.g_xtal0Freq
                0x1fffe110        0x4 ./drivers/fsl_clock.o
                0x1fffe110                g_xtal0Freq
 .bss.g_xtal32Freq
                0x1fffe114        0x4 ./drivers/fsl_clock.o
                0x1fffe114                g_xtal32Freq
 .bss.s_DMAHandle
                0x1fffe118       0x10 ./drivers/fsl_dma.o
 .bss.s_i2cHandle
                0x1fffe128        0x8 ./drivers/fsl_i2c.o
 .bss.s_i2cMasterIsr
                0x1fffe130        0x4 ./drivers/fsl_i2c.o
 .bss.s_i2cSlaveIsr
                0x1fffe134        0x4 ./drivers/fsl_i2c.o
 .bss.s_lpuartHandle
                0x1fffe138        0x8 ./drivers/fsl_lpuart.o
 .bss.s_lpuartIsr
                0x1fffe140        0x4 ./drivers/fsl_lpuart.o
 .bss.s_dmaPrivateHandle
                0x1fffe144       0x10 ./drivers/fsl_lpuart_dma.o
 .bss.s_spiHandle
                0x1fffe154        0x8 ./drivers/fsl_spi.o
 .bss.s_spiMasterIsr
                0x1fffe15c        0x4 ./drivers/fsl_spi.o
 .bss.s_spiSlaveIsr
                0x1fffe160        0x4 ./drivers/fsl_spi.o
 .bss.__Ciob    0x1fffe164       0xb4 c:/nxp/mcuxpressoide_11.5.1_7266/ide/plugins/com.nxp.mcuxpresso.tools.win32_11.5.1.202201181444/tools/bin/../lib/gcc/arm-none-eabi/10.3.1/../../../../arm-none-eabi/lib/thumb/v6-m/nofp\libcr_nohost_nf.a(__ciob.o)
                0x1fffe164                __Ciob
 .bss.__end_of_heap
                0x1fffe218        0x4 c:/nxp/mcuxpressoide_11.5.1_7266/ide/plugins/com.nxp.mcuxpresso.tools.win32_11.5.1.202201181444/tools/bin/../lib/gcc/arm-none-eabi/10.3.1/../../../../arm-none-eabi/lib/thumb/v6-m/nofp\libcr_c.a(__init_alloc.o)
                0x1fffe218                __end_of_heap
 .bss.__heaps   0x1fffe21c        0x4 c:/nxp/mcuxpressoide_11.5.1_7266/ide/plugins/com.nxp.mcuxpresso.tools.win32_11.5.1.202201181444/tools/bin/../lib/gcc/arm-none-eabi/10.3.1/../../../../arm-none-eabi/lib/thumb/v6-m/nofp\libcr_c.a(__init_alloc.o)
                0x1fffe21c                __heaps
 .bss.errno     0x1fffe220        0x4 c:/nxp/mcuxpressoide_11.5.1_7266/ide/plugins/com.nxp.mcuxpresso.tools.win32_11.5.1.202201181444/tools/bin/../lib/gcc/arm-none-eabi/10.3.1/../../../../arm-none-eabi/lib/thumb/v6-m/nofp\libcr_c.a(errno.o)
                0x1fffe220                errno
 .bss.readX     0x1fffe224        0x2 ./source/mma8451.o
 .bss.readY     0x1fffe226        0x2 ./source/mma8451.o
 .bss.readZ     0x1fffe228        0x2 ./source/mma8451.o
 .bss.sw1_state.2
                0x1fffe22a        0x1 ./source/TP3.o
 .bss.sw3_state.1
                0x1fffe22b        0x1 ./source/TP3.o
 .bss.inited    0x1fffe22c        0x1 ./source/mma8451.o
 .bss.is_falling
                0x1fffe22d        0x1 ./source/mma8451.o
 .bss.buffer_index.1
                0x1fffe22e        0x1 ./source/request_manager.o
 .bss.tx485OnGoing
                0x1fffe22f        0x1 ./source/rs485_drv.o
                0x1fffe22f                tx485OnGoing
 *(SORT_BY_ALIGNMENT(COMMON))
                0x1fffe230                . = ALIGN (0x4)
                0x1fffe230                _ebss = .
                [!provide]                PROVIDE (__end_bss_RAM = .)
                [!provide]                PROVIDE (__end_bss_SRAM = .)
                [!provide]                PROVIDE (end = .)

.noinit         0x1fffe230        0x0
                0x1fffe230                _noinit = .
                [!provide]                PROVIDE (__start_noinit_RAM = .)
                [!provide]                PROVIDE (__start_noinit_SRAM = .)
 *(SORT_BY_ALIGNMENT(.noinit*))
                0x1fffe230                . = ALIGN (0x4)
                0x1fffe230                _end_noinit = .
                [!provide]                PROVIDE (__end_noinit_RAM = .)
                [!provide]                PROVIDE (__end_noinit_SRAM = .)

.ARM.extab
 *(SORT_BY_ALIGNMENT(.ARM.extab*) SORT_BY_ALIGNMENT(.gnu.linkonce.armextab.*))

.ARM.exidx      0x00007b9c        0x0
                0x00007b9c                __exidx_start = .
 *(SORT_BY_ALIGNMENT(.ARM.exidx*) SORT_BY_ALIGNMENT(.gnu.linkonce.armexidx.*))
                0x00007b9c                __exidx_end = .
                0x00000800                _HeapSize = 0x800

.heap           0x1fffe230      0x800
                0x1fffe230                _pvHeapStart = .
                0x1fffea30                . = (. + _HeapSize)
 *fill*         0x1fffe230      0x800 
                0x1fffea30                . = ALIGN (0x4)
                0x1fffea30                _pvHeapLimit = .
                0x00000800                _StackSize = 0x800

.heap2stackfill
                0x1fffea30      0x800
                0x1ffff230                . = (. + _StackSize)
 *fill*         0x1fffea30      0x800 

.stack          0x20005800        0x0
                0x20005800                _vStackBase = .
                0x20005800                . = ALIGN (0x4)
                0x20006000                _vStackTop = (. + _StackSize)
                0x00000000                _image_start = LOADADDR (.text)
                0x00007b9c                _image_end = (LOADADDR (.data) + SIZEOF (.data))
                0x00007b9c                _image_size = (_image_end - _image_start)
OUTPUT(TP2_SEA.axf elf32-littlearm)
LOAD linker stubs

.debug_info     0x00000000    0x136b3
 .debug_info    0x00000000      0xa3b ./utilities/fsl_debug_console.o
 .debug_info    0x00000a3b      0xa8d ./utilities/fsl_str.o
 .debug_info    0x000014c8      0x4df ./startup/startup_mkl43z4.o
 .debug_info    0x000019a7      0x537 ./source/ADC0.o
 .debug_info    0x00001ede      0x7df ./source/SD2_I2C.o
 .debug_info    0x000026bd      0xa30 ./source/SD2_board.o
 .debug_info    0x000030ed      0x593 ./source/TP3.o
 .debug_info    0x00003680     0x1474 ./source/mma8451.o
 .debug_info    0x00004af4       0x53 ./source/mtb.o
 .debug_info    0x00004b47      0x2ca ./source/request_manager.o
 .debug_info    0x00004e11      0x2b0 ./source/ringBuffer.o
 .debug_info    0x000050c1     0x1546 ./source/rs485_drv.o
 .debug_info    0x00006607       0x3c ./source/semihost_hardfault.o
 .debug_info    0x00006643     0x1437 ./source/uart0_drv.o
 .debug_info    0x00007a7a     0x1308 ./drivers/fsl_clock.o
 .debug_info    0x00008d82     0x1020 ./drivers/fsl_dma.o
 .debug_info    0x00009da2      0x5bb ./drivers/fsl_dmamux.o
 .debug_info    0x0000a35d      0x868 ./drivers/fsl_gpio.o
 .debug_info    0x0000abc5     0x1c4f ./drivers/fsl_i2c.o
 .debug_info    0x0000c814     0x1780 ./drivers/fsl_lpuart.o
 .debug_info    0x0000df94      0xd02 ./drivers/fsl_lpuart_dma.o
 .debug_info    0x0000ec96     0x17f3 ./drivers/fsl_spi.o
 .debug_info    0x00010489      0x45d ./device/system_MKL43Z4.o
 .debug_info    0x000108e6      0x8dd ./component/uart/lpuart_adapter.o
 .debug_info    0x000111c3      0x85a ./component/serial_manager/serial_manager.o
 .debug_info    0x00011a1d      0x503 ./component/serial_manager/serial_port_uart.o
 .debug_info    0x00011f20      0x395 ./board/board.o
 .debug_info    0x000122b5      0xafc ./board/clock_config.o
 .debug_info    0x00012db1      0x902 ./board/pin_mux.o

.debug_abbrev   0x00000000     0x39f9
 .debug_abbrev  0x00000000      0x1ec ./utilities/fsl_debug_console.o
 .debug_abbrev  0x000001ec      0x214 ./utilities/fsl_str.o
 .debug_abbrev  0x00000400      0x1b8 ./startup/startup_mkl43z4.o
 .debug_abbrev  0x000005b8      0x168 ./source/ADC0.o
 .debug_abbrev  0x00000720      0x1ff ./source/SD2_I2C.o
 .debug_abbrev  0x0000091f      0x26c ./source/SD2_board.o
 .debug_abbrev  0x00000b8b      0x1cd ./source/TP3.o
 .debug_abbrev  0x00000d58      0x30d ./source/mma8451.o
 .debug_abbrev  0x00001065       0x46 ./source/mtb.o
 .debug_abbrev  0x000010ab       0xf4 ./source/request_manager.o
 .debug_abbrev  0x0000119f       0xf5 ./source/ringBuffer.o
 .debug_abbrev  0x00001294      0x358 ./source/rs485_drv.o
 .debug_abbrev  0x000015ec       0x31 ./source/semihost_hardfault.o
 .debug_abbrev  0x0000161d      0x2d5 ./source/uart0_drv.o
 .debug_abbrev  0x000018f2      0x2b0 ./drivers/fsl_clock.o
 .debug_abbrev  0x00001ba2      0x2cf ./drivers/fsl_dma.o
 .debug_abbrev  0x00001e71      0x17e ./drivers/fsl_dmamux.o
 .debug_abbrev  0x00001fef      0x20d ./drivers/fsl_gpio.o
 .debug_abbrev  0x000021fc      0x35a ./drivers/fsl_i2c.o
 .debug_abbrev  0x00002556      0x2fe ./drivers/fsl_lpuart.o
 .debug_abbrev  0x00002854      0x2a6 ./drivers/fsl_lpuart_dma.o
 .debug_abbrev  0x00002afa      0x36e ./drivers/fsl_spi.o
 .debug_abbrev  0x00002e68      0x148 ./device/system_MKL43Z4.o
 .debug_abbrev  0x00002fb0      0x1af ./component/uart/lpuart_adapter.o
 .debug_abbrev  0x0000315f      0x205 ./component/serial_manager/serial_manager.o
 .debug_abbrev  0x00003364      0x127 ./component/serial_manager/serial_port_uart.o
 .debug_abbrev  0x0000348b      0x119 ./board/board.o
 .debug_abbrev  0x000035a4      0x1ce ./board/clock_config.o
 .debug_abbrev  0x00003772      0x287 ./board/pin_mux.o

.debug_aranges  0x00000000      0xf90
 .debug_aranges
                0x00000000       0x88 ./utilities/fsl_debug_console.o
 .debug_aranges
                0x00000088       0xb0 ./utilities/fsl_str.o
 .debug_aranges
                0x00000138      0x160 ./startup/startup_mkl43z4.o
 .debug_aranges
                0x00000298       0x38 ./source/ADC0.o
 .debug_aranges
                0x000002d0       0x50 ./source/SD2_I2C.o
 .debug_aranges
                0x00000320       0x60 ./source/SD2_board.o
 .debug_aranges
                0x00000380       0x38 ./source/TP3.o
 .debug_aranges
                0x000003b8       0xa8 ./source/mma8451.o
 .debug_aranges
                0x00000460       0x18 ./source/mtb.o
 .debug_aranges
                0x00000478       0x48 ./source/request_manager.o
 .debug_aranges
                0x000004c0       0x50 ./source/ringBuffer.o
 .debug_aranges
                0x00000510       0xa0 ./source/rs485_drv.o
 .debug_aranges
                0x000005b0       0x20 ./source/semihost_hardfault.o
 .debug_aranges
                0x000005d0       0x80 ./source/uart0_drv.o
 .debug_aranges
                0x00000650       0xd0 ./drivers/fsl_clock.o
 .debug_aranges
                0x00000720       0xd0 ./drivers/fsl_dma.o
 .debug_aranges
                0x000007f0       0x40 ./drivers/fsl_dmamux.o
 .debug_aranges
                0x00000830       0x68 ./drivers/fsl_gpio.o
 .debug_aranges
                0x00000898      0x178 ./drivers/fsl_i2c.o
 .debug_aranges
                0x00000a10      0x120 ./drivers/fsl_lpuart.o
 .debug_aranges
                0x00000b30       0x98 ./drivers/fsl_lpuart_dma.o
 .debug_aranges
                0x00000bc8      0x148 ./drivers/fsl_spi.o
 .debug_aranges
                0x00000d10       0x30 ./device/system_MKL43Z4.o
 .debug_aranges
                0x00000d40       0x50 ./component/uart/lpuart_adapter.o
 .debug_aranges
                0x00000d90       0x98 ./component/serial_manager/serial_manager.o
 .debug_aranges
                0x00000e28       0x48 ./component/serial_manager/serial_port_uart.o
 .debug_aranges
                0x00000e70       0x28 ./board/board.o
 .debug_aranges
                0x00000e98       0x80 ./board/clock_config.o
 .debug_aranges
                0x00000f18       0x78 ./board/pin_mux.o

.debug_ranges   0x00000000      0xdb8
 .debug_ranges  0x00000000       0x78 ./utilities/fsl_debug_console.o
 .debug_ranges  0x00000078       0xa0 ./utilities/fsl_str.o
 .debug_ranges  0x00000118      0x150 ./startup/startup_mkl43z4.o
 .debug_ranges  0x00000268       0x28 ./source/ADC0.o
 .debug_ranges  0x00000290       0x40 ./source/SD2_I2C.o
 .debug_ranges  0x000002d0       0x50 ./source/SD2_board.o
 .debug_ranges  0x00000320       0x28 ./source/TP3.o
 .debug_ranges  0x00000348       0x98 ./source/mma8451.o
 .debug_ranges  0x000003e0       0x38 ./source/request_manager.o
 .debug_ranges  0x00000418       0x40 ./source/ringBuffer.o
 .debug_ranges  0x00000458       0x90 ./source/rs485_drv.o
 .debug_ranges  0x000004e8       0x10 ./source/semihost_hardfault.o
 .debug_ranges  0x000004f8       0x70 ./source/uart0_drv.o
 .debug_ranges  0x00000568       0xc0 ./drivers/fsl_clock.o
 .debug_ranges  0x00000628       0xc0 ./drivers/fsl_dma.o
 .debug_ranges  0x000006e8       0x30 ./drivers/fsl_dmamux.o
 .debug_ranges  0x00000718       0x58 ./drivers/fsl_gpio.o
 .debug_ranges  0x00000770      0x168 ./drivers/fsl_i2c.o
 .debug_ranges  0x000008d8      0x110 ./drivers/fsl_lpuart.o
 .debug_ranges  0x000009e8       0x88 ./drivers/fsl_lpuart_dma.o
 .debug_ranges  0x00000a70      0x138 ./drivers/fsl_spi.o
 .debug_ranges  0x00000ba8       0x20 ./device/system_MKL43Z4.o
 .debug_ranges  0x00000bc8       0x40 ./component/uart/lpuart_adapter.o
 .debug_ranges  0x00000c08       0x88 ./component/serial_manager/serial_manager.o
 .debug_ranges  0x00000c90       0x38 ./component/serial_manager/serial_port_uart.o
 .debug_ranges  0x00000cc8       0x18 ./board/board.o
 .debug_ranges  0x00000ce0       0x70 ./board/clock_config.o
 .debug_ranges  0x00000d50       0x68 ./board/pin_mux.o

.debug_macro    0x00000000     0xe30d
 .debug_macro   0x00000000      0x18f ./utilities/fsl_debug_console.o
 .debug_macro   0x0000018f      0xa8a ./utilities/fsl_debug_console.o
 .debug_macro   0x00000c19       0x10 ./utilities/fsl_debug_console.o
 .debug_macro   0x00000c29       0x16 ./utilities/fsl_debug_console.o
 .debug_macro   0x00000c3f       0x10 ./utilities/fsl_debug_console.o
 .debug_macro   0x00000c4f      0x12e ./utilities/fsl_debug_console.o
 .debug_macro   0x00000d7d       0x28 ./utilities/fsl_debug_console.o
 .debug_macro   0x00000da5       0x16 ./utilities/fsl_debug_console.o
 .debug_macro   0x00000dbb       0x22 ./utilities/fsl_debug_console.o
 .debug_macro   0x00000ddd      0x5b3 ./utilities/fsl_debug_console.o
 .debug_macro   0x00001390       0x10 ./utilities/fsl_debug_console.o
 .debug_macro   0x000013a0       0x3f ./utilities/fsl_debug_console.o
 .debug_macro   0x000013df       0x1c ./utilities/fsl_debug_console.o
 .debug_macro   0x000013fb       0x22 ./utilities/fsl_debug_console.o
 .debug_macro   0x0000141d       0xd1 ./utilities/fsl_debug_console.o
 .debug_macro   0x000014ee      0x3ad ./utilities/fsl_debug_console.o
 .debug_macro   0x0000189b       0x3a ./utilities/fsl_debug_console.o
 .debug_macro   0x000018d5     0x8f6f ./utilities/fsl_debug_console.o
 .debug_macro   0x0000a844     0x11d7 ./utilities/fsl_debug_console.o
 .debug_macro   0x0000ba1b       0xd7 ./utilities/fsl_debug_console.o
 .debug_macro   0x0000baf2       0xfb ./utilities/fsl_debug_console.o
 .debug_macro   0x0000bbed       0x50 ./utilities/fsl_debug_console.o
 .debug_macro   0x0000bc3d       0x2e ./utilities/fsl_debug_console.o
 .debug_macro   0x0000bc6b       0x2e ./utilities/fsl_debug_console.o
 .debug_macro   0x0000bc99       0x47 ./utilities/fsl_debug_console.o
 .debug_macro   0x0000bce0       0x34 ./utilities/fsl_debug_console.o
 .debug_macro   0x0000bd14      0x118 ./utilities/fsl_str.o
 .debug_macro   0x0000be2c       0xc4 ./utilities/fsl_str.o
 .debug_macro   0x0000bef0       0x1c ./utilities/fsl_str.o
 .debug_macro   0x0000bf0c       0x56 ./utilities/fsl_str.o
 .debug_macro   0x0000bf62       0x29 ./startup/startup_mkl43z4.o
 .debug_macro   0x0000bf8b       0x8e ./source/ADC0.o
 .debug_macro   0x0000c019       0x22 ./source/ADC0.o
 .debug_macro   0x0000c03b      0x168 ./source/SD2_I2C.o
 .debug_macro   0x0000c1a3       0x10 ./source/SD2_I2C.o
 .debug_macro   0x0000c1b3       0x22 ./source/SD2_I2C.o
 .debug_macro   0x0000c1d5       0x10 ./source/SD2_I2C.o
 .debug_macro   0x0000c1e5       0x22 ./source/SD2_I2C.o
 .debug_macro   0x0000c207       0x16 ./source/SD2_I2C.o
 .debug_macro   0x0000c21d      0x193 ./source/SD2_I2C.o
 .debug_macro   0x0000c3b0      0x141 ./source/SD2_board.o
 .debug_macro   0x0000c4f1       0x1c ./source/SD2_board.o
 .debug_macro   0x0000c50d      0x1c4 ./source/TP3.o
 .debug_macro   0x0000c6d1       0xd8 ./source/TP3.o
 .debug_macro   0x0000c7a9       0x10 ./source/TP3.o
 .debug_macro   0x0000c7b9       0x16 ./source/TP3.o
 .debug_macro   0x0000c7cf       0x1c ./source/TP3.o
 .debug_macro   0x0000c7eb      0x1b5 ./source/TP3.o
 .debug_macro   0x0000c9a0       0x2e ./source/TP3.o
 .debug_macro   0x0000c9ce      0x1be ./source/mma8451.o
 .debug_macro   0x0000cb8c       0x1c ./source/mma8451.o
 .debug_macro   0x0000cba8       0x2f ./source/mtb.o
 .debug_macro   0x0000cbd7       0x82 ./source/mtb.o
 .debug_macro   0x0000cc59       0x10 ./source/mtb.o
 .debug_macro   0x0000cc69      0x175 ./source/request_manager.o
 .debug_macro   0x0000cdde       0xd2 ./source/request_manager.o
 .debug_macro   0x0000ceb0       0x62 ./source/ringBuffer.o
 .debug_macro   0x0000cf12      0x1b8 ./source/rs485_drv.o
 .debug_macro   0x0000d0ca       0x10 ./source/rs485_drv.o
 .debug_macro   0x0000d0da       0x10 ./source/rs485_drv.o
 .debug_macro   0x0000d0ea       0x11 ./source/semihost_hardfault.o
 .debug_macro   0x0000d0fb      0x1ac ./source/uart0_drv.o
 .debug_macro   0x0000d2a7      0x12f ./drivers/fsl_clock.o
 .debug_macro   0x0000d3d6       0x1c ./drivers/fsl_clock.o
 .debug_macro   0x0000d3f2      0x103 ./drivers/fsl_dma.o
 .debug_macro   0x0000d4f5      0x103 ./drivers/fsl_dmamux.o
 .debug_macro   0x0000d5f8      0x102 ./drivers/fsl_gpio.o
 .debug_macro   0x0000d6fa       0x10 ./drivers/fsl_gpio.o
 .debug_macro   0x0000d70a      0x102 ./drivers/fsl_i2c.o
 .debug_macro   0x0000d80c      0x102 ./drivers/fsl_lpuart.o
 .debug_macro   0x0000d90e      0x121 ./drivers/fsl_lpuart_dma.o
 .debug_macro   0x0000da2f      0x102 ./drivers/fsl_spi.o
 .debug_macro   0x0000db31       0x16 ./drivers/fsl_spi.o
 .debug_macro   0x0000db47       0x97 ./device/system_MKL43Z4.o
 .debug_macro   0x0000dbde       0xff ./component/uart/lpuart_adapter.o
 .debug_macro   0x0000dcdd       0x16 ./component/uart/lpuart_adapter.o
 .debug_macro   0x0000dcf3       0x2e ./component/uart/lpuart_adapter.o
 .debug_macro   0x0000dd21      0x136 ./component/serial_manager/serial_manager.o
 .debug_macro   0x0000de57      0x11e ./component/serial_manager/serial_port_uart.o
 .debug_macro   0x0000df75      0x150 ./board/board.o
 .debug_macro   0x0000e0c5      0x140 ./board/clock_config.o
 .debug_macro   0x0000e205      0x108 ./board/pin_mux.o

.debug_line     0x00000000     0xb73c
 .debug_line    0x00000000      0x754 ./utilities/fsl_debug_console.o
 .debug_line    0x00000754      0xa3c ./utilities/fsl_str.o
 .debug_line    0x00001190      0x1eb ./startup/startup_mkl43z4.o
 .debug_line    0x0000137b      0x30f ./source/ADC0.o
 .debug_line    0x0000168a      0x501 ./source/SD2_I2C.o
 .debug_line    0x00001b8b      0x51d ./source/SD2_board.o
 .debug_line    0x000020a8      0x5e3 ./source/TP3.o
 .debug_line    0x0000268b      0x800 ./source/mma8451.o
 .debug_line    0x00002e8b       0xd1 ./source/mtb.o
 .debug_line    0x00002f5c      0x4d1 ./source/request_manager.o
 .debug_line    0x0000342d      0x2e0 ./source/ringBuffer.o
 .debug_line    0x0000370d      0x717 ./source/rs485_drv.o
 .debug_line    0x00003e24       0x59 ./source/semihost_hardfault.o
 .debug_line    0x00003e7d      0x63c ./source/uart0_drv.o
 .debug_line    0x000044b9      0x81e ./drivers/fsl_clock.o
 .debug_line    0x00004cd7      0x75b ./drivers/fsl_dma.o
 .debug_line    0x00005432      0x387 ./drivers/fsl_dmamux.o
 .debug_line    0x000057b9      0x4a8 ./drivers/fsl_gpio.o
 .debug_line    0x00005c61     0x13c5 ./drivers/fsl_i2c.o
 .debug_line    0x00007026      0xe21 ./drivers/fsl_lpuart.o
 .debug_line    0x00007e47      0x703 ./drivers/fsl_lpuart_dma.o
 .debug_line    0x0000854a      0xf24 ./drivers/fsl_spi.o
 .debug_line    0x0000946e      0x2ca ./device/system_MKL43Z4.o
 .debug_line    0x00009738      0x48a ./component/uart/lpuart_adapter.o
 .debug_line    0x00009bc2      0x71b ./component/serial_manager/serial_manager.o
 .debug_line    0x0000a2dd      0x4e1 ./component/serial_manager/serial_port_uart.o
 .debug_line    0x0000a7be      0x437 ./board/board.o
 .debug_line    0x0000abf5      0x4c0 ./board/clock_config.o
 .debug_line    0x0000b0b5      0x687 ./board/pin_mux.o

.debug_str      0x00000000    0x58e7e
 .debug_str     0x00000000    0x4fdec ./utilities/fsl_debug_console.o
                              0x50082 (size before relaxing)
 .debug_str     0x0004fdec      0x831 ./utilities/fsl_str.o
                              0x4f19e (size before relaxing)
 .debug_str     0x0005061d      0x3c1 ./startup/startup_mkl43z4.o
                               0x30d7 (size before relaxing)
 .debug_str     0x000509de      0x225 ./source/ADC0.o
                              0x471b2 (size before relaxing)
 .debug_str     0x00050c03      0xf6f ./source/SD2_I2C.o
                              0x4f6ca (size before relaxing)
 .debug_str     0x00051b72      0x283 ./source/SD2_board.o
                              0x4fd46 (size before relaxing)
 .debug_str     0x00051df5     0x10c1 ./source/TP3.o
                              0x505d5 (size before relaxing)
 .debug_str     0x00052eb6      0x83f ./source/mma8451.o
                              0x505d3 (size before relaxing)
 .debug_str     0x000536f5      0x532 ./source/mtb.o
                               0x31ea (size before relaxing)
 .debug_str     0x00053c27      0x22e ./source/request_manager.o
                              0x4ed8f (size before relaxing)
 .debug_str     0x00053e55       0xd7 ./source/ringBuffer.o
                               0x453b (size before relaxing)
 .debug_str     0x00053f2c     0x1191 ./source/rs485_drv.o
                              0x51d49 (size before relaxing)
 .debug_str     0x000550bd       0x1f ./source/semihost_hardfault.o
                               0x2cd7 (size before relaxing)
 .debug_str     0x000550dc       0xc0 ./source/uart0_drv.o
                              0x51bb2 (size before relaxing)
 .debug_str     0x0005519c      0xa7a ./drivers/fsl_clock.o
                              0x4fe3a (size before relaxing)
 .debug_str     0x00055c16      0x6d6 ./drivers/fsl_dma.o
                              0x4fb5b (size before relaxing)
 .debug_str     0x000562ec       0x90 ./drivers/fsl_dmamux.o
                              0x4f1c0 (size before relaxing)
 .debug_str     0x0005637c       0xe1 ./drivers/fsl_gpio.o
                              0x4f19a (size before relaxing)
 .debug_str     0x0005645d      0x949 ./drivers/fsl_i2c.o
                              0x500fd (size before relaxing)
 .debug_str     0x00056da6      0x579 ./drivers/fsl_lpuart.o
                              0x50227 (size before relaxing)
 .debug_str     0x0005731f      0x25e ./drivers/fsl_lpuart_dma.o
                              0x4f8c0 (size before relaxing)
 .debug_str     0x0005757d      0xa5b ./drivers/fsl_spi.o
                              0x4ff7a (size before relaxing)
 .debug_str     0x00057fd8       0x7c ./device/system_MKL43Z4.o
                              0x4da1f (size before relaxing)
 .debug_str     0x00058054      0x2f9 ./component/uart/lpuart_adapter.o
                              0x4f723 (size before relaxing)
 .debug_str     0x0005834d      0x3cf ./component/serial_manager/serial_manager.o
                              0x4f24b (size before relaxing)
 .debug_str     0x0005871c       0xed ./component/serial_manager/serial_port_uart.o
                              0x4f22e (size before relaxing)
 .debug_str     0x00058809       0x37 ./board/board.o
                              0x4fb78 (size before relaxing)
 .debug_str     0x00058840      0x4ed ./board/clock_config.o
                              0x4f8d3 (size before relaxing)
 .debug_str     0x00058d2d      0x151 ./board/pin_mux.o
                              0x4f4c9 (size before relaxing)

.comment        0x00000000       0x49
 .comment       0x00000000       0x49 ./utilities/fsl_debug_console.o
                                 0x4a (size before relaxing)
 .comment       0x00000049       0x4a ./utilities/fsl_str.o
 .comment       0x00000049       0x4a ./startup/startup_mkl43z4.o
 .comment       0x00000049       0x4a ./source/ADC0.o
 .comment       0x00000049       0x4a ./source/SD2_I2C.o
 .comment       0x00000049       0x4a ./source/SD2_board.o
 .comment       0x00000049       0x4a ./source/TP3.o
 .comment       0x00000049       0x4a ./source/mma8451.o
 .comment       0x00000049       0x4a ./source/mtb.o
 .comment       0x00000049       0x4a ./source/request_manager.o
 .comment       0x00000049       0x4a ./source/ringBuffer.o
 .comment       0x00000049       0x4a ./source/rs485_drv.o
 .comment       0x00000049       0x4a ./source/semihost_hardfault.o
 .comment       0x00000049       0x4a ./source/uart0_drv.o
 .comment       0x00000049       0x4a ./drivers/fsl_clock.o
 .comment       0x00000049       0x4a ./drivers/fsl_dma.o
 .comment       0x00000049       0x4a ./drivers/fsl_dmamux.o
 .comment       0x00000049       0x4a ./drivers/fsl_gpio.o
 .comment       0x00000049       0x4a ./drivers/fsl_i2c.o
 .comment       0x00000049       0x4a ./drivers/fsl_lpuart.o
 .comment       0x00000049       0x4a ./drivers/fsl_lpuart_dma.o
 .comment       0x00000049       0x4a ./drivers/fsl_spi.o
 .comment       0x00000049       0x4a ./device/system_MKL43Z4.o
 .comment       0x00000049       0x4a ./component/uart/lpuart_adapter.o
 .comment       0x00000049       0x4a ./component/serial_manager/serial_manager.o
 .comment       0x00000049       0x4a ./component/serial_manager/serial_port_uart.o
 .comment       0x00000049       0x4a ./board/board.o
 .comment       0x00000049       0x4a ./board/clock_config.o
 .comment       0x00000049       0x4a ./board/pin_mux.o
 .comment       0x00000049       0x4a c:/nxp/mcuxpressoide_11.5.1_7266/ide/plugins/com.nxp.mcuxpresso.tools.win32_11.5.1.202201181444/tools/bin/../lib/gcc/arm-none-eabi/10.3.1/../../../../arm-none-eabi/lib/thumb/v6-m/nofp\libcr_nohost_nf.a(_cr__main.o)
 .comment       0x00000049       0x4a c:/nxp/mcuxpressoide_11.5.1_7266/ide/plugins/com.nxp.mcuxpresso.tools.win32_11.5.1.202201181444/tools/bin/../lib/gcc/arm-none-eabi/10.3.1/../../../../arm-none-eabi/lib/thumb/v6-m/nofp\libcr_nohost_nf.a(_cr_assert.o)
 .comment       0x00000049       0x4a c:/nxp/mcuxpressoide_11.5.1_7266/ide/plugins/com.nxp.mcuxpresso.tools.win32_11.5.1.202201181444/tools/bin/../lib/gcc/arm-none-eabi/10.3.1/../../../../arm-none-eabi/lib/thumb/v6-m/nofp\libcr_nohost_nf.a(__ciob.o)
 .comment       0x00000049       0x4a c:/nxp/mcuxpressoide_11.5.1_7266/ide/plugins/com.nxp.mcuxpresso.tools.win32_11.5.1.202201181444/tools/bin/../lib/gcc/arm-none-eabi/10.3.1/../../../../arm-none-eabi/lib/thumb/v6-m/nofp\libcr_nohost_nf.a(__sys_appexit.o)
 .comment       0x00000049       0x4a c:/nxp/mcuxpressoide_11.5.1_7266/ide/plugins/com.nxp.mcuxpresso.tools.win32_11.5.1.202201181444/tools/bin/../lib/gcc/arm-none-eabi/10.3.1/../../../../arm-none-eabi/lib/thumb/v6-m/nofp\libcr_c.a(memcpy.o)
 .comment       0x00000049       0x4a c:/nxp/mcuxpressoide_11.5.1_7266/ide/plugins/com.nxp.mcuxpresso.tools.win32_11.5.1.202201181444/tools/bin/../lib/gcc/arm-none-eabi/10.3.1/../../../../arm-none-eabi/lib/thumb/v6-m/nofp\libcr_c.a(memset.o)
 .comment       0x00000049       0x4a c:/nxp/mcuxpressoide_11.5.1_7266/ide/plugins/com.nxp.mcuxpresso.tools.win32_11.5.1.202201181444/tools/bin/../lib/gcc/arm-none-eabi/10.3.1/../../../../arm-none-eabi/lib/thumb/v6-m/nofp\libcr_c.a(_deferredlazyseek.o)
 .comment       0x00000049       0x4a c:/nxp/mcuxpressoide_11.5.1_7266/ide/plugins/com.nxp.mcuxpresso.tools.win32_11.5.1.202201181444/tools/bin/../lib/gcc/arm-none-eabi/10.3.1/../../../../arm-none-eabi/lib/thumb/v6-m/nofp\libcr_c.a(_fflush.o)
 .comment       0x00000049       0x4a c:/nxp/mcuxpressoide_11.5.1_7266/ide/plugins/com.nxp.mcuxpresso.tools.win32_11.5.1.202201181444/tools/bin/../lib/gcc/arm-none-eabi/10.3.1/../../../../arm-none-eabi/lib/thumb/v6-m/nofp\libcr_c.a(_writebuf.o)
 .comment       0x00000049       0x4a c:/nxp/mcuxpressoide_11.5.1_7266/ide/plugins/com.nxp.mcuxpresso.tools.win32_11.5.1.202201181444/tools/bin/../lib/gcc/arm-none-eabi/10.3.1/../../../../arm-none-eabi/lib/thumb/v6-m/nofp\libcr_c.a(alloc.o)
 .comment       0x00000049       0x4a c:/nxp/mcuxpressoide_11.5.1_7266/ide/plugins/com.nxp.mcuxpresso.tools.win32_11.5.1.202201181444/tools/bin/../lib/gcc/arm-none-eabi/10.3.1/../../../../arm-none-eabi/lib/thumb/v6-m/nofp\libcr_c.a(fputs.o)
 .comment       0x00000049       0x4a c:/nxp/mcuxpressoide_11.5.1_7266/ide/plugins/com.nxp.mcuxpresso.tools.win32_11.5.1.202201181444/tools/bin/../lib/gcc/arm-none-eabi/10.3.1/../../../../arm-none-eabi/lib/thumb/v6-m/nofp\libcr_c.a(fseek.o)
 .comment       0x00000049       0x4a c:/nxp/mcuxpressoide_11.5.1_7266/ide/plugins/com.nxp.mcuxpresso.tools.win32_11.5.1.202201181444/tools/bin/../lib/gcc/arm-none-eabi/10.3.1/../../../../arm-none-eabi/lib/thumb/v6-m/nofp\libcr_c.a(ftell.o)
 .comment       0x00000049       0x4a c:/nxp/mcuxpressoide_11.5.1_7266/ide/plugins/com.nxp.mcuxpresso.tools.win32_11.5.1.202201181444/tools/bin/../lib/gcc/arm-none-eabi/10.3.1/../../../../arm-none-eabi/lib/thumb/v6-m/nofp\libcr_c.a(initio.o)
 .comment       0x00000049       0x4a c:/nxp/mcuxpressoide_11.5.1_7266/ide/plugins/com.nxp.mcuxpresso.tools.win32_11.5.1.202201181444/tools/bin/../lib/gcc/arm-none-eabi/10.3.1/../../../../arm-none-eabi/lib/thumb/v6-m/nofp\libcr_c.a(printf.o)
 .comment       0x00000049       0x4a c:/nxp/mcuxpressoide_11.5.1_7266/ide/plugins/com.nxp.mcuxpresso.tools.win32_11.5.1.202201181444/tools/bin/../lib/gcc/arm-none-eabi/10.3.1/../../../../arm-none-eabi/lib/thumb/v6-m/nofp\libcr_c.a(setvbuf.o)
 .comment       0x00000049       0x4a c:/nxp/mcuxpressoide_11.5.1_7266/ide/plugins/com.nxp.mcuxpresso.tools.win32_11.5.1.202201181444/tools/bin/../lib/gcc/arm-none-eabi/10.3.1/../../../../arm-none-eabi/lib/thumb/v6-m/nofp\libcr_c.a(strlen.o)
 .comment       0x00000049       0x4a c:/nxp/mcuxpressoide_11.5.1_7266/ide/plugins/com.nxp.mcuxpresso.tools.win32_11.5.1.202201181444/tools/bin/../lib/gcc/arm-none-eabi/10.3.1/../../../../arm-none-eabi/lib/thumb/v6-m/nofp\libcr_c.a(__init_alloc.o)
 .comment       0x00000049       0x4a c:/nxp/mcuxpressoide_11.5.1_7266/ide/plugins/com.nxp.mcuxpresso.tools.win32_11.5.1.202201181444/tools/bin/../lib/gcc/arm-none-eabi/10.3.1/../../../../arm-none-eabi/lib/thumb/v6-m/nofp\libcr_c.a(_cr_sbrk.o)
 .comment       0x00000049       0x4a c:/nxp/mcuxpressoide_11.5.1_7266/ide/plugins/com.nxp.mcuxpresso.tools.win32_11.5.1.202201181444/tools/bin/../lib/gcc/arm-none-eabi/10.3.1/../../../../arm-none-eabi/lib/thumb/v6-m/nofp\libcr_c.a(_fdopen.o)
 .comment       0x00000049       0x4a c:/nxp/mcuxpressoide_11.5.1_7266/ide/plugins/com.nxp.mcuxpresso.tools.win32_11.5.1.202201181444/tools/bin/../lib/gcc/arm-none-eabi/10.3.1/../../../../arm-none-eabi/lib/thumb/v6-m/nofp\libcr_c.a(errno.o)
 .comment       0x00000049       0x4a c:/nxp/mcuxpressoide_11.5.1_7266/ide/plugins/com.nxp.mcuxpresso.tools.win32_11.5.1.202201181444/tools/bin/../lib/gcc/arm-none-eabi/10.3.1/../../../../arm-none-eabi/lib/thumb/v6-m/nofp\libcr_c.a(fclose.o)
 .comment       0x00000049       0x4a c:/nxp/mcuxpressoide_11.5.1_7266/ide/plugins/com.nxp.mcuxpresso.tools.win32_11.5.1.202201181444/tools/bin/../lib/gcc/arm-none-eabi/10.3.1/../../../../arm-none-eabi/lib/thumb/v6-m/nofp\libcr_c.a(fflush.o)
 .comment       0x00000049       0x4a c:/nxp/mcuxpressoide_11.5.1_7266/ide/plugins/com.nxp.mcuxpresso.tools.win32_11.5.1.202201181444/tools/bin/../lib/gcc/arm-none-eabi/10.3.1/../../../../arm-none-eabi/lib/thumb/v6-m/nofp\libcr_c.a(remove.o)
 .comment       0x00000049       0x4a c:/nxp/mcuxpressoide_11.5.1_7266/ide/plugins/com.nxp.mcuxpresso.tools.win32_11.5.1.202201181444/tools/bin/../lib/gcc/arm-none-eabi/10.3.1/../../../../arm-none-eabi/lib/thumb/v6-m/nofp\libcr_c.a(_cr_check_heap.o)
 .comment       0x00000049       0x4a c:/nxp/mcuxpressoide_11.5.1_7266/ide/plugins/com.nxp.mcuxpresso.tools.win32_11.5.1.202201181444/tools/bin/../lib/gcc/arm-none-eabi/10.3.1/../../../../arm-none-eabi/lib/thumb/v6-m/nofp\libcr_c.a(_do_fflush.o)
 .comment       0x00000049       0x4a c:/nxp/mcuxpressoide_11.5.1_7266/ide/plugins/com.nxp.mcuxpresso.tools.win32_11.5.1.202201181444/tools/bin/../lib/gcc/arm-none-eabi/10.3.1/../../../../arm-none-eabi/lib/thumb/v6-m/nofp\libcr_nohost_nf.a(__sys_close.o)
 .comment       0x00000049       0x4a c:/nxp/mcuxpressoide_11.5.1_7266/ide/plugins/com.nxp.mcuxpresso.tools.win32_11.5.1.202201181444/tools/bin/../lib/gcc/arm-none-eabi/10.3.1/../../../../arm-none-eabi/lib/thumb/v6-m/nofp\libcr_nohost_nf.a(__sys_flen.o)
 .comment       0x00000049       0x4a c:/nxp/mcuxpressoide_11.5.1_7266/ide/plugins/com.nxp.mcuxpresso.tools.win32_11.5.1.202201181444/tools/bin/../lib/gcc/arm-none-eabi/10.3.1/../../../../arm-none-eabi/lib/thumb/v6-m/nofp\libcr_nohost_nf.a(__sys_istty.o)
 .comment       0x00000049       0x4a c:/nxp/mcuxpressoide_11.5.1_7266/ide/plugins/com.nxp.mcuxpresso.tools.win32_11.5.1.202201181444/tools/bin/../lib/gcc/arm-none-eabi/10.3.1/../../../../arm-none-eabi/lib/thumb/v6-m/nofp\libcr_nohost_nf.a(__sys_remove.o)
 .comment       0x00000049       0x4a c:/nxp/mcuxpressoide_11.5.1_7266/ide/plugins/com.nxp.mcuxpresso.tools.win32_11.5.1.202201181444/tools/bin/../lib/gcc/arm-none-eabi/10.3.1/../../../../arm-none-eabi/lib/thumb/v6-m/nofp\libcr_nohost_nf.a(__sys_seek.o)
 .comment       0x00000049       0x4a c:/nxp/mcuxpressoide_11.5.1_7266/ide/plugins/com.nxp.mcuxpresso.tools.win32_11.5.1.202201181444/tools/bin/../lib/gcc/arm-none-eabi/10.3.1/../../../../arm-none-eabi/lib/thumb/v6-m/nofp\libcr_nohost_nf.a(__sys_tmpnam.o)
 .comment       0x00000049       0x4a c:/nxp/mcuxpressoide_11.5.1_7266/ide/plugins/com.nxp.mcuxpresso.tools.win32_11.5.1.202201181444/tools/bin/../lib/gcc/arm-none-eabi/10.3.1/../../../../arm-none-eabi/lib/thumb/v6-m/nofp\libcr_nohost_nf.a(__sys_write.o)

.ARM.attributes
                0x00000000       0x2a
 .ARM.attributes
                0x00000000       0x2c ./utilities/fsl_debug_console.o
 .ARM.attributes
                0x0000002c       0x2c ./utilities/fsl_str.o
 .ARM.attributes
                0x00000058       0x2c ./startup/startup_mkl43z4.o
 .ARM.attributes
                0x00000084       0x2c ./source/ADC0.o
 .ARM.attributes
                0x000000b0       0x2c ./source/SD2_I2C.o
 .ARM.attributes
                0x000000dc       0x2c ./source/SD2_board.o
 .ARM.attributes
                0x00000108       0x2c ./source/TP3.o
 .ARM.attributes
                0x00000134       0x2c ./source/mma8451.o
 .ARM.attributes
                0x00000160       0x32 ./source/mtb.o
 .ARM.attributes
                0x00000192       0x2c ./source/request_manager.o
 .ARM.attributes
                0x000001be       0x2c ./source/ringBuffer.o
 .ARM.attributes
                0x000001ea       0x2c ./source/rs485_drv.o
 .ARM.attributes
                0x00000216       0x2c ./source/semihost_hardfault.o
 .ARM.attributes
                0x00000242       0x2c ./source/uart0_drv.o
 .ARM.attributes
                0x0000026e       0x2c ./drivers/fsl_clock.o
 .ARM.attributes
                0x0000029a       0x2c ./drivers/fsl_dma.o
 .ARM.attributes
                0x000002c6       0x2c ./drivers/fsl_dmamux.o
 .ARM.attributes
                0x000002f2       0x2c ./drivers/fsl_gpio.o
 .ARM.attributes
                0x0000031e       0x2c ./drivers/fsl_i2c.o
 .ARM.attributes
                0x0000034a       0x2c ./drivers/fsl_lpuart.o
 .ARM.attributes
                0x00000376       0x2c ./drivers/fsl_lpuart_dma.o
 .ARM.attributes
                0x000003a2       0x2c ./drivers/fsl_spi.o
 .ARM.attributes
                0x000003ce       0x2c ./device/system_MKL43Z4.o
 .ARM.attributes
                0x000003fa       0x2c ./component/uart/lpuart_adapter.o
 .ARM.attributes
                0x00000426       0x2c ./component/serial_manager/serial_manager.o
 .ARM.attributes
                0x00000452       0x2c ./component/serial_manager/serial_port_uart.o
 .ARM.attributes
                0x0000047e       0x2c ./board/board.o
 .ARM.attributes
                0x000004aa       0x2c ./board/clock_config.o
 .ARM.attributes
                0x000004d6       0x2c ./board/pin_mux.o
 .ARM.attributes
                0x00000502       0x2c c:/nxp/mcuxpressoide_11.5.1_7266/ide/plugins/com.nxp.mcuxpresso.tools.win32_11.5.1.202201181444/tools/bin/../lib/gcc/arm-none-eabi/10.3.1/../../../../arm-none-eabi/lib/thumb/v6-m/nofp\libcr_nohost_nf.a(_cr__main.o)
 .ARM.attributes
                0x0000052e       0x2c c:/nxp/mcuxpressoide_11.5.1_7266/ide/plugins/com.nxp.mcuxpresso.tools.win32_11.5.1.202201181444/tools/bin/../lib/gcc/arm-none-eabi/10.3.1/../../../../arm-none-eabi/lib/thumb/v6-m/nofp\libcr_nohost_nf.a(_cr_assert.o)
 .ARM.attributes